  S0     S1     E      O      M     CCS    YGC     YGCT    FGC    FGCT     GCT   
  0.00  57.81  89.99  33.55  95.45  94.34     39    1.662     1    0.322    1.985
 59.55   0.00  22.00  37.45  95.45  94.34     40    1.706     1    0.322    2.028
 59.55   0.00  76.00  37.45  95.45  94.34     40    1.706     1    0.322    2.028
  0.00  56.68  18.00  41.33  95.45  94.34     41    1.753     1    0.322    2.075
  0.00  56.68  68.00  41.33  95.45  94.34     41    1.753     1    0.322    2.075
 60.80   0.00   6.00  44.94  95.45  94.34     42    1.813     1    0.322    2.136
 60.80   0.00  48.00  44.94  95.45  94.34     42    1.813     1    0.322    2.136
 60.80   0.00  63.51  44.94  95.45  94.34     42    1.813     1    0.322    2.136
 60.80   0.00  90.63  44.94  95.45  94.34     43    1.813     1    0.322    2.136
  0.00  45.04  40.66  59.10  95.45  94.34     43    1.867     1    0.322    2.189
  0.00  45.04  88.29  59.10  95.45  94.34     43    1.867     1    0.322    2.189
 44.58   0.00  31.92  61.70  95.45  94.34     44    1.893     1    0.322    2.215
 44.58   0.00  83.66  61.70  95.45  94.34     44    1.893     1    0.322    2.215
  0.00  69.79  25.91  64.20  95.45  94.34     45    1.927     1    0.322    2.249
  0.00  69.79  75.75  64.20  95.45  94.34     45    1.927     1    0.322    2.249
 67.58   0.00  19.96  68.19  95.45  94.34     46    1.968     1    0.322    2.291
 67.58   0.00  68.19  68.19  95.45  94.34     46    1.968     1    0.322    2.291
  0.00  76.89   9.99  71.90  95.45  94.34     47    2.014     1    0.322    2.336
  0.00  76.89  59.92  71.90  95.45  94.34     47    2.014     1    0.322    2.336
 66.37   0.00   2.00  76.18  95.45  94.34     48    2.059     1    0.322    2.382
 66.37   0.00  53.95  76.18  95.45  94.34     48    2.059     1    0.322    2.382
 66.37   0.00  93.92  76.18  95.45  94.34     48    2.059     1    0.322    2.382
  0.00  66.45   9.99  79.88  95.45  94.34     49    2.165     1    0.322    2.487
  0.00  66.45  50.63  79.88  95.45  94.34     49    2.165     1    0.322    2.487
  0.00  66.45  84.61  79.88  95.45  94.34     49    2.165     1    0.322    2.487
100.00  66.45  97.44  82.71  95.45  94.34     50    2.165     1    0.322    2.487
100.00   0.00  57.39  86.92  95.48  94.34     50    2.239     1    0.322    2.561
100.00   0.00  91.13  86.92  95.48  94.34     50    2.239     1    0.322    2.561
  0.00  97.59  39.80  89.00  95.49  94.34     51    2.261     1    0.322    2.583
  0.00  97.59  93.54  89.00  95.49  94.34     51    2.261     1    0.322    2.583
 42.36   0.00  40.05  90.50  95.49  94.34     52    2.290     1    0.322    2.612
 42.36  29.54 100.00  92.64  95.49  94.34     53    2.290     1    0.322    2.612
  0.00  99.16   0.00  93.98  95.49  94.34     53    2.332     2    0.322    2.655
  0.00   0.00  43.91   8.94  95.49  94.34     53    2.332     2    0.610    2.942
  0.00   0.00  96.15   8.94  95.49  94.34     53    2.332     2    0.610    2.942
 51.33   0.00  43.94   8.94  95.49  94.34     54    2.360     2    0.610    2.970
 51.33   0.00  97.87   8.94  95.49  94.34     54    2.360     2    0.610    2.970
  0.00  46.36  41.96  13.00  95.49  94.34     55    2.401     2    0.610    3.011
  0.00  46.36  95.92  13.00  95.49  94.34     55    2.401     2    0.610    3.011
 48.04   0.00  37.98  16.49  95.49  94.34     56    2.451     2    0.610    3.061
 48.04   0.00  89.95  16.49  95.49  94.34     56    2.451     2    0.610    3.061
  0.00  50.20  28.68  19.97  95.49  94.34     57    2.500     2    0.610    3.110
  0.00  50.20  52.67  19.97  95.49  94.34     57    2.500     2    0.610    3.110
  0.00  50.20  80.78  19.97  95.49  94.34     57    2.500     2    0.610    3.110
 33.50   0.00  22.89  32.45  95.49  94.34     58    2.545     2    0.610    3.155
 33.50   0.00  68.54  32.45  95.49  94.34     58    2.545     2    0.610    3.155
  0.00  42.84  15.92  34.70  95.49  94.34     59    2.569     2    0.610    3.179
  0.00  42.84  67.66  34.70  95.49  94.34     59    2.569     2    0.610    3.179
 60.92   0.00   9.97  37.50  95.49  94.34     60    2.603     2    0.610    3.213
 60.92   0.00  61.80  37.50  95.49  94.34     60    2.603     2    0.610    3.213
  0.00  56.46   5.99  41.39  95.49  94.34     61    2.643     2    0.610    3.253
  0.00  56.46  57.88  41.39  95.49  94.34     61    2.643     2    0.610    3.253
 68.15   0.00   0.00  45.02  95.49  94.34     62    2.687     2    0.610    3.297
 68.15   0.00  51.93  45.02  95.49  94.34     62    2.687     2    0.610    3.297
  0.00  59.08   0.00  49.22  95.49  94.34     63    2.732     2    0.610    3.342
  0.00  59.08  45.96  49.22  95.49  94.34     63    2.732     2    0.610    3.342
 27.24  59.08 100.00  50.82  95.49  94.34     64    2.732     2    0.610    3.342
 63.62   0.00  45.97  52.85  95.49  94.34     64    2.792     2    0.610    3.402
 63.62   0.00  83.95  52.85  95.49  94.34     64    2.792     2    0.610    3.402
 63.62 100.00  97.07  57.32  95.49  94.34     65    2.792     2    0.610    3.402
  0.00 100.00  57.51  58.30  95.49  94.34     65    2.862     2    0.610    3.472
  0.00 100.00  89.27  58.30  95.49  94.34     65    2.862     2    0.610    3.472
 25.68   0.00  35.82  61.53  95.49  94.34     66    2.889     2    0.610    3.499
 25.68   0.00  89.56  61.53  95.49  94.34     66    2.889     2    0.610    3.499
  0.00  43.59  35.88  63.08  95.49  94.34     67    2.916     2    0.610    3.526
  0.00  43.59  91.71  63.08  95.49  94.34     67    2.916     2    0.610    3.526
 53.84   0.00  37.92  66.58  95.49  94.34     68    2.955     2    0.610    3.565
 53.84   0.00  88.17  66.58  95.49  94.34     68    2.955     2    0.610    3.565
  0.00  53.04  21.97  70.07  95.49  94.34     69    2.997     2    0.610    3.607
  0.00  53.04  75.90  70.07  95.49  94.34     69    2.997     2    0.610    3.607
 52.40   0.00  19.98  74.14  95.49  94.34     70    3.040     2    0.610    3.650
 52.40   0.00  71.94  74.14  95.49  94.34     70    3.040     2    0.610    3.650
  0.00  49.30  11.99  77.64  95.49  94.34     71    3.098     2    0.610    3.708
  0.00  49.30  65.96  77.64  95.49  94.34     71    3.098     2    0.610    3.708
 55.60   0.00   4.00  81.18  95.49  94.34     72    3.156     2    0.610    3.766
 55.60   0.00  43.98  81.18  95.49  94.34     72    3.156     2    0.610    3.766
 55.60   0.00  62.73  81.18  95.49  94.34     72    3.156     2    0.610    3.766
  0.00  31.01   0.00  93.68  95.49  94.34     73    3.202     3    0.610    3.812
  0.00  31.01   0.00  93.68  95.49  94.34     73    3.202     3    0.610    3.812
  0.00  31.01   0.00  93.68  95.49  94.34     73    3.202     3    0.610    3.812
  0.00   0.00  12.41  33.74  95.49  94.34     73    3.202     3    1.451    4.653
  0.00   0.00  44.17  33.74  95.49  94.34     73    3.202     3    1.451    4.653
  0.00   0.00  93.80  33.74  95.49  94.34     73    3.202     3    1.451    4.653
 52.94   0.00  41.80  42.69  95.49  94.34     74    3.229     3    1.451    4.681
 52.94   0.00  81.60  42.69  95.49  94.34     74    3.229     3    1.451    4.681
  0.00  60.11  25.92  45.88  95.49  94.34     75    3.265     3    1.451    4.716
  0.00  60.11  77.76  45.88  95.49  94.34     75    3.265     3    1.451    4.716
 62.19   0.00  21.96  49.80  95.49  94.34     76    3.305     3    1.451    4.756
 62.19   0.00  71.85  49.80  95.49  94.34     76    3.305     3    1.451    4.756
  0.00  69.35  13.98  53.44  95.49  94.34     77    3.348     3    1.451    4.799
  0.00  69.35  65.91  53.44  95.49  94.34     77    3.348     3    1.451    4.799
 64.45   0.00   9.99  57.66  95.49  94.34     78    3.392     3    1.451    4.843
 64.45   0.00  59.95  57.66  95.49  94.34     78    3.392     3    1.451    4.843
  0.00  62.58   0.00  61.30  95.49  94.34     79    3.452     3    1.451    4.903
  0.00  62.58  46.64  61.30  95.49  94.34     79    3.452     3    1.451    4.903
  0.00  62.58  76.62  61.30  95.49  94.34     79    3.452     3    1.451    4.903
 48.78  62.58  95.68  68.04  95.49  94.34     80    3.452     3    1.451    4.903
100.00   0.00  50.19  70.32  95.49  94.34     80    3.520     3    1.451    4.971
  0.00  96.63   0.00  73.62  95.49  94.34     81    3.544     3    1.451    4.995
  0.00  96.63  47.76  73.62  95.49  94.34     81    3.544     3    1.451    4.995
 36.98   0.00   0.00  75.32  95.49  94.34     82    3.571     3    1.451    5.022
 36.98   0.00  53.83  75.32  95.49  94.34     82    3.571     3    1.451    5.022
  0.00  98.90   0.00  78.72  95.49  94.34     83    3.608     3    1.451    5.060
  0.00  98.90  55.88  78.72  95.49  94.34     83    3.608     3    1.451    5.060
 44.89   0.00   0.00  82.12  95.49  94.34     84    3.650     3    1.451    5.101
 44.89   0.00  55.92  82.12  95.49  94.34     84    3.650     3    1.451    5.101
  0.00  40.09   2.00  86.09  95.49  94.34     85    3.691     3    1.451    5.143
  0.00  40.09  57.95  86.09  95.49  94.34     85    3.691     3    1.451    5.143
 41.46   0.00   0.00  89.50  95.49  94.34     86    3.747     3    1.451    5.198
 41.46   0.00  53.97  89.50  95.49  94.34     86    3.747     3    1.451    5.198
  0.00  43.35   0.00  92.90  95.49  94.34     87    3.803     4    1.451    5.254
  0.00  43.35   0.00  92.90  95.49  94.34     87    3.803     4    1.451    5.254
  0.00  43.35   0.00  92.90  95.49  94.34     87    3.803     4    1.451    5.254
  0.00   0.00   6.00  22.86  95.49  94.34     87    3.803     4    2.167    5.969
  0.00   0.00  49.98  22.86  95.49  94.34     87    3.803     4    2.167    5.969
  0.00   0.00  68.75  22.86  95.49  94.34     87    3.803     4    2.167    5.969
  0.00   0.00  93.85  22.86  95.49  94.34     88    3.803     4    2.167    5.969
 33.51   0.00  45.92  33.40  95.49  94.34     88    3.837     4    2.167    6.004
 33.51  19.62 100.00  35.94  95.49  94.34     89    3.837     4    2.167    6.004
  0.00  31.94  51.74  35.94  95.49  94.34     89    3.863     4    2.167    6.029
  0.00  31.94 100.00  35.94  95.49  94.34     90    3.863     4    2.167    6.029
 53.48   0.00  45.85  38.30  95.49  94.34     90    3.894     4    2.167    6.061
 53.48   0.00  91.70  38.30  95.49  94.34     90    3.894     4    2.167    6.061
  0.00  49.74  33.93  42.10  95.49  94.34     91    3.934     4    2.167    6.100
  0.00  49.74  85.82  42.10  95.49  94.34     91    3.934     4    2.167    6.100
 60.69   0.00  27.96  45.67  95.49  94.34     92    3.979     4    2.167    6.146
 60.69   0.00  75.90  45.67  95.49  94.34     92    3.979     4    2.167    6.146
  0.00  53.78  17.98  49.80  95.49  94.34     93    4.024     4    2.167    6.191
  0.00  53.78  59.95  49.80  95.49  94.34     93    4.024     4    2.167    6.191
 26.99  53.78 100.00  51.52  95.49  94.34     94    4.024     4    2.167    6.191
 56.18   0.00  45.97  53.38  95.49  94.34     94    4.082     4    2.167    6.249
 56.18   0.00  91.95  53.38  95.49  94.34     94    4.082     4    2.167    6.249
  0.00  92.75  12.00  56.97  95.49  94.34     95    4.140     4    2.167    6.307
  0.00  92.75  43.37  56.97  95.49  94.34     95    4.140     4    2.167    6.307
  0.00  92.75  76.34  56.97  95.49  94.34     95    4.140     4    2.167    6.307
 13.49   0.00  12.00  61.51  95.49  94.34     96    4.187     4    2.167    6.353
 13.49   0.00  59.98  61.51  95.49  94.34     96    4.187     4    2.167    6.353
  0.00  98.56   4.00  62.37  95.49  94.34     97    4.216     4    2.167    6.383
  0.00  98.56  53.99  62.37  95.49  94.34     97    4.216     4    2.167    6.383
 58.59   0.00   0.00  65.98  95.49  94.34     98    4.257     4    2.167    6.424
 58.59   0.00  47.99  65.98  95.49  94.34     98    4.257     4    2.167    6.424
 58.59   0.00  96.33  65.98  95.49  94.34     98    4.257     4    2.167    6.424
  0.00  65.13  28.00  69.59  95.49  94.34     99    4.304     4    2.167    6.470
  0.00  65.13  79.99  69.59  95.49  94.34     99    4.304     4    2.167    6.470
 58.09   0.00  20.00  73.79  95.49  94.34    100    4.348     4    2.167    6.514
 58.09   0.00  72.00  73.79  95.49  94.34    100    4.348     4    2.167    6.514
 58.09  45.83 100.00  76.65  95.49  94.34    101    4.348     4    2.167    6.514
  0.00  59.00  50.00  77.41  95.49  94.34    101    4.414     4    2.167    6.581
  0.00  59.00 100.00  77.41  95.49  94.34    102    4.414     4    2.167    6.581
 62.74   0.00  32.67  81.05  95.49  94.34    102    4.468     4    2.167    6.635
 62.74   0.00  53.17  81.05  95.49  94.34    102    4.468     4    2.167    6.635
 62.74   0.00  97.57  81.05  95.49  94.34    103    4.468     4    2.167    6.635
  0.00  37.06   0.00  93.63  95.49  94.34    103    4.521     5    2.167    6.688
  0.00  37.06   0.00  93.63  95.49  94.34    103    4.521     5    2.167    6.688
  0.00  37.06   0.00  93.63  95.49  94.34    103    4.521     5    2.167    6.688
  0.00   0.00  12.19  27.47  95.49  94.34    103    4.521     5    3.081    7.602
  0.00   0.00  57.86  27.47  95.49  94.34    103    4.521     5    3.081    7.602
 62.96   0.00   1.99  34.75  95.49  94.34    104    4.548     5    3.081    7.629
 62.96   0.00  51.76  34.75  95.49  94.34    104    4.548     5    3.081    7.629
 62.96   5.84 100.00  34.80  95.49  94.34    105    4.548     5    3.081    7.629
  0.00  71.88  43.87  37.41  95.49  94.34    105    4.587     5    3.081    7.667
  0.00  71.88  87.73  37.41  95.49  94.34    105    4.587     5    3.081    7.667
 70.49   0.00  23.95  40.67  95.49  94.34    106    4.630     5    3.081    7.711
 70.49   0.00  75.85  40.67  95.49  94.34    106    4.630     5    3.081    7.711
  0.00  78.97  17.98  43.70  95.49  94.34    107    4.674     5    3.081    7.755
  0.00  78.97  69.91  43.70  95.49  94.34    107    4.674     5    3.081    7.755
 70.23   0.00   9.99  47.18  95.49  94.34    108    4.719     5    3.081    7.799
 70.23   0.00  59.95  47.18  95.49  94.34    108    4.719     5    3.081    7.799
  0.00  69.52   0.00  50.20  95.49  94.34    109    4.782     5    3.081    7.863
  0.00  69.52  42.64  50.20  95.49  94.34    109    4.782     5    3.081    7.863
  0.00  69.52  64.62  50.20  95.49  94.34    109    4.782     5    3.081    7.863
  0.00  69.52  94.08  50.20  95.49  94.34    109    4.782     5    3.081    7.863
 55.81   0.00  32.04  61.80  95.49  94.34    110    4.836     5    3.081    7.917
 55.81   0.00  63.80  61.80  95.49  94.34    110    4.836     5    3.081    7.917
  0.00  51.19   5.97  64.13  95.49  94.34    111    4.863     5    3.081    7.944
  0.00  51.19  55.72  64.13  95.49  94.34    111    4.863     5    3.081    7.944
 36.88  51.19 100.00  65.04  95.49  94.34    112    4.863     5    3.081    7.944
 77.55   0.00  47.84  66.24  95.49  94.34    112    4.899     5    3.081    7.980
 77.55   0.00  97.68  66.24  95.49  94.34    112    4.899     5    3.081    7.980
  0.00  99.04  35.92  69.52  95.49  94.34    113    4.942     5    3.081    8.023
  0.00  99.04  83.82  69.52  95.49  94.34    113    4.942     5    3.081    8.023
 84.29   0.00  23.97  72.59  95.49  94.34    114    4.988     5    3.081    8.068
 84.29   0.00  71.90  72.59  95.49  94.34    114    4.988     5    3.081    8.068
  0.00  70.66   9.99  76.10  95.49  94.34    115    5.035     5    3.081    8.116
  0.00  70.66  53.95  76.10  95.49  94.34    115    5.035     5    3.081    8.116
  0.00  70.66  97.91  76.10  95.49  94.34    115    5.035     5    3.081    8.116
 77.18   0.00  29.98  79.14  95.49  94.34    116    5.105     5    3.081    8.186
 77.18   0.00  68.61  79.14  95.49  94.34    116    5.105     5    3.081    8.186
 77.18   0.00  87.76  79.14  95.49  94.34    116    5.105     5    3.081    8.186
  0.00 100.00  11.77  87.15  95.49  94.34    117    5.233     5    3.081    8.314
  0.00 100.00  45.73  87.15  95.49  94.34    117    5.233     5    3.081    8.314
  0.00 100.00  81.45  87.15  95.49  94.34    117    5.233     5    3.081    8.314
 39.40   0.00  19.90  89.91  95.50  94.34    118    5.290     5    3.081    8.371
 39.40   0.00  67.66  89.91  95.50  94.34    118    5.290     5    3.081    8.371
  0.00  39.79   0.00  91.59  95.50  94.34    119    5.331     6    3.081    8.412
  0.00   0.00   3.99   5.42  95.50  94.34    119    5.331     6    3.361    8.692
  0.00   0.00  45.85   5.42  95.50  94.34    119    5.331     6    3.361    8.692
  0.00   0.00  87.71   5.42  95.50  94.34    119    5.331     6    3.361    8.692
 47.61   0.00  17.96   5.42  95.50  94.34    120    5.367     6    3.361    8.728
 47.61   0.00  72.20   5.42  95.50  94.34    120    5.367     6    3.361    8.728
  0.00  47.72  13.98   8.61  95.50  94.34    121    5.410     6    3.361    8.771
  0.00  47.72  67.91   8.61  95.50  94.34    121    5.410     6    3.361    8.771
 46.47   0.00   9.99  12.34  95.50  94.34    122    5.455     6    3.361    8.816
 46.47   0.00  63.94  12.34  95.50  94.34    122    5.455     6    3.361    8.816
  0.00  44.39   4.00  15.53  95.50  94.34    123    5.513     6    3.361    8.874
  0.00  44.39  51.97  15.53  95.50  94.34    123    5.513     6    3.361    8.874
  0.00  44.39  97.94  15.53  95.50  94.34    123    5.513     6    3.361    8.874
 59.41   0.00  29.38  18.77  95.50  94.34    124    5.569     6    3.361    8.929
 59.41   0.00  50.83  18.77  95.50  94.34    124    5.569     6    3.361    8.929
 59.41   0.00  84.13  18.77  95.50  94.34    124    5.569     6    3.361    8.929
  0.00  18.56  26.48  30.83  95.50  94.34    125    5.612     6    3.361    8.973
  0.00  18.56  76.10  30.83  95.50  94.34    125    5.612     6    3.361    8.973
 45.57   0.00  11.94  32.09  95.50  94.34    126    5.652     6    3.361    9.013
 45.57   0.00  65.67  32.09  95.50  94.34    126    5.652     6    3.361    9.013
  0.00  53.22   9.97  34.99  95.50  94.34    127    5.688     6    3.361    9.049
  0.00  53.22  61.80  34.99  95.50  94.34    127    5.688     6    3.361    9.049
 53.19   0.00   3.99  38.58  95.50  94.34    128    5.734     6    3.361    9.095
 53.19   0.00  51.89  38.58  95.50  94.34    128    5.734     6    3.361    9.095
 53.19   0.00  99.79  38.58  95.50  94.34    128    5.734     6    3.361    9.095
  0.00  62.43  27.96  41.90  95.50  94.34    129    5.783     6    3.361    9.144
  0.00  62.43  79.89  41.90  95.50  94.34    129    5.783     6    3.361    9.144
 56.83   0.00  21.98  45.76  95.50  94.34    130    5.827     6    3.361    9.188
 56.83   0.00  55.95  45.76  95.50  94.34    130    5.827     6    3.361    9.188
 56.83   0.00  99.91  45.76  95.50  94.34    131    5.827     6    3.361    9.188
  0.00  57.49  35.98  49.09  95.50  94.34    131    5.894     6    3.361    9.254
  0.00  57.49  76.63  49.09  95.50  94.34    131    5.894     6    3.361    9.254
 86.33  57.49  97.37  50.16  95.50  94.34    132    5.894     6    3.361    9.254
 99.96   0.00  58.03  54.88  95.50  94.34    132    5.965     6    3.361    9.326
 99.96   0.00  91.77  54.88  95.50  94.34    132    5.965     6    3.361    9.326
  0.00  98.07  37.86  57.25  95.50  94.34    133    5.988     6    3.361    9.348
  0.00  98.07  89.60  57.25  95.50  94.34    133    5.988     6    3.361    9.348
 39.42   0.00  36.06  58.59  95.50  94.34    134    6.014     6    3.361    9.375
 39.42   0.00  91.88  58.59  95.50  94.34    134    6.014     6    3.361    9.375
  0.00  98.20  35.93  61.78  95.50  94.34    135    6.055     6    3.361    9.415
  0.00  98.20  67.86  61.78  95.50  94.34    135    6.055     6    3.361    9.415
 48.14   0.00   5.99  64.98  95.50  94.34    136    6.097     6    3.361    9.458
 48.14   0.00  61.92  64.98  95.50  94.34    136    6.097     6    3.361    9.458
  0.00  43.29   5.99  68.71  95.50  94.34    137    6.141     6    3.361    9.502
  0.00  43.29  61.95  68.71  95.50  94.34    137    6.141     6    3.361    9.502
 44.34   0.00   4.00  71.92  95.50  94.34    138    6.199     6    3.361    9.560
 44.34   0.00  53.97  71.92  95.50  94.34    138    6.199     6    3.361    9.560
 44.34  14.34 100.00  72.83  95.50  94.34    139    6.199     6    3.361    9.560
  0.00  46.81  36.68  75.11  95.50  94.34    139    6.267     6    3.361    9.627
  0.00  46.81  61.37  75.11  95.50  94.34    139    6.267     6    3.361    9.627
  0.00  46.81  91.72  75.11  95.50  94.34    139    6.267     6    3.361    9.627
 35.32   0.00  33.65  88.15  95.50  94.34    140    6.319     6    3.361    9.680
 35.32   0.00  81.28  88.15  95.50  94.34    140    6.319     6    3.361    9.680
  0.00   0.00  11.94   2.36  95.50  94.34    141    6.343     7    3.435    9.778
  0.00   0.00  65.66   2.36  95.50  94.34    141    6.343     7    3.435    9.778
 57.62   0.00  11.96   2.36  95.50  94.34    142    6.365     7    3.435    9.800
 57.62   0.00  65.78   2.36  95.50  94.34    142    6.365     7    3.435    9.800
  0.00  52.89   9.98   5.75  95.50  94.34    143    6.404     7    3.435    9.839
  0.00  52.89  60.21   5.75  95.50  94.34    143    6.404     7    3.435    9.839
 65.37   0.00   3.99   8.93  95.50  94.34    144    6.447     7    3.435    9.882
 65.37   0.00  55.92   8.93  95.50  94.34    144    6.447     7    3.435    9.882
  0.00  56.68   0.00  12.60  95.50  94.34    145    6.492     7    3.435    9.927
  0.00  56.68  49.95  12.60  95.50  94.34    145    6.492     7    3.435    9.927
 57.89  56.68 100.00  15.74  95.50  94.34    146    6.492     7    3.435    9.927
 60.88   0.00  41.98  15.78  95.50  94.34    146    6.551     7    3.435    9.986
 60.88   0.00  87.95  15.78  95.50  94.34    146    6.551     7    3.435    9.986
  0.00 100.00   6.00  19.43  95.50  94.34    147    6.615     7    3.435   10.050
  0.00 100.00  37.85  19.43  95.50  94.34    147    6.615     7    3.435   10.050
  0.00 100.00  86.56  19.43  95.50  94.34    147    6.615     7    3.435   10.050
 18.54   0.00  33.99  23.17  95.50  94.34    148    6.644     7    3.435   10.079
 18.54   0.00  87.98  23.17  95.50  94.34    148    6.644     7    3.435   10.079
  0.00  43.97  33.99  24.21  95.50  94.34    149    6.669     7    3.435   10.104
  0.00  43.97  87.99  24.21  95.50  94.34    149    6.669     7    3.435   10.104
 55.58   0.00  34.00  27.29  95.50  94.34    150    6.706     7    3.435   10.141
 55.58   0.00  87.99  27.29  95.50  94.34    150    6.706     7    3.435   10.141
  0.00  54.13  30.00  30.38  95.50  94.34    151    6.747     7    3.435   10.182
  0.00  54.13  81.99  30.38  95.50  94.34    151    6.747     7    3.435   10.182
 53.79   0.00  26.00  33.98  95.50  94.34    152    6.790     7    3.435   10.225
 53.79   0.00  80.00  33.98  95.50  94.34    152    6.790     7    3.435   10.225
  0.00  50.52  22.00  37.07  95.50  94.34    153    6.847     7    3.435   10.282
  0.00  50.52  74.00  37.07  95.50  94.34    153    6.847     7    3.435   10.282
 58.43   0.00  14.00  40.20  95.50  94.34    154    6.905     7    3.435   10.340
 58.43   0.00  52.00  40.20  95.50  94.34    154    6.905     7    3.435   10.340
 58.43   0.00  72.70  40.20  95.50  94.34    154    6.905     7    3.435   10.340
  0.00  37.99  22.77  51.21  95.50  94.34    155    6.954     7    3.435   10.389
  0.00  37.99  56.52  51.21  95.50  94.34    155    6.954     7    3.435   10.389
 47.17   0.00   1.99  53.36  95.51  94.34    156    6.980     7    3.435   10.415
 47.17   0.00  55.74  53.36  95.51  94.34    156    6.980     7    3.435   10.415
  0.00  61.78   0.00  55.85  95.51  94.34    157    7.016     7    3.435   10.451
  0.00  61.78  49.85  55.85  95.51  94.34    157    7.016     7    3.435   10.451
  4.26  61.78 100.00  56.09  95.51  94.34    158    7.016     7    3.435   10.451
 64.77   0.00  43.91  59.32  95.51  94.34    158    7.057     7    3.435   10.492
 64.77   0.00  95.81  59.32  95.51  94.34    158    7.057     7    3.435   10.492
  0.00  71.22  37.95  62.54  95.51  94.34    159    7.102     7    3.435   10.537
  0.00  71.22  89.88  62.54  95.51  94.34    159    7.102     7    3.435   10.537
 66.33   0.00  31.97  66.27  95.51  94.34    160    7.147     7    3.435   10.582
 66.33   0.00  83.93  66.27  95.51  94.34    160    7.147     7    3.435   10.582
  0.00  64.34  21.99  69.48  95.51  94.34    161    7.206     7    3.435   10.641
  0.00  64.34  68.63  69.48  95.51  94.34    161    7.206     7    3.435   10.641
  0.00  64.34  88.99  69.48  95.51  94.34    161    7.206     7    3.435   10.641
100.00   0.00  23.07  75.46  95.51  94.34    162    7.277     7    3.435   10.712
100.00   0.00  73.36  75.46  95.51  94.34    162    7.277     7    3.435   10.712
  0.00  97.02  21.89  77.38  95.52  94.34    163    7.298     7    3.435   10.733
  0.00  97.02  75.71  77.38  95.52  94.34    163    7.298     7    3.435   10.733
 41.60   0.00  23.92  78.69  95.52  94.34    164    7.326     7    3.435   10.761
 41.60   0.00  79.74  78.69  95.52  94.34    164    7.326     7    3.435   10.761
  0.00  99.04  25.94  81.76  95.52  94.34    165    7.366     7    3.435   10.801
  0.00  99.04  79.83  81.76  95.52  94.34    165    7.366     7    3.435   10.801
 50.28   0.00  21.97  84.82  95.52  94.34    166    7.411     7    3.435   10.846
 50.28   0.00  75.89  84.82  95.52  94.34    166    7.411     7    3.435   10.846
  0.00  45.30  21.98  88.39  95.52  94.34    167    7.455     7    3.435   10.890
  0.00  45.30  75.93  88.39  95.52  94.34    167    7.455     7    3.435   10.890
 46.91   0.00  15.99  91.46  95.52  94.34    168    7.511     7    3.435   10.946
 46.91   0.00  67.96  91.46  95.52  94.34    168    7.511     7    3.435   10.946
  0.00  49.04   0.00  94.52  95.52  94.34    169    7.563     8    3.435   10.998
  0.00  49.04   0.00  94.52  95.52  94.34    169    7.563     8    3.435   10.998
  0.00  49.04   0.00  94.52  95.52  94.34    169    7.563     8    3.435   10.998
  0.00   0.00  16.69  16.56  95.52  94.34    169    7.563     8    4.139   11.702
  0.00   0.00  50.67  16.56  95.52  94.34    169    7.563     8    4.139   11.702
  0.00   0.00  82.87  16.56  95.52  94.34    169    7.563     8    4.139   11.702
 33.68   0.00  22.96  22.97  95.52  94.34    170    7.590     8    4.139   11.730
 33.68   0.00  70.60  22.97  95.52  94.34    170    7.590     8    4.139   11.730
  0.00  41.74  15.92  24.62  95.52  94.34    171    7.614     8    4.139   11.754
  0.00  41.74  69.66  24.62  95.52  94.34    171    7.614     8    4.139   11.754
 60.78   0.00   3.99  26.63  95.52  94.34    172    7.649     8    4.139   11.788
 60.78   0.00  55.82  26.63  95.52  94.34    172    7.649     8    4.139   11.788
  0.00  55.62   0.00  29.40  95.52  94.34    173    7.688     8    4.139   11.827
  0.00  55.62  49.90  29.40  95.52  94.34    173    7.688     8    4.139   11.827
 67.13   0.00   3.99  32.00  95.52  94.34    174    7.732     8    4.139   11.871
 67.13   0.00  53.93  32.00  95.52  94.34    174    7.732     8    4.139   11.871
 67.13  33.16 100.00  33.89  95.52  94.34    175    7.732     8    4.139   11.871
  0.00  58.38  49.96  35.00  95.52  94.34    175    7.776     8    4.139   11.915
  0.00  58.38  99.91  35.00  95.52  94.34    175    7.776     8    4.139   11.915
 62.82   0.00  39.98  37.61  95.52  94.34    176    7.833     8    4.139   11.972
 62.82   0.00  80.62  37.61  95.52  94.34    176    7.833     8    4.139   11.972
 62.82  11.63  98.12  38.27  95.52  94.34    177    7.833     8    4.139   11.972
  0.00 100.00  37.15  41.50  95.52  94.34    177    7.901     8    4.139   12.040
  0.00 100.00  81.26  41.50  95.52  94.34    177    7.901     8    4.139   12.040
 25.18   0.00  27.77  43.85  95.52  94.34    178    7.927     8    4.139   12.067
 25.18   0.00  81.31  43.85  95.52  94.34    178    7.927     8    4.139   12.067
  0.00  43.15  29.84  44.96  95.52  94.34    179    7.954     8    4.139   12.094
  0.00  43.15  85.53  44.96  95.52  94.34    179    7.954     8    4.139   12.094
 52.08   0.00  29.89  47.47  95.52  94.34    180    7.994     8    4.139   12.133
 52.08   0.00  84.05  47.47  95.52  94.34    180    7.994     8    4.139   12.133
  0.00  51.93  25.94  49.97  95.52  94.34    181    8.036     8    4.139   12.175
  0.00  51.93  79.81  49.97  95.52  94.34    181    8.036     8    4.139   12.175
 51.21   0.00  23.96  52.89  95.52  94.34    182    8.079     8    4.139   12.219
 51.21   0.00  75.89  52.89  95.52  94.34    182    8.079     8    4.139   12.219
  0.00  48.67  17.98  55.39  95.52  94.34    183    8.131     8    4.139   12.271
  0.00  48.67  69.93  55.39  95.52  94.34    183    8.131     8    4.139   12.271
 54.14   0.00   8.68  57.92  95.52  94.34    184    8.182     8    4.139   12.322
 54.14   0.00  41.34  57.92  95.52  94.34    184    8.182     8    4.139   12.322
 54.14   0.00  62.56  57.92  95.52  94.34    184    8.182     8    4.139   12.322
  0.00  31.42   0.00  66.88  95.52  94.34    185    8.229     8    4.139   12.368
  0.00  31.42  40.22  66.88  95.52  94.34    185    8.229     8    4.139   12.368
  0.00  31.42  91.84  66.88  95.52  94.34    185    8.229     8    4.139   12.368
 52.26   0.00  37.82  68.40  95.52  94.34    186    8.256     8    4.139   12.395
 52.26   0.00  89.74  68.40  95.52  94.34    186    8.256     8    4.139   12.395
  0.00  59.38  33.89  70.68  95.52  94.34    187    8.292     8    4.139   12.431
  0.00  59.38  87.72  70.68  95.52  94.34    187    8.292     8    4.139   12.431
 61.19   0.00  27.94  73.49  95.52  94.34    188    8.334     8    4.139   12.473
 61.19   0.00  79.84  73.49  95.52  94.34    188    8.334     8    4.139   12.473
  0.00  68.45  21.97  76.10  95.52  94.34    189    8.379     8    4.139   12.519
  0.00  68.45  73.90  76.10  95.52  94.34    189    8.379     8    4.139   12.519
 65.13   0.00  15.99  79.12  95.52  94.34    190    8.428     8    4.139   12.568
 65.13   0.00  67.94  79.12  95.52  94.34    190    8.428     8    4.139   12.568
  0.00  62.42   6.00  81.72  95.52  94.34    191    8.491     8    4.139   12.631
  0.00  62.42  53.97  81.72  95.52  94.34    191    8.491     8    4.139   12.631
  0.00  62.42  77.96  81.72  95.52  94.34    191    8.491     8    4.139   12.631
 63.98  62.42  96.09  87.34  95.52  94.34    192    8.491     8    4.139   12.631
 99.96   0.00  50.19  88.16  95.52  94.34    192    8.565     8    4.139   12.705
  0.00  97.13   0.00  90.55  95.52  94.34    193    8.595     8    4.139   12.735
  0.00  97.13  49.75  90.55  95.52  94.34    193    8.595     8    4.139   12.735
 36.93   0.00   0.00  91.77  95.52  94.34    194    8.626     8    4.139   12.766
 36.93   0.00  53.82  91.77  95.52  94.34    194    8.626     8    4.139   12.766
  0.00  98.90   0.00  94.21  95.52  94.34    195    8.669     9    4.139   12.809
  0.00  98.90   0.00  94.21  95.52  94.34    195    8.669     9    4.139   12.809
  0.00   0.00  47.90   6.63  95.52  94.34    195    8.669     9    4.430   13.099
  0.56   0.00 100.00   6.63  95.52  94.34    196    8.669     9    4.430   13.099
 44.52   0.00  51.93   6.63  95.52  94.34    196    8.696     9    4.430   13.126
  0.00  40.14   0.00   9.56  95.52  94.34    197    8.739     9    4.430   13.169
  0.00  40.14  51.95   9.56  95.52  94.34    197    8.739     9    4.430   13.169
 21.40  40.14 100.00  10.88  95.52  94.34    198    8.739     9    4.430   13.169
 41.15   0.00  49.97  12.09  95.52  94.34    198    8.789     9    4.430   13.218
 41.15   9.86 100.00  12.63  95.52  94.34    199    8.789     9    4.430   13.218
  0.00  43.29  40.69  14.60  95.52  94.34    199    8.838     9    4.430   13.268
  0.00  43.29  62.68  14.60  95.52  94.34    199    8.838     9    4.430   13.268
  0.00  43.29  92.96  14.60  95.52  94.34    200    8.838     9    4.430   13.268
 33.16   0.00  43.93  24.94  95.56  94.34    200    8.886     9    4.430   13.315
 33.16   0.00  95.53  24.94  95.56  94.34    201    8.886     9    4.430   13.315
  0.00  31.94  43.78  26.81  95.56  94.34    201    8.908     9    4.430   13.338
 30.52  31.94 100.00  27.80  95.56  94.34    202    8.908     9    4.430   13.338
 54.04   0.00  51.83  28.55  95.56  94.34    202    8.939     9    4.430   13.369
 54.04  24.81 100.00  30.10  95.56  94.34    203    8.939     9    4.430   13.369
  0.00  49.68  49.89  31.36  95.56  94.34    203    8.977     9    4.430   13.407
  1.13  49.68 100.00  31.42  95.56  94.34    204    8.977     9    4.430   13.407
 62.64   0.00  43.94  34.00  95.56  94.34    204    9.020     9    4.430   13.450
 62.64  35.78 100.00  36.18  95.56  94.34    205    9.020     9    4.430   13.450
  0.00  53.78  49.96  37.05  95.56  94.34    205    9.066     9    4.430   13.495
  8.31  53.78 100.00  37.43  95.56  94.34    206    9.066     9    4.430   13.495
 58.18   0.00  41.98  39.70  95.56  94.34    206    9.125     9    4.430   13.554
 58.18   0.00  87.95  39.70  95.56  94.34    206    9.125     9    4.430   13.554
  0.00  93.20  12.00  42.35  95.56  94.34    207    9.182     9    4.430   13.612
  0.00  93.20  43.14  42.35  95.56  94.34    207    9.182     9    4.430   13.612
  0.00  93.20  84.05  42.35  95.56  94.34    207    9.182     9    4.430   13.612
 13.69   0.00  29.99  45.70  95.56  94.34    208    9.211     9    4.430   13.641
 13.69   0.00  79.97  45.70  95.56  94.34    208    9.211     9    4.430   13.641
  0.00  98.56  27.99  46.35  95.56  94.34    209    9.237     9    4.430   13.666
  0.00  98.56  79.98  46.35  95.56  94.34    209    9.237     9    4.430   13.666
 58.45   0.00  24.00  49.02  95.56  94.34    210    9.275     9    4.430   13.705
 58.45   0.00  75.99  49.02  95.56  94.34    210    9.275     9    4.430   13.705
  0.00  65.13  16.00  51.69  95.56  94.34    211    9.322     9    4.430   13.752
  0.00  65.13  67.99  51.69  95.56  94.34    211    9.322     9    4.430   13.752
 58.16   0.00  12.00  54.79  95.56  94.34    212    9.366     9    4.430   13.796
 58.16   0.00  62.00  54.79  95.56  94.34    212    9.366     9    4.430   13.796
  0.00  59.08   2.00  57.47  95.56  94.34    213    9.427     9    4.430   13.856
  0.00  59.08  54.00  57.47  95.56  94.34    213    9.427     9    4.430   13.856
 15.66  59.08 100.00  58.13  95.56  94.34    214    9.427     9    4.430   13.856
 62.74   0.00  36.00  60.15  95.56  94.34    214    9.487     9    4.430   13.917
 62.74   0.00  54.13  60.15  95.56  94.34    214    9.487     9    4.430   13.917
 62.74   2.32  96.53  60.52  95.56  94.34    215    9.487     9    4.430   13.917
  0.00  36.82  34.02  69.45  95.56  94.34    215    9.533     9    4.430   13.962
  0.00  36.82  85.64  69.45  95.56  94.34    215    9.533     9    4.430   13.962
 62.96   0.00  29.86  71.00  95.56  94.34    216    9.560     9    4.430   13.990
 62.96   0.00  79.78  71.00  95.56  94.34    216    9.560     9    4.430   13.990
  0.00  71.79  21.93  73.41  95.56  94.34    217    9.598     9    4.430   14.028
  0.00  71.79  73.77  73.41  95.56  94.34    217    9.598     9    4.430   14.028
 70.49   0.00  15.97  76.37  95.56  94.34    218    9.641     9    4.430   14.071
 70.49   0.00  65.87  76.37  95.56  94.34    218    9.641     9    4.430   14.071
  0.00  79.14   5.99  79.12  95.56  94.34    219    9.688     9    4.430   14.118
  0.00  79.14  55.93  79.12  95.56  94.34    219    9.688     9    4.430   14.118
 38.33  79.14 100.00  81.10  95.56  94.34    220    9.688     9    4.430   14.118
 70.14   0.00  47.96  82.29  95.56  94.34    220    9.736     9    4.430   14.166
 70.14   0.00  97.92  82.29  95.56  94.34    221    9.736     9    4.430   14.166
  0.00  69.43  32.64  85.03  95.56  94.34    221    9.799     9    4.430   14.228
  0.00  69.43  64.62  85.03  95.56  94.34    221    9.799     9    4.430   14.228
  0.00  69.43  94.08  85.03  95.56  94.34    221    9.799     9    4.430   14.228
 55.81   0.00   0.00  95.56  95.57  94.34    222    9.852    10    4.430   14.282
 55.81   0.00   0.00  95.56  95.57  94.34    222    9.852    10    4.430   14.282
 55.81   0.00   0.00  95.56  95.57  94.34    222    9.852    10    4.430   14.282
  0.00   0.00  32.04  20.34  95.57  94.34    222    9.852    10    5.266   15.118
  0.00   0.00  67.77  20.34  95.57  94.34    222    9.852    10    5.266   15.118
  0.00  51.19  11.94  30.63  95.57  94.34    223    9.884    10    5.266   15.151
  0.00  51.19  61.69  30.63  95.57  94.34    223    9.884    10    5.266   15.151
 77.55   0.00   0.00  32.11  95.57  94.34    224    9.918    10    5.266   15.184
 77.55   0.00  45.85  32.11  95.57  94.34    224    9.918    10    5.266   15.184
 77.55  50.09 100.00  33.76  95.57  94.34    225    9.918    10    5.266   15.184
  0.00  98.92  47.90  34.43  95.57  94.34    225    9.957    10    5.266   15.223
  0.00  98.92  97.79  34.43  95.57  94.34    225    9.957    10    5.266   15.223
 84.29   0.00  39.94  36.60  95.57  94.34    226   10.001    10    5.266   15.267
 84.29   0.00  89.88  36.60  95.57  94.34    226   10.001    10    5.266   15.267
  0.00  70.75  19.98  39.08  95.57  94.34    227   10.047    10    5.266   15.313
  0.00  70.75  69.94  39.08  95.57  94.34    227   10.047    10    5.266   15.313
 77.18   0.00   2.00  41.23  95.57  94.34    228   10.128    10    5.266   15.394
 77.18   0.00  46.63  41.23  95.57  94.34    228   10.128    10    5.266   15.394
 77.18   0.00  78.61  41.23  95.57  94.34    228   10.128    10    5.266   15.394
 77.18  47.10  95.64  44.83  95.57  94.34    229   10.128    10    5.266   15.394
  0.00 100.00  45.73  46.89  95.57  94.34    229   10.197    10    5.266   15.464
  0.00 100.00  87.41  46.89  95.57  94.34    229   10.197    10    5.266   15.464
 39.32   0.00  35.82  48.79  95.57  94.34    230   10.224    10    5.266   15.491
 39.32   0.00  91.54  48.79  95.57  94.34    230   10.224    10    5.266   15.491
  0.00  39.84  37.88  49.97  95.57  94.34    231   10.253    10    5.266   15.519
  0.00  39.84  89.71  49.97  95.57  94.34    231   10.253    10    5.266   15.519
 47.55   0.00  31.93  51.95  95.57  94.34    232   10.291    10    5.266   15.558
 47.55   0.00  86.17  51.95  95.57  94.34    232   10.291    10    5.266   15.558
  0.00  47.72  31.96  53.93  95.57  94.34    233   10.334    10    5.266   15.600
  0.00  47.72  85.88  53.93  95.57  94.34    233   10.334    10    5.266   15.600
 46.41   0.00  29.97  56.24  95.57  94.34    234   10.376    10    5.266   15.642
 46.41   0.00  83.93  56.24  95.57  94.34    234   10.376    10    5.266   15.642
  0.00  44.45  27.98  58.22  95.57  94.34    235   10.425    10    5.266   15.692
  0.00  44.45  79.95  58.22  95.57  94.34    235   10.425    10    5.266   15.692
 59.41   0.00  16.69  60.22  95.57  94.34    236   10.479    10    5.266   15.746
 59.41   0.00  43.37  60.22  95.57  94.34    236   10.479    10    5.266   15.746
 59.41   0.00  73.55  60.22  95.57  94.34    236   10.479    10    5.266   15.746
  0.00  18.66  18.54  67.69  95.57  94.34    237   10.528    10    5.266   15.794
  0.00  18.66  70.14  67.69  95.57  94.34    237   10.528    10    5.266   15.794
 46.58   0.00  15.92  68.47  95.57  94.34    238   10.553    10    5.266   15.819
 46.58   0.00  69.65  68.47  95.57  94.34    238   10.553    10    5.266   15.819
  0.00  53.83  13.95  70.27  95.57  94.34    239   10.589    10    5.266   15.855
  0.00  53.83  67.78  70.27  95.57  94.34    239   10.589    10    5.266   15.855
 54.37   0.00  11.97  72.49  95.57  94.34    240   10.629    10    5.266   15.895
 54.37   0.00  61.87  72.49  95.57  94.34    240   10.629    10    5.266   15.895
  0.00  62.50   5.99  74.55  95.57  94.34    241   10.675    10    5.266   15.941
  0.00  62.50  59.92  74.55  95.57  94.34    241   10.675    10    5.266   15.941
 58.26   0.00   0.00  76.95  95.57  94.34    242   10.723    10    5.266   15.990
 58.26   0.00  53.95  76.95  95.57  94.34    242   10.723    10    5.266   15.990
 58.26  20.86 100.00  77.69  95.57  94.34    243   10.723    10    5.266   15.990
  0.00  57.56  45.97  79.01  95.57  94.34    243   10.778    10    5.266   16.044
  0.00  57.56  82.63  79.01  95.57  94.34    243   10.778    10    5.266   16.044
 97.25  57.56  96.80  80.06  95.57  94.34    244   10.778    10    5.266   16.044
 99.96   0.00  58.03  82.59  95.59  94.34    244   10.855    10    5.266   16.121
 99.96   0.00  91.77  82.59  95.59  94.34    244   10.855    10    5.266   16.121
  0.00  98.07  39.85  84.06  95.59  94.34    245   10.882    10    5.266   16.149
 34.02   0.00   0.00  84.89  95.59  94.34    246   10.912    10    5.266   16.178
 39.47   0.00  54.00  84.89  95.59  94.34    246   10.912    10    5.266   16.178
 39.47  41.44 100.00  86.79  95.59  94.34    247   10.912    10    5.266   16.178
  0.00  98.20  55.88  86.87  95.59  94.34    247   10.957    10    5.266   16.223
 33.39  98.20 100.00  88.17  95.59  94.34    248   10.957    10    5.266   16.223
 48.08   0.00  53.93  88.85  95.59  94.34    248   11.003    10    5.266   16.270
 48.08  26.26 100.00  90.37  95.59  94.34    249   11.003    10    5.266   16.270
  0.00  43.18  51.95  91.16  95.59  94.34    249   11.052    10    5.266   16.318
 14.62  43.18 100.00  91.82  95.59  94.34    250   11.052    10    5.266   16.318
 44.34   0.00  47.97  93.15  95.59  94.34    250   11.108    10    5.266   16.374
 44.34   0.00  99.94  93.15  95.59  94.34    251   11.108    10    5.266   16.374
  0.00  46.88  36.68  95.13  95.59  94.34    251   11.166    10    5.266   16.432
  0.00  46.88  61.37  95.13  95.59  94.34    251   11.166    10    5.266   16.432
  4.36  46.88  91.72  90.10  95.59  94.34    252   11.166    10    5.266   16.432
 35.32   0.00   0.00  97.27  95.59  94.34    252   11.227    11    5.266   16.493
 35.32   0.00   0.00  97.27  95.59  94.34    252   11.227    11    5.266   16.493
 35.32   0.00   0.00  97.27  95.59  94.34    252   11.227    11    5.266   16.493
  0.00   0.00  33.65  19.33  95.59  94.34    252   11.227    11    6.098   17.325
  0.00   0.00  81.28  19.33  95.59  94.34    252   11.227    11    6.098   17.325
  0.00  34.41  27.86  29.11  95.59  94.34    253   11.259    11    6.098   17.357
  0.00  34.41  81.58  29.11  95.59  94.34    253   11.259    11    6.098   17.357
 57.69   0.00  23.92  30.42  95.59  94.34    254   11.291    11    6.098   17.389
 57.69   0.00  77.74  30.42  95.59  94.34    254   11.291    11    6.098   17.389
  0.00  52.89  21.95  32.52  95.59  94.34    255   11.328    11    6.098   17.427
  0.00  52.89  74.18  32.52  95.59  94.34    255   11.328    11    6.098   17.427
 65.37   0.00   5.99  34.49  95.59  94.34    256   11.372    11    6.098   17.470
 65.37   0.00  57.92  34.49  95.59  94.34    256   11.372    11    6.098   17.470
  0.00  56.68   2.00  36.76  95.59  94.34    257   11.416    11    6.098   17.514
  0.00  56.68  53.95  36.76  95.59  94.34    257   11.416    11    6.098   17.514
 60.96   0.00   0.00  38.74  95.59  94.34    258   11.475    11    6.098   17.573
 60.96   0.00  43.97  38.74  95.59  94.34    258   11.475    11    6.098   17.573
 60.96   0.00  89.96  38.74  95.59  94.34    258   11.475    11    6.098   17.573
  0.00  99.96   6.00  41.00  95.59  94.34    259   11.542    11    6.098   17.640
  0.00  99.96  37.85  41.00  95.59  94.34    259   11.542    11    6.098   17.640
  0.00  99.96  90.56  41.00  95.59  94.34    259   11.542    11    6.098   17.640
 18.61   0.00  37.99  43.32  95.59  94.34    260   11.571    11    6.098   17.669
 18.61   0.00  89.98  43.32  95.59  94.34    260   11.571    11    6.098   17.669
  0.00  44.08  37.99  43.97  95.59  94.34    261   11.596    11    6.098   17.695
  0.00  44.08  91.98  43.97  95.59  94.34    261   11.596    11    6.098   17.695
 55.65   0.00  38.00  45.88  95.59  94.34    262   11.634    11    6.098   17.732
 55.65   0.00  89.99  45.88  95.59  94.34    262   11.634    11    6.098   17.732
  0.00  54.13  34.00  47.79  95.59  94.34    263   11.675    11    6.098   17.774
  0.00  54.13  87.99  47.79  95.59  94.34    263   11.675    11    6.098   17.774
 53.79   0.00  30.00  50.02  95.59  94.34    264   11.719    11    6.098   17.818
 53.79   0.00  84.00  50.02  95.59  94.34    264   11.719    11    6.098   17.818
  0.00  50.52  26.00  51.94  95.59  94.34    265   11.777    11    6.098   17.875
  0.00  50.52  78.00  51.94  95.59  94.34    265   11.777    11    6.098   17.875
 58.43   0.00  16.00  53.88  95.59  94.34    266   11.836    11    6.098   17.934
 58.43   0.00  54.00  53.88  95.59  94.34    266   11.836    11    6.098   17.934
 58.43   0.00  72.90  53.88  95.59  94.34    266   11.836    11    6.098   17.934
  0.00  37.95  22.77  60.71  95.59  94.34    267   11.884    11    6.098   17.982
  0.00  37.95  62.48  60.71  95.59  94.34    267   11.884    11    6.098   17.982
 47.17   0.00   7.96  62.04  95.59  94.34    268   11.909    11    6.098   18.008
 47.17   0.00  61.71  62.04  95.59  94.34    268   11.909    11    6.098   18.008
  0.00  61.71   3.99  63.59  95.59  94.34    269   11.946    11    6.098   18.044
  0.00  61.71  55.83  63.59  95.59  94.34    269   11.946    11    6.098   18.044
 64.85   0.00   0.00  65.74  95.59  94.34    270   11.987    11    6.098   18.085
 64.85   0.00  49.90  65.74  95.59  94.34    270   11.987    11    6.098   18.085
 64.85   6.17 100.00  65.93  95.59  94.34    271   11.987    11    6.098   18.085
  0.00  71.30  45.94  67.74  95.59  94.34    271   12.034    11    6.098   18.132
  0.00  71.30  95.88  67.74  95.59  94.34    272   12.034    11    6.098   18.132
 66.33   0.00  37.97  70.05  95.59  94.34    272   12.079    11    6.098   18.178
 66.33   0.00  89.92  70.05  95.59  94.34    272   12.079    11    6.098   18.178
  0.00  64.42  27.98  72.04  95.59  94.34    273   12.140    11    6.098   18.238
  0.00  64.42  72.63  72.04  95.59  94.34    273   12.140    11    6.098   18.238
  0.00  64.42  90.49  72.04  95.59  94.34    273   12.140    11    6.098   18.238
100.00   0.00  23.07  75.74  95.59  94.34    274   12.212    11    6.098   18.310
100.00   0.00  77.33  75.74  95.59  94.34    274   12.212    11    6.098   18.310
  0.00  97.02  23.88  76.94  95.59  94.34    275   12.234    11    6.098   18.333
  0.00  97.02  77.70  76.94  95.59  94.34    275   12.234    11    6.098   18.333
 41.60   0.00  25.92  77.75  95.59  94.34    276   12.262    11    6.098   18.360
 41.60   0.00  79.74  77.75  95.59  94.34    276   12.262    11    6.098   18.360
  0.00  98.80  21.95  79.65  95.59  94.34    277   12.306    11    6.098   18.405
  0.00  98.80  75.84  79.65  95.59  94.34    277   12.306    11    6.098   18.405
 50.28   0.00  13.98  81.55  95.59  94.34    278   12.360    11    6.098   18.458
 50.28   0.00  67.91  81.55  95.59  94.34    278   12.360    11    6.098   18.458
  0.00  45.24  11.99  83.77  95.59  94.34    279   12.405    11    6.098   18.503
  0.00  45.24  65.94  83.77  95.59  94.34    279   12.405    11    6.098   18.503
 46.91   0.00   6.00  85.67  95.59  94.34    280   12.471    11    6.098   18.569
 46.91   0.00  57.97  85.67  95.59  94.34    280   12.471    11    6.098   18.569
  0.00  49.04   0.00  87.57  95.59  94.34    281   12.529    11    6.098   18.628
  0.00  49.04  42.68  87.57  95.59  94.34    281   12.529    11    6.098   18.628
  0.00  49.04  62.14  87.57  95.59  94.34    281   12.529    11    6.098   18.628
  3.03  49.04  95.46  87.92  95.59  94.34    282   12.529    11    6.098   18.628
 33.65   0.00   0.00  94.38  95.60  94.34    282   12.577    12    6.098   18.676
 33.65   0.00   0.00  94.38  95.60  94.34    282   12.577    12    6.098   18.676
 33.65   0.00   0.00  94.38  95.60  94.34    282   12.577    12    6.098   18.676
  0.00   0.00  22.96  17.75  95.60  94.34    282   12.577    12    6.926   19.504
  0.00   0.00  72.59  17.75  95.60  94.34    282   12.577    12    6.926   19.504
  0.00  41.74  19.90  22.46  95.60  94.34    283   12.602    12    6.926   19.528
  0.00  41.74  67.67  22.46  95.60  94.34    283   12.602    12    6.926   19.528
 60.78   0.00   5.98  23.93  95.60  94.34    284   12.638    12    6.926   19.564
 60.78   0.00  57.81  23.93  95.60  94.34    284   12.638    12    6.926   19.564
  0.00  55.62   2.00  25.96  95.60  94.34    285   12.677    12    6.926   19.604
  0.00  55.62  51.89  25.96  95.60  94.34    285   12.677    12    6.926   19.604
 67.13   0.00   0.00  27.87  95.60  94.34    286   12.722    12    6.926   19.648
 67.13   0.00  47.94  27.87  95.60  94.34    286   12.722    12    6.926   19.648
 67.13   0.00  99.87  27.87  95.60  94.34    287   12.722    12    6.926   19.648
  0.00  58.46  41.96  30.06  95.60  94.34    287   12.767    12    6.926   19.693
  0.00  58.46  91.92  30.06  95.60  94.34    287   12.767    12    6.926   19.693
 62.82   0.00  29.98  31.97  95.60  94.34    288   12.827    12    6.926   19.753
 62.82   0.00  76.62  31.97  95.60  94.34    288   12.827    12    6.926   19.753
 62.82   0.00  92.62  31.97  95.60  94.34    288   12.827    12    6.926   19.753
  0.00 100.00  10.99  34.82  95.60  94.34    289   12.895    12    6.926   19.821
  0.00 100.00  57.57  34.82  95.60  94.34    289   12.895    12    6.926   19.821
 25.25   0.00   0.00  36.55  95.60  94.34    290   12.922    12    6.926   19.848
 25.25   0.00  51.56  36.55  95.60  94.34    290   12.922    12    6.926   19.848
  0.00  43.21   1.99  37.36  95.60  94.34    291   12.948    12    6.926   19.874
  0.00  43.21  53.70  37.36  95.60  94.34    291   12.948    12    6.926   19.874
 52.08   0.00   0.00  39.19  95.60  94.34    292   12.986    12    6.926   19.912
 52.08   0.00  55.80  39.19  95.60  94.34    292   12.986    12    6.926   19.912
  0.00  51.87   0.00  41.03  95.60  94.34    293   13.028    12    6.926   19.954
  0.00  51.87  53.87  41.03  95.60  94.34    293   13.028    12    6.926   19.954
 51.21   0.00   0.00  43.17  95.60  94.34    294   13.070    12    6.926   19.997
 51.21   0.00  51.92  43.17  95.60  94.34    294   13.070    12    6.926   19.997
 51.21  12.18 100.00  43.63  95.60  94.34    295   13.070    12    6.926   19.997
  0.00  48.74  45.95  45.00  95.60  94.34    295   13.122    12    6.926   20.048
  0.00  48.74  99.90  45.00  95.60  94.34    296   13.122    12    6.926   20.048
 54.14   0.00  35.34  46.86  95.60  94.34    296   13.174    12    6.926   20.100
 54.14   0.00  56.41  46.86  95.60  94.34    296   13.174    12    6.926   20.100
 54.14   0.00  99.72  46.86  95.60  94.34    297   13.174    12    6.926   20.100
  0.00  31.38  30.30  53.42  95.60  94.34    297   13.219    12    6.926   20.145
  0.00  31.38  81.91  53.42  95.60  94.34    297   13.219    12    6.926   20.145
 52.26   0.00  27.86  54.54  95.60  94.34    298   13.245    12    6.926   20.172
 52.26   0.00  79.78  54.54  95.60  94.34    298   13.245    12    6.926   20.172
  0.00  59.38  23.92  56.21  95.60  94.34    299   13.281    12    6.926   20.208
  0.00  59.38  77.76  56.21  95.60  94.34    299   13.281    12    6.926   20.208
 61.19   0.00  19.96  58.27  95.60  94.34    300   13.322    12    6.926   20.248
 61.19   0.00  71.85  58.27  95.60  94.34    300   13.322    12    6.926   20.248
  0.00  68.38  13.98  60.18  95.60  94.34    301   13.367    12    6.926   20.293
  0.00  68.38  65.91  60.18  95.60  94.34    301   13.367    12    6.926   20.293
 65.13   0.00   7.99  62.39  95.60  94.34    302   13.413    12    6.926   20.339
 65.13   0.00  59.95  62.39  95.60  94.34    302   13.413    12    6.926   20.339
  0.00  62.42   0.00  64.30  95.60  94.34    303   13.473    12    6.926   20.399
  0.00  62.42  47.97  64.30  95.60  94.34    303   13.473    12    6.926   20.399
  0.00  62.42  77.96  64.30  95.60  94.34    303   13.473    12    6.926   20.399
 30.37  62.42  96.09  67.57  95.60  94.34    304   13.473    12    6.926   20.399
 99.96   0.00  50.19  69.02  95.60  94.34    304   13.542    12    6.926   20.469
 99.96   0.00  97.82  69.02  95.60  94.34    305   13.542    12    6.926   20.469
  0.00  96.63  47.76  70.77  95.60  94.34    305   13.569    12    6.926   20.496
 36.93   0.00   0.00  71.67  95.60  94.34    306   13.598    12    6.926   20.524
 36.93   0.00  51.83  71.67  95.60  94.34    306   13.598    12    6.926   20.524
  0.00  98.77   0.00  73.45  95.60  94.34    307   13.638    12    6.926   20.564
  0.00  98.77  55.88  73.45  95.60  94.34    307   13.638    12    6.926   20.564
 44.47   0.00   0.00  75.24  95.60  94.34    308   13.680    12    6.926   20.606
 44.47   0.00  55.92  75.24  95.60  94.34    308   13.680    12    6.926   20.606
  0.00  40.14   2.00  77.33  95.60  94.34    309   13.723    12    6.926   20.649
  0.00  40.14  57.95  77.33  95.60  94.34    309   13.723    12    6.926   20.649
 41.10   0.00   2.00  79.12  95.60  94.34    310   13.779    12    6.926   20.706
 41.10   0.00  55.97  79.12  95.60  94.34    310   13.779    12    6.926   20.706
  0.00  43.29   0.00  80.92  95.60  94.34    311   13.836    12    6.926   20.762
  0.00  43.29  44.69  80.92  95.60  94.34    311   13.836    12    6.926   20.762
  0.00  43.29  66.68  80.92  95.60  94.34    311   13.836    12    6.926   20.762
 33.08   0.00   0.00  88.27  95.60  94.34    312   13.885    12    6.926   20.812
 33.08   0.00  51.87  88.27  95.60  94.34    312   13.885    12    6.926   20.812
  0.00  31.94   0.00  89.60  95.60  94.34    313   13.911    12    6.926   20.837
  0.00  31.94  51.74  89.60  95.60  94.34    313   13.911    12    6.926   20.837
  6.07  31.94 100.00  89.68  95.60  94.34    314   13.911    12    6.926   20.837
 54.04   0.00  47.84  90.84  95.60  94.34    314   13.947    12    6.926   20.873
 54.04   0.19 100.00  90.85  95.60  94.34    315   13.947    12    6.926   20.873
  0.00  49.74  47.90  92.84  95.60  94.34    315   13.988    12    6.926   20.915
  0.00  49.74  98.14  92.84  95.60  94.34    316   13.988    12    6.926   20.915
 62.57   0.00  41.94  94.72  95.60  94.34    316   14.036    12    6.926   20.962
 62.57  20.67 100.00  95.89  95.60  94.34    317   14.036    12    6.926   20.962
  0.00  53.78   0.00  97.04  95.60  94.34    317   14.086    13    6.926   21.012
  0.00  53.78   0.00  97.04  95.60  94.34    317   14.086    13    6.926   21.012
  0.00   0.00  36.39   9.48  95.60  94.34    317   14.086    13    7.482   21.568
  0.00   0.00  88.34   9.48  95.60  94.34    317   14.086    13    7.482   21.568
 57.96   0.00  33.93   9.48  95.67  94.34    318   14.119    13    7.482   21.601
 57.96   0.00  82.51   9.48  95.67  94.34    318   14.119    13    7.482   21.601
  0.00  92.50   9.99  11.44  95.67  94.34    319   14.174    13    7.482   21.657
  0.00  92.50  42.88  11.44  95.67  94.34    319   14.174    13    7.482   21.657
  0.00  92.50  79.79  11.44  95.67  94.34    319   14.174    13    7.482   21.657
 13.49   0.00  25.98  13.94  95.67  94.34    320   14.202    13    7.482   21.684
 13.49   0.00  77.93  13.94  95.67  94.34    320   14.202    13    7.482   21.684
  0.00  98.44  25.98  14.42  95.67  94.34    321   14.226    13    7.482   21.708
  0.00  98.44  77.95  14.42  95.67  94.34    321   14.226    13    7.482   21.708
 58.52   0.00  21.99  16.40  95.67  94.34    322   14.263    13    7.482   21.745
 58.52   0.00  73.97  16.40  95.67  94.34    322   14.263    13    7.482   21.745
  0.00  65.13  14.00  18.38  95.67  94.34    323   14.305    13    7.482   21.787
  0.00  65.13  67.98  18.38  95.67  94.34    323   14.305    13    7.482   21.787
 58.09   0.00  10.00  20.68  95.67  94.34    324   14.348    13    7.482   21.831
 58.09   0.00  61.99  20.68  95.67  94.34    324   14.348    13    7.482   21.831
  0.00  59.00   0.00  22.66  95.67  94.34    325   14.411    13    7.482   21.893
  0.00  59.00  51.99  22.66  95.67  94.34    325   14.411    13    7.482   21.893
 18.75  59.00 100.00  23.25  95.67  94.34    326   14.411    13    7.482   21.893
 62.74   0.00  36.66  24.66  95.67  94.34    326   14.468    13    7.482   21.951
 62.74   0.00  55.17  24.66  95.67  94.34    326   14.468    13    7.482   21.951
 62.74   3.21  97.57  25.03  95.67  94.34    327   14.468    13    7.482   21.951
  0.00  37.10  34.03  31.56  95.68  94.34    327   14.513    13    7.482   21.996
  0.00  37.10  85.65  31.56  95.68  94.34    327   14.513    13    7.482   21.996
 62.96   0.00  29.86  32.72  95.68  94.34    328   14.540    13    7.482   22.022
 62.96   0.00  79.79  32.72  95.68  94.34    328   14.540    13    7.482   22.022
  0.00  71.79  23.93  34.51  95.68  94.34    329   14.576    13    7.482   22.058
  0.00  71.79  75.77  34.51  95.68  94.34    329   14.576    13    7.482   22.058
 70.57   0.00  17.96  36.70  95.68  94.34    330   14.617    13    7.482   22.099
 70.57   0.00  67.87  36.70  95.68  94.34    330   14.617    13    7.482   22.099
  0.00  79.05   9.99  38.75  95.68  94.34    331   14.664    13    7.482   22.147
  0.00  79.05  59.92  38.75  95.68  94.34    331   14.664    13    7.482   22.147
 70.23   0.00   2.00  41.10  95.68  94.34    332   14.710    13    7.482   22.192
 70.23   0.00  53.95  41.10  95.68  94.34    332   14.710    13    7.482   22.192
 70.23   7.11 100.00  41.29  95.68  94.34    333   14.710    13    7.482   22.192
  0.00  69.43  36.64  43.13  95.68  94.34    333   14.770    13    7.482   22.252
  0.00  69.43  64.62  43.13  95.68  94.34    333   14.770    13    7.482   22.252
  0.00  69.43  94.08  43.13  95.68  94.34    333   14.770    13    7.482   22.252
 55.81   0.00  32.04  50.95  95.68  94.34    334   14.822    13    7.482   22.304
 55.81   0.00  79.67  50.95  95.68  94.34    334   14.822    13    7.482   22.304
  0.00  51.19  23.88  52.52  95.68  94.34    335   14.849    13    7.482   22.331
  0.00  51.19  73.63  52.52  95.68  94.34    335   14.849    13    7.482   22.331
 77.46   0.00  15.95  53.94  95.68  94.34    336   14.884    13    7.482   22.367
 77.46   0.00  65.79  53.94  95.68  94.34    336   14.884    13    7.482   22.367
  0.00  98.92   7.98  56.15  95.68  94.34    337   14.926    13    7.482   22.408
  0.00  98.92  55.88  56.15  95.68  94.34    337   14.926    13    7.482   22.408
 84.29   0.00   0.00  58.22  95.68  94.34    338   14.972    13    7.482   22.454
 84.29   0.00  47.93  58.22  95.68  94.34    338   14.972    13    7.482   22.454
 84.29   0.00  99.86  58.22  95.68  94.34    339   14.972    13    7.482   22.454
  0.00  70.83  39.96  60.59  95.68  94.34    339   15.023    13    7.482   22.505
  0.00  70.83  89.92  60.59  95.68  94.34    339   15.023    13    7.482   22.505
 77.08   0.00  27.98  62.64  95.68  94.34    340   15.084    13    7.482   22.567
 77.08   0.00  70.61  62.64  95.68  94.34    340   15.084    13    7.482   22.567
 77.08   0.00  87.76  62.64  95.68  94.34    340   15.084    13    7.482   22.567
  0.00  99.95  15.74  68.04  95.68  94.34    341   15.156    13    7.482   22.639
  0.00  99.95  67.56  68.04  95.68  94.34    341   15.156    13    7.482   22.639
 39.32   0.00  11.94  69.85  95.68  94.34    342   15.186    13    7.482   22.668
 39.32   0.00  67.66  69.85  95.68  94.34    342   15.186    13    7.482   22.668
  0.00  39.79  13.95  70.97  95.68  94.34    343   15.217    13    7.482   22.699
  0.00  39.79  69.77  70.97  95.68  94.34    343   15.217    13    7.482   22.699
 47.55   0.00  17.96  72.86  95.68  94.34    344   15.257    13    7.482   22.739
 47.55   0.00  67.86  72.86  95.68  94.34    344   15.257    13    7.482   22.739
  0.00  47.72   7.99  74.75  95.68  94.34    345   15.301    13    7.482   22.783
  0.00  47.72  61.92  74.75  95.68  94.34    345   15.301    13    7.482   22.783
 46.41   0.00   5.99  76.95  95.68  94.34    346   15.344    13    7.482   22.827
 46.41   0.00  59.95  76.95  95.68  94.34    346   15.344    13    7.482   22.827
  0.00  44.45   2.00  78.84  95.68  94.34    347   15.396    13    7.482   22.878
  0.00  44.45  55.97  78.84  95.68  94.34    347   15.396    13    7.482   22.878
 59.41   0.00   0.00  80.75  95.68  94.34    348   15.451    13    7.482   22.933
 59.41   0.00  39.37  80.75  95.68  94.34    348   15.451    13    7.482   22.933
 59.41   0.00  59.07  80.75  95.68  94.34    348   15.451    13    7.482   22.933
  0.00  18.63  12.58  87.88  95.68  94.34    349   15.496    13    7.482   22.979
  0.00  18.63  50.29  87.88  95.68  94.34    349   15.496    13    7.482   22.979
  0.00  18.63 100.00  87.88  95.68  94.34    350   15.496    13    7.482   22.979
 46.58   0.00  47.76  88.62  95.68  94.34    350   15.524    13    7.482   23.006
 46.58   0.00  99.50  88.62  95.68  94.34    351   15.524    13    7.482   23.006
  0.00  53.76  43.86  90.34  95.68  94.34    351   15.563    13    7.482   23.045
  0.00  53.76  97.68  90.34  95.68  94.34    352   15.563    13    7.482   23.045
 54.37   0.00  39.92  92.46  95.68  94.34    352   15.605    13    7.482   23.087
 54.37   3.71 100.00  92.59  95.68  94.34    353   15.605    13    7.482   23.087
  0.00  62.50  45.94  94.42  95.68  94.34    353   15.652    13    7.482   23.134
  0.00  62.50  97.87  94.42  95.68  94.34    354   15.652    13    7.482   23.134
 58.33   0.00   0.00  96.71  95.68  94.34    354   15.701    14    7.482   23.183
 58.33   0.00   0.00  96.71  95.68  94.34    354   15.701    14    7.482   23.183
  0.00   0.00  33.97   9.40  95.68  94.34    354   15.701    14    8.067   23.768
  0.00   0.00  85.92   9.40  95.68  94.34    354   15.701    14    8.067   23.768
  0.00  57.41  31.98   9.40  95.68  94.34    355   15.731    14    8.067   23.798
  0.00  57.41  74.63   9.40  95.68  94.34    355   15.731    14    8.067   23.798
  0.00  57.41  96.80   9.40  95.68  94.34    355   15.731    14    8.067   23.798
 99.96   0.00  23.27  12.62  95.68  94.34    356   15.808    14    8.067   23.875
 99.96   0.00  67.95  12.62  95.68  94.34    356   15.808    14    8.067   23.875
  0.00  98.07  17.96  13.94  95.68  94.34    357   15.830    14    8.067   23.897
  0.00  98.07  73.68  13.94  95.68  94.34    357   15.830    14    8.067   23.897
 39.52   0.00  23.92  14.69  95.68  94.34    358   15.856    14    8.067   23.923
 39.52   0.00  77.93  14.69  95.68  94.34    358   15.856    14    8.067   23.923
  0.00  98.20  23.95  16.47  95.68  94.34    359   15.894    14    8.067   23.961
  0.00  98.20  81.83  16.47  95.68  94.34    359   15.894    14    8.067   23.961
 48.14   0.00  23.97  18.25  95.68  94.34    360   15.938    14    8.067   24.005
 48.14   0.00  77.89  18.25  95.68  94.34    360   15.938    14    8.067   24.005
  0.00  43.23  25.98  20.33  95.68  94.34    361   15.980    14    8.067   24.047
  0.00  43.23  79.93  20.33  95.68  94.34    361   15.980    14    8.067   24.047
 44.34   0.00  23.99  22.11  95.68  94.34    362   16.030    14    8.067   24.097
 44.34   0.00  77.96  22.11  95.68  94.34    362   16.030    14    8.067   24.097
  0.00  46.88  18.69  23.90  95.68  94.34    363   16.081    14    8.067   24.148
  0.00  46.88  57.38  23.90  95.68  94.34    363   16.081    14    8.067   24.148
  0.00  46.88  77.15  23.90  95.68  94.34    363   16.081    14    8.067   24.148
 35.35   0.00  33.65  31.16  95.68  94.34    364   16.130    14    8.067   24.197
 35.35   0.00  71.35  31.16  95.68  94.34    364   16.130    14    8.067   24.197
  0.00  34.41  17.91  32.46  95.68  94.34    365   16.154    14    8.067   24.221
  0.00  34.41  71.63  32.46  95.68  94.34    365   16.154    14    8.067   24.221
 57.62   0.00  15.95  33.70  95.68  94.34    366   16.186    14    8.067   24.253
 57.62   0.00  69.77  33.70  95.68  94.34    366   16.186    14    8.067   24.253
  0.00  52.89  13.97  35.69  95.68  94.34    367   16.225    14    8.067   24.292
  0.00  52.89  64.20  35.69  95.68  94.34    367   16.225    14    8.067   24.292
 65.30   0.00   7.99  37.55  95.68  94.34    368   16.269    14    8.067   24.336
 65.30   0.00  61.91  37.55  95.68  94.34    368   16.269    14    8.067   24.336
  0.00  56.75   4.00  39.71  95.68  94.34    369   16.314    14    8.067   24.381
  0.00  56.75  55.95  39.71  95.68  94.34    369   16.314    14    8.067   24.381
 32.59  56.75 100.00  40.74  95.68  94.34    370   16.314    14    8.067   24.381
 60.88   0.00  45.97  41.58  95.68  94.34    370   16.372    14    8.067   24.439
 60.88   0.00  91.96  41.58  95.68  94.34    370   16.372    14    8.067   24.439
  0.00 100.00   8.00  43.72  95.68  94.34    371   16.440    14    8.067   24.507
  0.00 100.00  48.08  43.72  95.68  94.34    371   16.440    14    8.067   24.507
  0.00 100.00  94.83  43.72  95.68  94.34    371   16.440    14    8.067   24.507
 18.47   0.00  43.95  45.92  95.70  94.34    372   16.470    14    8.067   24.537
 18.47   0.00  97.88  45.92  95.70  94.34    373   16.470    14    8.067   24.537
  0.00  44.03  45.96  46.53  95.70  94.34    373   16.497    14    8.067   24.564
  0.00  44.03  99.92  46.53  95.70  94.34    374   16.497    14    8.067   24.564
 55.65   0.00  45.98  48.33  95.70  94.34    374   16.534    14    8.067   24.601
 55.65   0.00  97.95  48.33  95.70  94.34    375   16.534    14    8.067   24.601
  0.00  54.19  43.99  50.14  95.70  94.34    375   16.578    14    8.067   24.645
  0.00  54.19  97.97  50.14  95.70  94.34    376   16.578    14    8.067   24.645
 53.79   0.00  41.99  52.26  95.70  94.34    376   16.621    14    8.067   24.688
 53.79  27.21 100.00  53.23  95.70  94.34    377   16.621    14    8.067   24.688
  0.00  50.59  49.99  54.07  95.70  94.34    377   16.672    14    8.067   24.739
  8.22  50.59 100.00  54.33  95.70  94.34    378   16.672    14    8.067   24.739
 58.51   0.00  40.00  55.91  95.70  94.34    378   16.724    14    8.067   24.791
 58.51   0.00  58.00  55.91  95.70  94.34    378   16.724    14    8.067   24.791
 58.51   0.00  86.94  55.91  95.70  94.34    379   16.724    14    8.067   24.791
  0.00  38.16  34.68  62.37  95.70  94.34    379   16.772    14    8.067   24.839
  0.00  38.16  86.30  62.37  95.70  94.34    379   16.772    14    8.067   24.839
 47.24   0.00  33.84  63.63  95.70  94.34    380   16.799    14    8.067   24.866
 47.24   0.00  83.60  63.63  95.70  94.34    380   16.799    14    8.067   24.866
  0.00  61.78  27.91  65.09  95.70  94.34    381   16.835    14    8.067   24.902
  0.00  61.78  79.75  65.09  95.70  94.34    381   16.835    14    8.067   24.902
 64.85   0.00  23.95  67.13  95.70  94.34    382   16.877    14    8.067   24.944
 64.85   0.00  73.85  67.13  95.70  94.34    382   16.877    14    8.067   24.944
  0.00  71.37  15.98  69.02  95.70  94.34    383   16.924    14    8.067   24.991
  0.00  71.37  69.91  69.02  95.70  94.34    383   16.924    14    8.067   24.991
 66.33   0.00  11.99  71.20  95.70  94.34    384   16.971    14    8.067   25.038
 66.33   0.00  61.95  71.20  95.70  94.34    384   16.971    14    8.067   25.038
  0.00  64.34   2.00  73.09  95.70  94.34    385   17.025    14    8.067   25.092
  0.00  64.34  48.64  73.09  95.70  94.34    385   17.025    14    8.067   25.092
  0.00  64.34  84.62  73.09  95.70  94.34    385   17.025    14    8.067   25.092
100.00   0.00   8.35  76.59  95.70  94.34    386   17.098    14    8.067   25.165
100.00   0.00  57.48  76.59  95.70  94.34    386   17.098    14    8.067   25.165
  0.00  97.02   0.00  77.72  95.70  94.34    387   17.120    14    8.067   25.187
  0.00  97.02  51.83  77.72  95.70  94.34    387   17.120    14    8.067   25.187
 41.60   0.00   1.99  78.49  95.70  94.34    388   17.149    14    8.067   25.216
 41.60   0.00  55.82  78.49  95.70  94.34    388   17.149    14    8.067   25.216
  0.00  98.92   2.00  80.29  95.70  94.34    389   17.190    14    8.067   25.257
  0.00  98.92  55.88  80.29  95.70  94.34    389   17.190    14    8.067   25.257
 50.23   0.00   0.00  82.09  95.70  94.34    390   17.234    14    8.067   25.301
 50.23   0.00  53.93  82.09  95.70  94.34    390   17.234    14    8.067   25.301
 50.23  32.26 100.00  83.66  95.70  94.34    391   17.234    14    8.067   25.301
  0.00  45.30  53.95  84.18  95.70  94.34    391   17.279    14    8.067   25.346
 28.03  45.30 100.00  85.27  95.70  94.34    392   17.279    14    8.067   25.346
 46.97   0.00  49.97  85.99  95.70  94.34    392   17.331    14    8.067   25.398
 46.97   7.53 100.00  86.24  95.70  94.34    393   17.331    14    8.067   25.398
  0.00  49.11  38.68  87.78  95.70  94.34    393   17.387    14    8.067   25.454
  0.00  49.11  59.01  87.78  95.70  94.34    393   17.387    14    8.067   25.454
  0.00  49.11  95.46  87.78  95.70  94.34    394   17.387    14    8.067   25.454
 33.65   0.00  38.84  94.23  95.70  94.34    394   17.435    14    8.067   25.502
 33.65   0.00  90.45  94.23  95.70  94.34    394   17.435    14    8.067   25.502
  0.00   0.00  15.92   1.66  95.70  94.34    395   17.464    15    8.166   25.630
  0.00   0.00  69.66   1.66  95.70  94.34    395   17.464    15    8.166   25.630
 60.70   0.00  13.96   1.66  95.70  94.34    396   17.487    15    8.166   25.653
 60.70   0.00  67.78   1.66  95.70  94.34    396   17.487    15    8.166   25.653
  0.00  55.62  11.98   3.72  95.70  94.34    397   17.525    15    8.166   25.691
  0.00  55.62  63.87   3.72  95.70  94.34    397   17.525    15    8.166   25.691
 67.21   0.00   5.99   5.66  95.70  94.34    398   17.569    15    8.166   25.735
 67.21   0.00  57.92   5.66  95.70  94.34    398   17.569    15    8.166   25.735
  0.00  58.38   2.00   7.89  95.70  94.34    399   17.612    15    8.166   25.778
  0.00  58.38  53.95   7.89  95.70  94.34    399   17.612    15    8.166   25.778
 25.15  58.38 100.00   8.68  95.70  94.34    400   17.612    15    8.166   25.778
 62.82   0.00  45.97   9.83  95.70  94.34    400   17.670    15    8.166   25.835
 62.82   0.00  84.62   9.83  95.70  94.34    400   17.670    15    8.166   25.835
  0.00 100.00   0.00  12.72  95.70  94.34    401   17.736    15    8.166   25.901
  0.00 100.00  47.36  12.72  95.70  94.34    401   17.736    15    8.166   25.901
  0.00 100.00  89.15  12.72  95.70  94.34    401   17.736    15    8.166   25.901
 25.18   0.00  35.70  14.45  95.70  94.34    402   17.762    15    8.166   25.927
 25.18   0.00  91.22  14.45  95.70  94.34    402   17.762    15    8.166   25.927
  0.00  42.73  39.78  15.28  95.70  94.34    403   17.788    15    8.166   25.953
  0.00  42.73  93.49  15.28  95.70  94.34    403   17.788    15    8.166   25.953
 52.55   0.00  37.86  17.14  95.70  94.34    404   17.826    15    8.166   25.992
 52.55   0.00  91.67  17.14  95.70  94.34    404   17.826    15    8.166   25.992
  0.00  51.87  37.91  18.99  95.70  94.34    405   17.868    15    8.166   26.034
  0.00  51.87  91.79  18.99  95.70  94.34    405   17.868    15    8.166   26.034
 51.70   0.00  35.95  21.16  95.70  94.34    406   17.910    15    8.166   26.076
 51.70   0.00  87.87  21.16  95.70  94.34    406   17.910    15    8.166   26.076
  0.00  48.67  27.97  23.02  95.70  94.34    407   17.967    15    8.166   26.132
  0.00  48.67  81.92  23.02  95.70  94.34    407   17.967    15    8.166   26.132
 55.46   0.00  15.99  24.91  95.70  94.34    408   18.028    15    8.166   26.194
 55.46   0.00  47.97  24.91  95.70  94.34    408   18.028    15    8.166   26.194
 55.46   0.00  79.05  24.91  95.70  94.34    408   18.028    15    8.166   26.194
  0.00  31.65  12.44  31.57  95.70  94.34    409   18.073    15    8.166   26.238
  0.00  31.65  64.05  31.57  95.70  94.34    409   18.073    15    8.166   26.238
 52.26   0.00   7.96  32.71  95.70  94.34    410   18.099    15    8.166   26.264
 52.26   0.00  61.70  32.71  95.70  94.34    410   18.099    15    8.166   26.264
  0.00  59.44   3.99  34.41  95.70  94.34    411   18.136    15    8.166   26.302
  0.00  59.44  57.82  34.41  95.70  94.34    411   18.136    15    8.166   26.302
 61.19   0.00   2.00  36.50  95.70  94.34    412   18.176    15    8.166   26.342
 61.19   0.00  51.89  36.50  95.70  94.34    412   18.176    15    8.166   26.342
 61.19  22.92 100.00  36.92  95.70  94.34    413   18.176    15    8.166   26.342
  0.00  68.45  45.94  38.43  95.70  94.34    413   18.221    15    8.166   26.386
  0.00  68.45  97.87  38.43  95.70  94.34    414   18.221    15    8.166   26.386
 65.21   0.00  41.96  40.68  95.70  94.34    414   18.267    15    8.166   26.432
 65.21  12.89 100.00  41.07  95.70  94.34    415   18.267    15    8.166   26.432
  0.00  62.42  39.98  42.62  95.70  94.34    415   18.327    15    8.166   26.492
  0.00  62.42  75.96  42.62  95.70  94.34    415   18.327    15    8.166   26.492
  0.00  62.42  94.85  42.62  95.70  94.34    415   18.327    15    8.166   26.492
100.00   0.00  50.19  47.41  95.70  94.34    416   18.395    15    8.166   26.560
100.00   0.00  89.89  47.41  95.70  94.34    416   18.395    15    8.166   26.560
  0.00  96.63  37.81  49.19  95.70  94.34    417   18.421    15    8.166   26.587
  0.00  96.63  95.53  49.19  95.70  94.34    417   18.421    15    8.166   26.587
 36.98   0.00  45.85  50.09  95.70  94.34    418   18.449    15    8.166   26.614
 36.98   0.00 100.00  50.09  95.70  94.34    419   18.449    15    8.166   26.614
  0.00  98.90  47.90  51.91  95.70  94.34    419   18.487    15    8.166   26.653
  0.51  98.90 100.00  51.93  95.70  94.34    420   18.487    15    8.166   26.653
 44.42   0.00  47.94  53.72  95.70  94.34    420   18.529    15    8.166   26.695
  0.00  40.19   0.00  55.84  95.70  94.34    421   18.572    15    8.166   26.737
  0.00  40.19  49.96  55.84  95.70  94.34    421   18.572    15    8.166   26.737
 41.04   0.00   0.00  57.66  95.70  94.34    422   18.622    15    8.166   26.788
 41.04   0.00  49.97  57.66  95.70  94.34    422   18.622    15    8.166   26.788
 41.04   8.89 100.00  58.01  95.70  94.34    423   18.622    15    8.166   26.788
  0.00  43.23  41.98  59.47  95.70  94.34    423   18.673    15    8.166   26.838
  0.00  43.23  63.17  59.47  95.70  94.34    423   18.673    15    8.166   26.838
  0.00  43.23  93.45  59.47  95.70  94.34    424   18.673    15    8.166   26.838
 33.28   0.00  45.92  66.94  95.70  94.34    424   18.722    15    8.166   26.888
 33.28   0.00  97.52  66.94  95.70  94.34    425   18.722    15    8.166   26.888
  0.00  31.88  45.77  68.30  95.70  94.34    425   18.747    15    8.166   26.913
  0.00  31.88  97.51  68.30  95.70  94.34    426   18.747    15    8.166   26.913
 54.10   0.00  45.85  69.55  95.70  94.34    426   18.781    15    8.166   26.947
 54.10   0.00  99.67  69.55  95.70  94.34    427   18.781    15    8.166   26.947
  0.00  49.74  43.91  71.58  95.70  94.34    427   18.822    15    8.166   26.988
 33.44  49.74 100.00  72.50  95.70  94.34    428   18.822    15    8.166   26.988
 62.57   0.00  49.93  73.48  95.70  94.34    428   18.867    15    8.166   27.033
 62.57   4.60 100.00  73.65  95.70  94.34    429   18.867    15    8.166   27.033
  0.00  53.78  45.96  75.69  95.70  94.34    429   18.915    15    8.166   27.080
  0.00  53.78  97.91  75.69  95.70  94.34    430   18.915    15    8.166   27.080
 58.18   0.00  35.98  77.60  95.70  94.34    430   18.976    15    8.166   27.141
 58.18   0.00  83.95  77.60  95.70  94.34    430   18.976    15    8.166   27.141
  0.00  93.23  10.00  79.51  95.70  94.34    431   19.037    15    8.166   27.203
  0.00  93.23  43.14  79.51  95.70  94.34    431   19.037    15    8.166   27.203
  0.00  93.23  80.06  79.51  95.70  94.34    431   19.037    15    8.166   27.203
 13.62   0.00  25.99  81.94  95.70  94.34    432   19.069    15    8.166   27.234
 13.62   0.00  77.97  81.94  95.70  94.34    432   19.069    15    8.166   27.234
  0.00  98.56  23.99  82.40  95.70  94.34    433   19.096    15    8.166   27.262
  0.00  98.56  75.98  82.40  95.70  94.34    433   19.096    15    8.166   27.262
 58.52   0.00  20.00  84.33  95.70  94.34    434   19.139    15    8.166   27.305
 58.52   0.00  71.99  84.33  95.70  94.34    434   19.139    15    8.166   27.305
  0.00  65.13  12.00  86.26  95.70  94.34    435   19.185    15    8.166   27.351
  0.00  65.13  63.99  86.26  95.70  94.34    435   19.185    15    8.166   27.351
 58.16   0.00   8.00  88.50  95.70  94.34    436   19.231    15    8.166   27.397
 58.16   0.00  60.00  88.50  95.70  94.34    436   19.231    15    8.166   27.397
  0.00  59.08   0.00  90.43  95.70  94.34    437   19.286    15    8.166   27.452
  0.00  59.08  52.00  90.43  95.70  94.34    437   19.286    15    8.166   27.452
 15.74  59.08 100.00  90.92  95.70  94.34    438   19.286    15    8.166   27.452
 62.74   0.00  36.00  92.37  95.70  94.34    438   19.341    15    8.166   27.507
 62.74   0.00  60.13  92.37  95.70  94.34    438   19.341    15    8.166   27.507
  0.00  36.86   0.00  99.08  95.70  94.34    439   19.392    16    8.166   27.557
  0.00  36.86   0.00  99.08  95.70  94.34    439   19.392    16    8.166   27.557
  0.00  36.86   0.00  99.08  95.70  94.34    439   19.392    16    8.166   27.557
  0.00   0.00   0.00  16.89  95.70  94.34    439   19.392    16    8.968   28.360
  0.00   0.00  38.00  16.89  95.70  94.34    439   19.392    16    8.968   28.360
  0.00   0.00  87.63  16.89  95.70  94.34    439   19.392    16    8.968   28.360
 62.96   0.00  31.85  21.36  95.70  94.34    440   19.419    16    8.968   28.387
 62.96   0.00  81.77  21.36  95.70  94.34    440   19.419    16    8.968   28.387
  0.00  71.88  25.92  23.00  95.70  94.34    441   19.454    16    8.968   28.423
  0.00  71.88  77.76  23.00  95.70  94.34    441   19.454    16    8.968   28.423
 70.57   0.00  19.96  25.00  95.70  94.34    442   19.495    16    8.968   28.464
 70.57   0.00  71.86  25.00  95.70  94.34    442   19.495    16    8.968   28.464
  0.00  79.14  11.98  26.86  95.70  94.34    443   19.541    16    8.968   28.509
  0.00  79.14  63.92  26.86  95.70  94.34    443   19.541    16    8.968   28.509
 70.23   0.00   5.99  29.01  95.70  94.34    444   19.586    16    8.968   28.554
 70.23   0.00  57.95  29.01  95.70  94.34    444   19.586    16    8.968   28.554
 70.23  35.36 100.00  29.94  95.70  94.34    445   19.586    16    8.968   28.554
  0.00  69.52  40.64  30.86  95.70  94.34    445   19.647    16    8.968   28.615
  0.00  69.52  66.62  30.86  95.70  94.34    445   19.647    16    8.968   28.615
  0.00  69.52  96.08  30.86  95.70  94.34    445   19.647    16    8.968   28.615
 55.76   0.00  34.03  37.99  95.70  94.34    446   19.698    16    8.968   28.667
 55.76   0.00  81.66  37.99  95.70  94.34    446   19.698    16    8.968   28.667
  0.00  51.19  27.86  39.42  95.70  94.34    447   19.724    16    8.968   28.692
  0.00  51.19  79.60  39.42  95.70  94.34    447   19.724    16    8.968   28.692
 77.46   0.00  19.93  40.72  95.70  94.34    448   19.758    16    8.968   28.726
 77.46   0.00  71.77  40.72  95.70  94.34    448   19.758    16    8.968   28.726
  0.00  98.80  13.97  42.74  95.70  94.34    449   19.798    16    8.968   28.767
  0.00  98.80  63.86  42.74  95.70  94.34    449   19.798    16    8.968   28.767
 84.29   0.00   5.99  44.62  95.70  94.34    450   19.845    16    8.968   28.813
 84.29   0.00  57.92  44.62  95.70  94.34    450   19.845    16    8.968   28.813
  0.00  70.75   0.00  46.78  95.70  94.34    451   19.891    16    8.968   28.859
  0.00  70.75  49.96  46.78  95.70  94.34    451   19.891    16    8.968   28.859
  0.00  70.75  99.91  46.78  95.70  94.34    452   19.891    16    8.968   28.859
 77.18   0.00  39.98  48.65  95.70  94.34    452   19.945    16    8.968   28.913
 77.18   0.00  76.61  48.65  95.70  94.34    452   19.945    16    8.968   28.913
 77.18  49.63  95.64  51.87  95.70  94.34    453   19.945    16    8.968   28.913
  0.00  99.95  45.73  53.57  95.70  94.34    453   20.014    16    8.968   28.983
  0.00  99.95  89.39  53.57  95.70  94.34    453   20.014    16    8.968   28.983
 39.40   0.00  37.81  55.22  95.70  94.34    454   20.042    16    8.968   29.011
 39.40   0.00  93.53  55.22  95.70  94.34    454   20.042    16    8.968   29.011
  0.00  39.79  41.86  56.25  95.70  94.34    455   20.072    16    8.968   29.040
  0.00  39.79  97.68  56.25  95.70  94.34    455   20.072    16    8.968   29.040
 47.55   0.00  31.93  57.97  95.70  94.34    456   20.110    16    8.968   29.079
 47.55   0.00  84.18  57.97  95.70  94.34    456   20.110    16    8.968   29.079
  0.00  47.77  29.96  59.69  95.70  94.34    457   20.155    16    8.968   29.123
  0.00  47.77  83.88  59.69  95.70  94.34    457   20.155    16    8.968   29.123
 46.47   0.00  27.98  61.70  95.70  94.34    458   20.199    16    8.968   29.167
 46.47   0.00  81.93  61.70  95.70  94.34    458   20.199    16    8.968   29.167
  0.00  44.39  21.99  63.42  95.70  94.34    459   20.257    16    8.968   29.226
  0.00  44.39  75.96  63.42  95.70  94.34    459   20.257    16    8.968   29.226
 59.34   0.00  12.69  65.16  95.70  94.34    460   20.310    16    8.968   29.279
 59.34   0.00  41.37  65.16  95.70  94.34    460   20.310    16    8.968   29.279
 59.34   0.00  73.55  65.16  95.70  94.34    460   20.310    16    8.968   29.279
  0.00  18.56  12.58  71.67  95.70  94.34    461   20.354    16    8.968   29.323
  0.00  18.56  58.23  71.67  95.70  94.34    461   20.354    16    8.968   29.323
 45.63   0.00   1.99  72.34  95.70  94.34    462   20.380    16    8.968   29.348
 45.63   0.00  51.74  72.34  95.70  94.34    462   20.380    16    8.968   29.348
  0.00  53.28   0.00  73.91  95.70  94.34    463   20.418    16    8.968   29.387
  0.00  53.28  47.85  73.91  95.70  94.34    463   20.418    16    8.968   29.387
  2.39  53.28 100.00  73.99  95.70  94.34    464   20.418    16    8.968   29.387
 53.19   0.00  43.91  75.84  95.70  94.34    464   20.460    16    8.968   29.428
 53.19  30.91 100.00  76.57  95.70  94.34    465   20.460    16    8.968   29.428
  0.00  62.43  47.93  77.63  95.70  94.34    465   20.505    16    8.968   29.474
  0.49  62.43 100.00  77.65  95.70  94.34    466   20.505    16    8.968   29.474
 56.83   0.00  43.96  79.72  95.70  94.34    466   20.551    16    8.968   29.519
 56.83  24.85 100.00  80.47  95.70  94.34    467   20.551    16    8.968   29.519
  0.00  57.49  45.97  81.51  95.70  94.34    467   20.611    16    8.968   29.579
  0.00  57.49  84.63  81.51  95.70  94.34    467   20.611    16    8.968   29.579
 99.96  57.49  97.75  82.88  95.70  94.34    468   20.611    16    8.968   29.579
 99.96   0.00  58.03  84.63  95.70  94.34    468   20.684    16    8.968   29.652
 99.96   0.00  93.76  84.63  95.70  94.34    468   20.684    16    8.968   29.652
  0.00  98.07  41.84  85.91  95.70  94.34    469   20.709    16    8.968   29.677
  0.00  98.07  97.56  85.91  95.70  94.34    470   20.709    16    8.968   29.677
 39.47   0.00  46.03  86.64  95.70  94.34    470   20.738    16    8.968   29.706
  0.00  98.08   0.00  88.36  95.70  94.34    471   20.778    16    8.968   29.746
  0.00  98.08  47.90  88.36  95.70  94.34    471   20.778    16    8.968   29.746
  0.00  98.08  99.79  88.36  95.70  94.34    472   20.778    16    8.968   29.746
 47.72   0.00  45.94  90.08  95.70  94.34    472   20.821    16    8.968   29.790
 47.72   0.00  97.87  90.08  95.70  94.34    473   20.821    16    8.968   29.790
  0.00  43.29  39.96  92.09  95.70  94.34    473   20.866    16    8.968   29.835
 12.32  43.29 100.00  92.57  95.70  94.34    474   20.866    16    8.968   29.835
 44.40   0.00  45.97  93.82  95.70  94.34    474   20.922    16    8.968   29.890
 44.40   0.00  99.94  93.82  95.70  94.34    475   20.922    16    8.968   29.890
  0.00  46.88  36.69  95.54  95.70  94.34    475   20.978    16    8.968   29.947
  0.00  46.88  61.38  95.54  95.70  94.34    475   20.978    16    8.968   29.947
  0.00  46.88  91.74  95.54  95.70  94.34    475   20.978    16    8.968   29.947
 35.29  46.88  91.74  97.19  95.72  94.34    476   21.120    17    8.968   30.088
 35.29  46.88  91.74  97.19  95.72  94.34    476   21.120    17    8.968   30.088
 35.29  46.88  91.74  97.19  95.72  94.34    476   21.120    17    8.968   30.088
  0.00   0.00   0.00  17.69  95.72  94.34    476   21.120    17    9.798   30.918
  0.00   0.00  57.82  17.69  95.72  94.34    476   21.120    17    9.798   30.918
 33.55   0.00   3.98  26.64  95.74  94.34    477   21.151    17    9.798   30.949
 33.55   0.00  57.70  26.64  95.74  94.34    477   21.151    17    9.798   30.949
  0.00  53.44   1.99  27.82  95.74  94.34    478   21.186    17    9.798   30.983
  0.00  53.44  55.81  27.82  95.74  94.34    478   21.186    17    9.798   30.983
 53.57   0.00   2.00  29.74  95.74  94.34    479   21.225    17    9.798   31.023
 53.57   0.00  54.22  29.74  95.74  94.34    479   21.225    17    9.798   31.023
  0.00  63.19   0.00  31.53  95.74  94.34    480   21.268    17    9.798   31.066
  0.00  63.19  49.93  31.53  95.74  94.34    480   21.268    17    9.798   31.066
  4.19  63.19 100.00  31.66  95.74  94.34    481   21.268    17    9.798   31.066
 57.50   0.00  43.96  33.61  95.74  94.34    481   21.312    17    9.798   31.110
 57.50  22.13 100.00  34.28  95.74  94.34    482   21.312    17    9.798   31.110
  0.00  58.24  41.97  35.41  95.74  94.34    482   21.373    17    9.798   31.171
  0.00  58.24  88.62  35.41  95.74  94.34    482   21.373    17    9.798   31.171
100.00   0.00  10.00  37.28  95.74  94.34    483   21.436    17    9.798   31.234
100.00   0.00  42.36  37.28  95.74  94.34    483   21.436    17    9.798   31.234
100.00   0.00  92.38  37.28  95.74  94.34    483   21.436    17    9.798   31.234
  0.00  99.52  41.99  39.49  95.77  94.34    484   21.465    17    9.798   31.263
  0.00  99.52  93.98  39.49  95.77  94.34    484   21.465    17    9.798   31.263
 44.25   0.00  31.99  39.95  95.77  94.34    485   21.489    17    9.798   31.287
 44.25   0.00  87.99  39.95  95.77  94.34    485   21.489    17    9.798   31.287
  0.00  99.88  34.00  41.71  95.77  94.34    486   21.526    17    9.798   31.324
  0.00  99.88  87.99  41.71  95.77  94.34    486   21.526    17    9.798   31.324
 54.19   0.00  30.00  43.46  95.77  94.34    487   21.570    17    9.798   31.368
 54.19   0.00  83.99  43.46  95.77  94.34    487   21.570    17    9.798   31.368
  0.00  48.61  30.00  45.51  95.77  94.34    488   21.612    17    9.798   31.410
  0.00  48.61  84.00  45.51  95.77  94.34    488   21.612    17    9.798   31.410
 50.39   0.00  24.00  47.27  95.77  94.34    489   21.670    17    9.798   31.467
 50.39   0.00  78.00  47.27  95.77  94.34    489   21.670    17    9.798   31.467
  0.00  52.92  18.00  49.02  95.77  94.34    490   21.726    17    9.798   31.524
  0.00  52.92  58.68  49.02  95.77  94.34    490   21.726    17    9.798   31.524
  0.00  52.92  80.25  49.02  95.77  94.34    490   21.726    17    9.798   31.524
 41.71   0.00  33.09  56.08  95.77  94.34    491   21.777    17    9.798   31.575
 41.71   0.00  68.82  56.08  95.77  94.34    491   21.777    17    9.798   31.575
  0.00  39.31  13.93  57.43  95.77  94.34    492   21.802    17    9.798   31.600
  0.00  39.31  65.68  57.43  95.77  94.34    492   21.802    17    9.798   31.600
 64.31   0.00   9.97  58.66  95.77  94.34    493   21.835    17    9.798   31.633
 64.31   0.00  61.81  58.66  95.77  94.34    493   21.835    17    9.798   31.633
  0.00  58.75   5.99  60.61  95.77  94.34    494   21.876    17    9.798   31.674
  0.00  58.75  55.89  60.61  95.77  94.34    494   21.876    17    9.798   31.674
 70.27   0.00   0.00  62.44  95.77  94.34    495   21.921    17    9.798   31.719
 70.27   0.00  49.93  62.44  95.77  94.34    495   21.921    17    9.798   31.719
 70.27   3.51 100.00  62.55  95.77  94.34    496   21.921    17    9.798   31.719
  0.00  60.90  43.96  64.55  95.77  94.34    496   21.966    17    9.798   31.764
 23.58  60.90 100.00  65.22  95.77  94.34    497   21.966    17    9.798   31.764
 65.79   0.00  43.98  66.38  95.77  94.34    497   22.026    17    9.798   31.824
 65.79   0.00  87.95  66.38  95.77  94.34    497   22.026    17    9.798   31.824
 65.79  99.96  99.94  67.94  95.77  94.34    498   22.026    17    9.798   31.824
  0.00  99.96  48.68  68.98  95.77  94.34    498   22.097    17    9.798   31.895
  0.00  99.96  86.63  68.98  95.77  94.34    498   22.097    17    9.798   31.895
 25.26   0.00  33.84  70.76  95.77  94.34    499   22.126    17    9.798   31.924
 25.26   0.00  87.58  70.76  95.77  94.34    499   22.126    17    9.798   31.924
  0.00  44.99  34.07  71.51  95.77  94.34    500   22.154    17    9.798   31.952
  0.00  44.99  89.90  71.51  95.77  94.34    500   22.154    17    9.798   31.952
 55.78   0.00  33.93  73.26  95.77  94.34    501   22.195    17    9.798   31.993
 55.78   0.00  85.83  73.26  95.77  94.34    501   22.195    17    9.798   31.993
  0.00  54.72  29.96  75.02  95.77  94.34    502   22.239    17    9.798   32.037
  0.00  54.72  83.89  75.02  95.77  94.34    502   22.239    17    9.798   32.037
 54.47   0.00  27.98  77.07  95.77  94.34    503   22.285    17    9.798   32.083
 54.47   0.00  81.93  77.07  95.77  94.34    503   22.285    17    9.798   32.083
  0.00  51.12  21.99  78.83  95.77  94.34    504   22.343    17    9.798   32.141
  0.00  51.12  63.96  78.83  95.77  94.34    504   22.343    17    9.798   32.141
 58.51   0.00   2.68  80.61  95.77  94.34    505   22.402    17    9.798   32.200
 58.51   0.00  40.66  80.61  95.77  94.34    505   22.402    17    9.798   32.200
 58.51   0.00  61.93  80.61  95.77  94.34    505   22.402    17    9.798   32.200
  0.00  31.29  12.37  86.87  95.78  94.34    506   22.448    17    9.798   32.246
  0.00  31.29  52.07  86.87  95.78  94.34    506   22.448    17    9.798   32.246
 53.86   0.00   0.00  87.88  95.78  94.34    507   22.476    17    9.798   32.274
 53.86   0.00  49.76  87.88  95.78  94.34    507   22.476    17    9.798   32.274
 53.86   0.00  99.68  87.88  95.78  94.34    508   22.476    17    9.798   32.274
  0.00  61.71  43.86  89.49  95.78  94.34    508   22.515    17    9.798   32.313
 41.32  61.71 100.00  90.91  95.78  94.34    509   22.515    17    9.798   32.313
 64.69   0.00  47.90  91.46  95.78  94.34    509   22.557    17    9.798   32.355
 64.69   0.00 100.00  91.46  95.78  94.34    509   22.557    17    9.798   32.355
  0.00  71.22  41.94  93.28  95.78  94.34    510   22.605    17    9.798   32.403
  0.00  71.22  83.89  93.28  95.78  94.34    510   22.605    17    9.798   32.403
 66.33   0.00  25.98  95.40  95.78  94.34    511   22.653    17    9.798   32.451
 66.33   0.00  77.93  95.40  95.78  94.34    511   22.653    17    9.798   32.451
  0.00  64.34   0.00  97.22  95.78  94.34    512   22.716    18    9.798   32.514
  0.00  64.34   0.00  97.22  95.78  94.34    512   22.716    18    9.798   32.514
  0.00  64.34   0.00  97.22  95.78  94.34    512   22.716    18    9.798   32.514
  0.00   0.00  37.98  11.09  95.78  94.34    512   22.716    18   10.487   33.203
  0.00   0.00  72.62  11.09  95.78  94.34    512   22.716    18   10.487   33.203
  0.00   0.00  92.72  11.09  95.78  94.34    512   22.716    18   10.487   33.203
100.00   0.00  48.57  13.77  95.78  94.34    513   22.771    18   10.487   33.258
100.00   0.00  90.24  13.77  95.78  94.34    513   22.771    18   10.487   33.258
  0.00  99.16  37.89  15.39  95.78  94.34    514   22.794    18   10.487   33.281
  0.00  99.16  93.60  15.39  95.78  94.34    514   22.794    18   10.487   33.281
 45.10   0.00  39.86  16.30  95.78  94.34    515   22.821    18   10.487   33.308
 45.10   0.00  85.70  16.30  95.78  94.34    515   22.821    18   10.487   33.308
  0.00  98.23  29.93  18.06  95.78  94.34    516   22.859    18   10.487   33.346
  0.00  98.23  82.16  18.06  95.78  94.34    516   22.859    18   10.487   33.346
 54.19   0.00  27.96  19.82  95.78  94.34    517   22.901    18   10.487   33.388
 54.19   0.00  81.88  19.82  95.78  94.34    517   22.901    18   10.487   33.388
  0.00  49.04  25.98  21.87  95.78  94.34    518   22.943    18   10.487   33.430
  0.00  49.04  79.92  21.87  95.78  94.34    518   22.943    18   10.487   33.430
 50.59   0.00  19.99  23.63  95.78  94.34    519   22.999    18   10.487   33.486
 50.59   0.00  73.95  23.63  95.78  94.34    519   22.999    18   10.487   33.486
  0.00  68.75  10.00  25.39  95.78  94.34    520   23.050    18   10.487   33.537
  0.00  68.75  35.99  25.39  95.78  94.34    520   23.050    18   10.487   33.537
  0.00  68.75  67.28  25.39  95.78  94.34    520   23.050    18   10.487   33.537
  9.27   0.00   8.00  27.73  95.78  94.34    521   23.081    18   10.487   33.568
  9.27   0.00  39.99  27.73  95.78  94.34    521   23.081    18   10.487   33.568
  9.27   0.00  87.97  27.73  95.78  94.34    521   23.081    18   10.487   33.568
  0.00  52.51  20.00  28.04  95.78  94.34    522   23.110    18   10.487   33.597
  0.00  52.51  69.99  28.04  95.78  94.34    522   23.110    18   10.487   33.597
 61.77   0.00  16.00  29.84  95.78  94.34    523   23.147    18   10.487   33.633
 61.77   0.00  69.99  29.84  95.78  94.34    523   23.147    18   10.487   33.633
  0.00  55.55  10.00  31.78  95.78  94.34    524   23.191    18   10.487   33.678
  0.00  55.55  54.00  31.78  95.78  94.34    524   23.191    18   10.487   33.678
 67.78   0.00   0.00  33.60  95.78  94.34    525   23.236    18   10.487   33.723
 67.78   0.00  48.00  33.60  95.78  94.34    525   23.236    18   10.487   33.723
 67.78   0.00  99.99  33.60  95.78  94.34    526   23.236    18   10.487   33.723
  0.00  59.08  40.00  35.68  95.78  94.34    526   23.282    18   10.487   33.769
  0.00  59.08  92.00  35.68  95.78  94.34    526   23.282    18   10.487   33.769
 62.11   0.00  28.67  37.50  95.78  94.34    527   23.341    18   10.487   33.828
 62.11   0.00  66.67  37.50  95.78  94.34    527   23.341    18   10.487   33.828
 62.11   0.00  85.17  37.50  95.78  94.34    527   23.341    18   10.487   33.828
  0.00  52.29  32.59  44.60  95.78  94.34    528   23.394    18   10.487   33.881
  0.00  52.29  60.58  44.60  95.78  94.34    528   23.394    18   10.487   33.881
 45.39   0.00   4.00  46.09  95.78  94.34    529   23.421    18   10.487   33.907
 45.39   0.00  54.00  46.09  95.78  94.34    529   23.421    18   10.487   33.907
  0.00  70.70   0.00  47.35  95.78  94.34    530   23.455    18   10.487   33.942
  0.00  70.70  40.00  47.35  95.78  94.34    530   23.455    18   10.487   33.942
  0.00  70.70  84.00  47.35  95.78  94.34    530   23.455    18   10.487   33.942
 68.58   0.00  18.00  49.35  95.78  94.34    531   23.514    18   10.487   34.001
 68.58   0.00  62.33  49.35  95.78  94.34    531   23.514    18   10.487   34.001
 68.58  30.00 100.00  49.88  95.78  94.34    532   23.514    18   10.487   34.001
  0.00  77.92  38.00  51.21  95.78  94.34    532   23.589    18   10.487   34.076
  0.00  77.92  82.00  51.21  95.78  94.34    532   23.589    18   10.487   34.076
 71.13   0.00  16.00  53.36  95.78  94.34    533   23.654    18   10.487   34.141
 71.13   0.00  60.00  53.36  95.78  94.34    533   23.654    18   10.487   34.141
 71.13  27.74 100.00  54.08  95.78  94.34    534   23.654    18   10.487   34.141
  0.00  69.43  38.00  55.21  95.78  94.34    534   23.731    18   10.487   34.218
  0.00  69.43  76.66  55.21  95.78  94.34    534   23.731    18   10.487   34.218
 99.95  69.43  94.92  56.79  95.78  94.34    535   23.731    18   10.487   34.218
 99.95   0.00  57.12  58.82  95.78  94.34    535   23.804    18   10.487   34.291
 99.95   0.00  86.89  58.82  95.78  94.34    535   23.804    18   10.487   34.291
  0.00  98.44  23.88  59.79  95.78  94.34    536   23.837    18   10.487   34.323
  0.00  98.44  67.67  59.79  95.78  94.34    536   23.837    18   10.487   34.323
 43.37   0.00   5.98  60.54  95.78  94.34    537   23.884    18   10.487   34.371
 43.37   0.00  52.01  60.54  95.78  94.34    537   23.884    18   10.487   34.371
 43.37  29.11 100.00  61.56  95.78  94.34    538   23.884    18   10.487   34.371
  0.00  99.52  47.90  62.30  95.78  94.34    538   23.947    18   10.487   34.434
  0.00  99.52  87.82  62.30  95.78  94.34    538   23.947    18   10.487   34.434
 52.42   0.00  31.96  64.04  95.78  94.34    539   23.994    18   10.487   34.481
 52.42   0.00  87.88  64.04  95.78  94.34    539   23.994    18   10.487   34.481
  0.00  46.81  29.97  66.08  95.78  94.34    540   24.039    18   10.487   34.525
  0.00  46.81  83.93  66.08  95.78  94.34    540   24.039    18   10.487   34.525
 48.17   0.00  25.99  67.83  95.78  94.34    541   24.097    18   10.487   34.584
 48.17   0.00  77.96  67.83  95.78  94.34    541   24.097    18   10.487   34.584
  0.00  50.46  13.99  69.58  95.78  94.34    542   24.155    18   10.487   34.642
  0.00  50.46  43.98  69.58  95.78  94.34    542   24.155    18   10.487   34.642
  0.00  50.46  57.41  69.58  95.78  94.34    542   24.155    18   10.487   34.642
  0.00  50.46  90.56  69.58  95.78  94.34    542   24.155    18   10.487   34.642
 32.22   0.00  22.89  75.83  95.78  94.34    543   24.207    18   10.487   34.694
 32.22   0.00  76.46  75.83  95.78  94.34    543   24.207    18   10.487   34.694
  0.00  42.78  21.89  76.91  95.78  94.34    544   24.233    18   10.487   34.720
  0.00  42.78  73.62  76.91  95.78  94.34    544   24.233    18   10.487   34.720
 60.85   0.00  15.95  78.31  95.78  94.34    545   24.270    18   10.487   34.757
 60.85   0.00  67.77  78.31  95.78  94.34    545   24.270    18   10.487   34.757
  0.00  56.39   0.00  80.25  95.78  94.34    546   24.347    18   10.487   34.833
  0.00  56.39  49.89  80.25  95.78  94.34    546   24.347    18   10.487   34.833
  0.37  56.39 100.00  80.26  95.78  94.34    547   24.347    18   10.487   34.833
 67.43   0.00  43.94  82.07  95.78  94.34    547   24.395    18   10.487   34.882
 67.43  26.19 100.00  83.16  95.78  94.34    548   24.395    18   10.487   34.882
  0.00  59.23  47.96  84.17  95.78  94.34    548   24.443    18   10.487   34.930
  0.00  59.23  97.91  84.17  95.78  94.34    548   24.443    18   10.487   34.930
 62.82   0.00  37.98  85.99  95.78  94.34    549   24.498    18   10.487   34.985
 62.82   0.00  79.95  85.99  95.78  94.34    549   24.498    18   10.487   34.985
 62.82   0.00  98.45  85.99  95.78  94.34    549   24.498    18   10.487   34.985
  0.00 100.00  23.98  89.37  95.82  94.34    550   24.572    18   10.487   35.059
  0.00 100.00  66.50  89.37  95.82  94.34    550   24.572    18   10.487   35.059
 27.52   0.00   9.96  90.53  95.82  94.34    551   24.597    18   10.487   35.084
 27.52   0.00  65.75  90.53  95.82  94.34    551   24.597    18   10.487   35.084
  0.00  40.60  13.97  91.38  95.82  94.34    552   24.628    18   10.487   35.115
  0.00  40.60  67.83  91.38  95.82  94.34    552   24.628    18   10.487   35.115
 49.51   0.00  13.98  93.11  95.82  94.34    553   24.669    18   10.487   35.156
 49.51   0.00  69.89  93.11  95.82  94.34    553   24.669    18   10.487   35.156
  0.00  49.22  11.99  94.83  95.82  94.34    554   24.714    18   10.487   35.201
  0.00  49.22  65.93  94.83  95.82  94.34    554   24.714    18   10.487   35.201
 48.65   0.00   0.00  96.85  95.82  94.34    555   24.760    19   10.487   35.247
 48.65   0.00   0.00  96.85  95.82  94.34    555   24.760    19   10.487   35.247
  0.00   0.00   9.99   8.12  95.82  94.34    555   24.760    19   10.994   35.754
  0.00   0.00  65.96   8.12  95.82  94.34    555   24.760    19   10.994   35.754
  0.00  45.97  11.99   8.12  95.82  94.34    556   24.790    19   10.994   35.784
  0.00  45.97  67.97   8.12  95.82  94.34    556   24.790    19   10.994   35.784
 52.54   0.00   8.69   9.88  95.82  94.34    557   24.840    19   10.994   35.834
 52.54   0.00  45.37   9.88  95.82  94.34    557   24.840    19   10.994   35.834
 52.54   0.00  66.67   9.88  95.82  94.34    557   24.840    19   10.994   35.834
  0.00  31.25  23.05  16.10  95.82  94.34    558   24.884    19   10.994   35.878
  0.00  31.25  62.76  16.10  95.82  94.34    558   24.884    19   10.994   35.878
 42.44   0.00   7.96  17.19  95.82  94.34    559   24.907    19   10.994   35.901
 42.44   0.00  61.68  17.19  95.82  94.34    559   24.907    19   10.994   35.901
  0.00  55.79   5.98  18.58  95.82  94.34    560   24.940    19   10.994   35.935
  0.00  55.79  57.81  18.58  95.82  94.34    560   24.940    19   10.994   35.935
 56.61   0.00   2.00  20.52  95.82  94.34    561   24.982    19   10.994   35.976
 56.61   0.00  52.23  20.52  95.82  94.34    561   24.982    19   10.994   35.976
  0.00  64.91   0.00  22.33  95.82  94.34    562   25.026    19   10.994   36.020
  0.00  64.91  49.93  22.33  95.82  94.34    562   25.026    19   10.994   36.020
  6.18  64.91 100.00  22.52  95.82  94.34    563   25.026    19   10.994   36.020
 60.73   0.00  43.96  24.42  95.82  94.34    563   25.071    19   10.994   36.065
 60.73   0.00  97.91  24.42  95.82  94.34    564   25.071    19   10.994   36.065
  0.00  59.94  35.98  26.23  95.82  94.34    564   25.132    19   10.994   36.126
  0.00  59.94  82.62  26.23  95.82  94.34    564   25.132    19   10.994   36.126
100.00  59.94  98.32  28.17  95.82  94.34    565   25.132    19   10.994   36.126
100.00   0.00  60.51  28.92  95.82  94.34    565   25.201    19   10.994   36.195
100.00   0.00  94.49  28.92  95.82  94.34    565   25.201    19   10.994   36.195
  0.00  96.72  31.99  30.59  95.82  94.34    566   25.227    19   10.994   36.221
  0.00  96.72  85.97  30.59  95.82  94.34    566   25.227    19   10.994   36.221
 42.36   0.00  33.99  31.26  95.82  94.34    567   25.253    19   10.994   36.247
 42.36   0.00  89.98  31.26  95.82  94.34    567   25.253    19   10.994   36.247
  0.00  99.28  36.00  33.01  95.82  94.34    568   25.291    19   10.994   36.286
  0.00  99.28  87.99  33.01  95.82  94.34    568   25.291    19   10.994   36.286
 51.22   0.00  32.00  34.75  95.82  94.34    569   25.335    19   10.994   36.329
 51.22   0.00  87.99  34.75  95.82  94.34    569   25.335    19   10.994   36.329
  0.00  46.24  32.00  36.78  95.82  94.34    570   25.377    19   10.994   36.371
  0.00  46.24  86.00  36.78  95.82  94.34    570   25.377    19   10.994   36.371
 47.56   0.00  30.00  38.53  95.82  94.34    571   25.427    19   10.994   36.421
 47.56   0.00  82.00  38.53  95.82  94.34    571   25.427    19   10.994   36.421
  0.00  50.33  20.00  40.27  95.82  94.34    572   25.479    19   10.994   36.473
  0.00  50.33  52.69  40.27  95.82  94.34    572   25.479    19   10.994   36.473
  0.00  50.33  84.45  40.27  95.82  94.34    572   25.479    19   10.994   36.473
 35.41   0.00  22.91  46.51  95.82  94.34    573   25.525    19   10.994   36.520
 35.41   0.00  68.58  46.51  95.82  94.34    573   25.525    19   10.994   36.520
  0.00  42.84  13.93  47.70  95.82  94.34    574   25.551    19   10.994   36.546
  0.00  42.84  65.69  47.70  95.82  94.34    574   25.551    19   10.994   36.546
 60.92   0.00   9.97  49.10  95.82  94.34    575   25.587    19   10.994   36.582
 60.92   0.00  63.80  49.10  95.82  94.34    575   25.587    19   10.994   36.582
  0.00  56.39   5.99  51.04  95.82  94.34    576   25.630    19   10.994   36.625
  0.00  56.39  57.88  51.04  95.82  94.34    576   25.630    19   10.994   36.625
 68.15   0.00   0.00  52.87  95.82  94.34    577   25.676    19   10.994   36.671
 68.15   0.00  51.93  52.87  95.82  94.34    577   25.676    19   10.994   36.671
 68.15  12.80 100.00  53.25  95.82  94.34    578   25.676    19   10.994   36.671
  0.00  59.94  45.96  54.96  95.82  94.34    578   25.723    19   10.994   36.717
 35.88  59.94 100.00  56.01  95.82  94.34    579   25.723    19   10.994   36.717
 63.62   0.00  35.98  56.78  95.82  94.34    579   25.776    19   10.994   36.771
 63.62   0.00  79.96  56.78  95.82  94.34    579   25.776    19   10.994   36.771
 63.62  89.34 100.00  57.28  95.82  94.34    580   25.776    19   10.994   36.771
  0.00  99.96  54.49  60.17  95.82  94.34    580   25.852    19   10.994   36.847
  0.00  99.96  84.31  60.17  95.82  94.34    580   25.852    19   10.994   36.847
 28.23   0.00  31.88  61.32  95.82  94.34    581   25.877    19   10.994   36.871
 28.23   0.00  87.67  61.32  95.82  94.34    581   25.877    19   10.994   36.871
  0.00  41.04  34.09  62.18  95.82  94.34    582   25.907    19   10.994   36.901
  0.00  41.04  89.96  62.18  95.82  94.34    582   25.907    19   10.994   36.901
 50.18   0.00  35.94  63.91  95.82  94.34    583   25.947    19   10.994   36.941
 50.18   0.00  77.88  63.91  95.82  94.34    583   25.947    19   10.994   36.941
  0.00  49.72  21.98  65.63  95.82  94.34    584   25.991    19   10.994   36.985
  0.00  49.72  75.92  65.63  95.82  94.34    584   25.991    19   10.994   36.985
 49.15   0.00  19.99  67.65  95.82  94.34    585   26.035    19   10.994   37.029
 49.15   0.00  75.95  67.65  95.82  94.34    585   26.035    19   10.994   37.029
  0.00  46.48  15.99  69.38  95.82  94.34    586   26.093    19   10.994   37.087
  0.00  46.48  69.97  69.38  95.82  94.34    586   26.093    19   10.994   37.087
 52.68   0.00  10.00  71.14  95.82  94.34    587   26.152    19   10.994   37.146
 52.68   0.00  45.99  71.14  95.82  94.34    587   26.152    19   10.994   37.146
 52.68   0.00  78.00  71.14  95.82  94.34    587   26.152    19   10.994   37.146
  0.00  30.70  23.04  77.37  95.83  94.34    588   26.202    19   10.994   37.196
  0.00  30.70  66.69  77.37  95.83  94.34    588   26.202    19   10.994   37.196
 42.44   0.00  11.94  78.44  95.84  94.34    589   26.228    19   10.994   37.223
 42.44   0.00  65.66  78.44  95.84  94.34    589   26.228    19   10.994   37.223
  0.00  55.86   7.97  79.83  95.84  94.34    590   26.267    19   10.994   37.262
  0.00  55.86  61.79  79.83  95.84  94.34    590   26.267    19   10.994   37.262
 57.94   0.00   5.99  81.77  95.84  94.34    591   26.309    19   10.994   37.304
 57.94   0.00  55.88  81.77  95.84  94.34    591   26.309    19   10.994   37.304
  0.00  65.73   0.00  83.58  95.84  94.34    592   26.357    19   10.994   37.352
  0.00  65.73  51.93  83.58  95.84  94.34    592   26.357    19   10.994   37.352
 12.14  65.73 100.00  83.96  95.84  94.34    593   26.357    19   10.994   37.352
 62.26   0.00  45.96  85.67  95.84  94.34    593   26.405    19   10.994   37.400
 62.26   0.00  97.91  85.67  95.84  94.34    594   26.405    19   10.994   37.400
  0.00  59.94  37.98  87.48  95.84  94.34    594   26.463    19   10.994   37.457
  0.00  59.94  80.62  87.48  95.84  94.34    594   26.463    19   10.994   37.457
100.00  59.94  98.50  89.42  95.84  94.34    595   26.463    19   10.994   37.457
100.00   0.00  49.68  90.17  95.84  94.34    595   26.542    19   10.994   37.536
100.00   0.00  94.16  90.17  95.84  94.34    595   26.542    19   10.994   37.536
  0.00  96.72  41.76  91.86  95.84  94.34    596   26.571    19   10.994   37.566
  0.00  96.72  95.44  91.86  95.84  94.34    596   26.571    19   10.994   37.566
 42.41   0.00  41.84  92.54  95.84  94.34    597   26.602    19   10.994   37.597
 42.41   0.00  97.63  92.54  95.84  94.34    597   26.602    19   10.994   37.597
  0.00  99.28  31.92  94.29  95.84  94.34    598   26.644    19   10.994   37.639
  0.00  99.28  85.79  94.29  95.84  94.34    598   26.644    19   10.994   37.639
 51.33   0.00  27.96  96.03  95.84  94.34    599   26.693    19   10.994   37.687
 51.33   0.00  81.87  96.03  95.84  94.34    599   26.693    19   10.994   37.687
  0.00  46.36   0.00  98.07  95.84  94.34    600   26.742    20   10.994   37.736
  0.00  46.36   0.00  98.07  95.84  94.34    600   26.742    20   10.994   37.736
  0.00   0.00  23.98   8.02  95.84  94.34    600   26.742    20   11.507   38.249
  0.00   0.00  77.92   8.02  95.84  94.34    600   26.742    20   11.507   38.249
 48.04   0.00  25.98   8.02  95.84  94.34    601   26.770    20   11.507   38.278
 48.04   0.00  79.95   8.02  95.84  94.34    601   26.770    20   11.507   38.278
  0.00  50.33  15.99   9.77  95.84  94.34    602   26.818    20   11.507   38.326
  0.00  50.33  51.98   9.77  95.84  94.34    602   26.818    20   11.507   38.326
  0.00  50.33  84.09   9.77  95.84  94.34    602   26.818    20   11.507   38.326
 35.21   0.00  22.89  16.01  95.84  94.34    603   26.863    20   11.507   38.371
 35.21   0.00  68.55  16.01  95.84  94.34    603   26.863    20   11.507   38.371
  0.00  42.84  13.93  17.19  95.84  94.34    604   26.887    20   11.507   38.395
  0.00  42.84  65.68  17.19  95.84  94.34    604   26.887    20   11.507   38.395
 60.85   0.00   9.97  18.59  95.84  94.34    605   26.921    20   11.507   38.428
 60.85   0.00  63.79  18.59  95.84  94.34    605   26.921    20   11.507   38.428
  0.00  56.46   5.99  20.54  95.84  94.34    606   26.960    20   11.507   38.468
  0.00  56.46  57.88  20.54  95.84  94.34    606   26.960    20   11.507   38.468
 68.15   0.00   2.00  22.36  95.84  94.34    607   27.006    20   11.507   38.513
 68.15   0.00  53.93  22.36  95.84  94.34    607   27.006    20   11.507   38.513
  0.00  59.79   0.00  24.45  95.84  94.34    608   27.051    20   11.507   38.558
  0.00  59.79  47.96  24.45  95.84  94.34    608   27.051    20   11.507   38.558
  0.00  59.79  97.91  24.45  95.84  94.34    609   27.051    20   11.507   38.558
 63.62   0.00  35.98  26.28  95.84  94.34    609   27.109    20   11.507   38.616
 63.62   0.00  79.95  26.28  95.84  94.34    609   27.109    20   11.507   38.616
 63.62  97.51  99.69  27.00  95.84  94.34    610   27.109    20   11.507   38.616
  0.00 100.00  54.48  29.66  95.84  94.34    610   27.180    20   11.507   38.687
  0.00 100.00  86.24  29.66  95.84  94.34    610   27.180    20   11.507   38.687
 28.16   0.00  33.84  30.81  95.84  94.34    611   27.203    20   11.507   38.711
 28.16   0.00  89.57  30.81  95.84  94.34    611   27.203    20   11.507   38.711
  0.00  40.99  26.10  31.66  95.84  94.34    612   27.231    20   11.507   38.738
  0.00  40.99  81.92  31.66  95.84  94.34    612   27.231    20   11.507   38.738
 50.12   0.00  27.94  33.39  95.84  94.34    613   27.270    20   11.507   38.778
 50.12   0.00  80.19  33.39  95.84  94.34    613   27.270    20   11.507   38.778
  0.00  49.66  25.97  35.12  95.84  94.34    614   27.312    20   11.507   38.820
  0.00  49.66  81.89  35.12  95.84  94.34    614   27.312    20   11.507   38.820
 49.15   0.00  25.98  37.14  95.84  94.34    615   27.355    20   11.507   38.862
 49.15   0.00  79.93  37.14  95.84  94.34    615   27.355    20   11.507   38.862
  0.00  46.54  21.99  38.87  95.84  94.34    616   27.405    20   11.507   38.912
  0.00  46.54  77.96  38.87  95.84  94.34    616   27.405    20   11.507   38.912
 52.68   0.00  13.99  40.63  95.84  94.34    617   27.457    20   11.507   38.965
 52.68   0.00  47.98  40.63  95.84  94.34    617   27.457    20   11.507   38.965
 52.68   0.00  77.99  40.63  95.84  94.34    617   27.457    20   11.507   38.965
  0.00  30.73  23.04  46.85  95.84  94.34    618   27.502    20   11.507   39.009
  0.00  30.73  72.66  46.85  95.84  94.34    618   27.502    20   11.507   39.009
 42.44   0.00  17.91  47.93  95.84  94.34    619   27.527    20   11.507   39.034
 42.44   0.00  71.63  47.93  95.84  94.34    619   27.527    20   11.507   39.034
  0.00  55.79  13.95  49.32  95.84  94.34    620   27.563    20   11.507   39.070
  0.00  55.79  67.77  49.32  95.84  94.34    620   27.563    20   11.507   39.070
 57.87   0.00  13.97  51.26  95.84  94.34    621   27.603    20   11.507   39.110
 57.87   0.00  64.20  51.26  95.84  94.34    621   27.603    20   11.507   39.110
  0.00  65.73   7.99  53.07  95.84  94.34    622   27.648    20   11.507   39.155
  0.00  65.73  59.91  53.07  95.84  94.34    622   27.648    20   11.507   39.155
 62.26   0.00   2.00  55.16  95.84  94.34    623   27.693    20   11.507   39.201
 62.26   0.00  53.95  55.16  95.84  94.34    623   27.693    20   11.507   39.201
 62.26  31.70 100.00  56.09  95.84  94.34    624   27.693    20   11.507   39.201
  0.00  59.86  45.97  56.96  95.84  94.34    624   27.754    20   11.507   39.262
  0.00  59.86  86.62  56.96  95.84  94.34    624   27.754    20   11.507   39.262
 99.96   0.00   0.00  59.66  95.84  94.34    625   27.824    20   11.507   39.331
 99.96   0.00  60.46  59.66  95.84  94.34    625   27.824    20   11.507   39.331
 99.96   0.00  96.14  59.66  95.84  94.34    625   27.824    20   11.507   39.331
  0.00  96.72  43.75  61.33  95.84  94.34    626   27.852    20   11.507   39.359
  0.00  96.72  97.44  61.33  95.84  94.34    627   27.852    20   11.507   39.359
 42.41   0.00  43.84  62.01  95.84  94.34    627   27.879    20   11.507   39.387
 42.41   0.00  99.63  62.01  95.84  94.34    628   27.879    20   11.507   39.387
  0.00  99.16  45.89  63.75  95.84  94.34    628   27.920    20   11.507   39.427
 35.71  99.16 100.00  64.90  95.84  94.34    629   27.920    20   11.507   39.427
 51.33   0.00  51.92  65.50  95.84  94.34    629   27.963    20   11.507   39.471
 51.33  30.28 100.00  66.92  95.84  94.34    630   27.963    20   11.507   39.471
  0.00  46.30  51.95  67.53  95.84  94.34    630   28.007    20   11.507   39.515
 17.30  46.30 100.00  68.17  95.84  94.34    631   28.007    20   11.507   39.515
 48.04   0.00  47.97  69.28  95.84  94.34    631   28.060    20   11.507   39.567
 48.04   0.33 100.00  69.28  95.84  94.34    632   28.060    20   11.507   39.567
  0.00  50.26  37.98  71.02  95.84  94.34    632   28.113    20   11.507   39.620
  0.00  50.26  60.31  71.02  95.84  94.34    632   28.113    20   11.507   39.620
  0.00  50.26  96.64  71.02  95.84  94.34    633   28.113    20   11.507   39.620
 35.31   0.00  36.79  77.26  95.84  94.34    633   28.162    20   11.507   39.669
 35.31   0.00  90.38  77.26  95.84  94.34    633   28.162    20   11.507   39.669
  0.00  42.84  35.82  78.44  95.84  94.34    634   28.189    20   11.507   39.697
  0.00  42.84  87.74  78.44  95.84  94.34    634   28.189    20   11.507   39.697
 60.92   0.00  31.90  79.85  95.84  94.34    635   28.227    20   11.507   39.734
 60.92   0.00  85.72  79.85  95.84  94.34    635   28.227    20   11.507   39.734
  0.00  56.39  29.94  81.79  95.84  94.34    636   28.270    20   11.507   39.777
  0.00  56.39  79.83  81.79  95.84  94.34    636   28.270    20   11.507   39.777
 68.08   0.00  23.97  83.61  95.84  94.34    637   28.317    20   11.507   39.825
 68.08   0.00  75.90  83.61  95.84  94.34    637   28.317    20   11.507   39.825
  0.00  59.79  15.99  85.71  95.84  94.34    638   28.365    20   11.507   39.872
  0.00  59.79  69.94  85.71  95.84  94.34    638   28.365    20   11.507   39.872
 63.70   0.00   8.00  87.53  95.84  94.34    639   28.427    20   11.507   39.935
 63.70   0.00  55.97  87.53  95.84  94.34    639   28.427    20   11.507   39.935
 63.70   0.00  89.95  87.53  95.84  94.34    639   28.427    20   11.507   39.935
  0.00 100.00   7.98  90.91  95.84  94.34    640   28.503    20   11.507   40.011
  0.00 100.00  54.48  90.91  95.84  94.34    640   28.503    20   11.507   40.011
  0.00 100.00  98.15  90.91  95.84  94.34    640   28.503    20   11.507   40.011
 28.23   0.00  45.78  92.07  95.88  94.34    641   28.530    20   11.507   40.037
 28.23   0.00 100.00  92.07  95.88  94.34    642   28.530    20   11.507   40.037
  0.00  41.04  48.03  92.92  95.88  94.34    642   28.561    20   11.507   40.068
 50.12   0.00   0.00  94.65  95.88  94.34    643   28.602    20   11.507   40.109
 50.12   0.00  49.90  94.65  95.88  94.34    643   28.602    20   11.507   40.109
 50.12   2.65 100.00  94.75  95.88  94.34    644   28.602    20   11.507   40.109
  0.00  49.66   0.00  96.38  95.88  94.34    644   28.648    21   11.507   40.155
  0.00   0.00   9.99   6.41  95.88  94.34    644   28.648    21   11.932   40.580
  0.00   0.00  63.92   6.41  95.88  94.34    644   28.648    21   11.932   40.580
 49.15   0.00  11.99   6.41  95.88  94.34    645   28.676    21   11.932   40.607
 49.15   0.00  67.94   6.41  95.88  94.34    645   28.676    21   11.932   40.607
  0.00  46.54  11.99   8.14  95.88  94.34    646   28.724    21   11.932   40.656
  0.00  46.54  65.96   8.14  95.88  94.34    646   28.724    21   11.932   40.656
 52.61   0.00   6.00   9.90  95.88  94.34    647   28.773    21   11.932   40.704
 52.61   0.00  45.98   9.90  95.88  94.34    647   28.773    21   11.932   40.704
 52.61   0.00  65.60   9.90  95.88  94.34    647   28.773    21   11.932   40.704
  0.00  30.70  23.04  16.13  95.88  94.34    648   28.818    21   11.932   40.749
  0.00  30.70  60.75  16.13  95.88  94.34    648   28.818    21   11.932   40.749
 42.44   0.00   5.97  17.20  95.88  94.34    649   28.841    21   11.932   40.773
 42.44   0.00  61.68  17.20  95.88  94.34    649   28.841    21   11.932   40.773
  0.00  55.86   3.99  18.59  95.88  94.34    650   28.875    21   11.932   40.806
  0.00  55.86  57.81  18.59  95.88  94.34    650   28.875    21   11.932   40.806
 57.87   0.00   2.00  20.53  95.88  94.34    651   28.914    21   11.932   40.845
 57.87   0.00  52.23  20.53  95.88  94.34    651   28.914    21   11.932   40.845
 57.87  31.68 100.00  21.23  95.88  94.34    652   28.914    21   11.932   40.845
  0.00  65.80  45.93  22.34  95.88  94.34    652   28.962    21   11.932   40.894
  0.00  65.80  99.86  22.34  95.88  94.34    653   28.962    21   11.932   40.894
 62.26   0.00  41.96  24.43  95.88  94.34    653   29.006    21   11.932   40.937
 62.26  12.12 100.00  24.78  95.88  94.34    654   29.006    21   11.932   40.937
  0.00  59.86  43.97  26.24  95.88  94.34    654   29.064    21   11.932   40.996
  0.00  59.86  84.62  26.24  95.88  94.34    654   29.064    21   11.932   40.996
 79.02  59.86  98.50  27.13  95.88  94.34    655   29.064    21   11.932   40.996
 99.96   0.00  38.91  28.93  95.88  94.34    655   29.132    21   11.932   41.063
 99.96   0.00  88.21  28.93  95.88  94.34    655   29.132    21   11.932   41.063
  0.00  96.41  35.79  30.60  95.88  94.34    656   29.158    21   11.932   41.089
  0.00  96.41  89.48  30.60  95.88  94.34    656   29.158    21   11.932   41.089
 42.36   0.00  37.86  31.28  95.88  94.34    657   29.184    21   11.932   41.115
 42.36   0.00  91.66  31.28  95.88  94.34    657   29.184    21   11.932   41.115
  0.00  99.16  37.91  33.02  95.88  94.34    658   29.223    21   11.932   41.155
  0.00  99.16  90.13  33.02  95.88  94.34    658   29.223    21   11.932   41.155
 51.27   0.00  33.95  34.76  95.88  94.34    659   29.265    21   11.932   41.197
 51.27   0.00  87.86  34.76  95.88  94.34    659   29.265    21   11.932   41.197
  0.00  46.30  33.97  36.79  95.88  94.34    660   29.307    21   11.932   41.239
  0.00  46.30  87.91  36.79  95.88  94.34    660   29.307    21   11.932   41.239
 47.98   0.00  29.98  38.54  95.88  94.34    661   29.365    21   11.932   41.297
 47.98   0.00  81.95  38.54  95.88  94.34    661   29.365    21   11.932   41.297
  0.00  50.20  20.68  40.29  95.88  94.34    662   29.422    21   11.932   41.354
  0.00  50.20  52.67  40.29  95.88  94.34    662   29.422    21   11.932   41.354
  0.00  50.20  84.78  40.29  95.88  94.34    662   29.422    21   11.932   41.354
 35.45   0.00  22.89  46.53  95.88  94.34    663   29.470    21   11.932   41.402
 35.45   0.00  68.55  46.53  95.88  94.34    663   29.470    21   11.932   41.402
  0.00  42.84  13.93  47.71  95.88  94.34    664   29.496    21   11.932   41.428
  0.00  42.84  67.67  47.71  95.88  94.34    664   29.496    21   11.932   41.428
 60.92   0.00  11.96  49.12  95.88  94.34    665   29.533    21   11.932   41.464
 60.92   0.00  53.83  49.12  95.88  94.34    665   29.533    21   11.932   41.464
  0.00  56.46   0.00  51.06  95.88  94.34    666   29.573    21   11.932   41.505
  0.00  56.46  47.90  51.06  95.88  94.34    666   29.573    21   11.932   41.505
  0.00  56.46  99.79  51.06  95.88  94.34    667   29.573    21   11.932   41.505
 68.08   0.00  41.94  52.88  95.88  94.34    667   29.620    21   11.932   41.551
 68.08  17.24 100.00  53.69  95.88  94.34    668   29.620    21   11.932   41.551
  0.00  59.86  45.96  54.98  95.88  94.34    668   29.667    21   11.932   41.599
  0.00  59.86  99.91  54.98  95.88  94.34    669   29.667    21   11.932   41.599
 62.03   0.00  37.98  56.80  95.88  94.34    669   29.722    21   11.932   41.653
 62.03   0.00  81.95  56.80  95.88  94.34    669   29.722    21   11.932   41.653
 62.03   0.00 100.00  56.80  95.88  94.34    670   29.722    21   11.932   41.653
  0.00  99.96  23.97  60.18  95.88  94.34    670   29.794    21   11.932   41.726
  0.00  99.96  78.40  60.18  95.88  94.34    670   29.794    21   11.932   41.726
 27.84   0.00  23.91  61.33  95.88  94.34    671   29.819    21   11.932   41.750
 27.84   0.00  79.79  61.33  95.88  94.34    671   29.819    21   11.932   41.750
  0.00  41.04  28.11  62.18  95.88  94.34    672   29.849    21   11.932   41.780
  0.00  41.04  81.98  62.18  95.88  94.34    672   29.849    21   11.932   41.780
 50.18   0.00  29.95  63.91  95.88  94.34    673   29.888    21   11.932   41.820
 50.18   0.00  82.22  63.91  95.88  94.34    673   29.888    21   11.932   41.820
  0.00  49.66  25.97  65.64  95.88  94.34    674   29.933    21   11.932   41.864
  0.00  49.66  81.91  65.64  95.88  94.34    674   29.933    21   11.932   41.864
 49.22   0.00  25.98  67.66  95.88  94.34    675   29.977    21   11.932   41.909
 49.22   0.00  77.95  67.66  95.88  94.34    675   29.977    21   11.932   41.909
  0.00  46.54  19.99  69.39  95.88  94.34    676   30.036    21   11.932   41.968
  0.00  46.54  73.97  69.39  95.88  94.34    676   30.036    21   11.932   41.968
 52.61   0.00  10.00  71.15  95.88  94.34    677   30.094    21   11.932   42.026
 52.61   0.00  45.99  71.15  95.88  94.34    677   30.094    21   11.932   42.026
 52.61   0.00  77.99  71.15  95.88  94.34    677   30.094    21   11.932   42.026
  0.00  30.80  23.04  77.37  95.88  94.34    678   30.142    21   11.932   42.073
  0.00  30.80  66.69  77.37  95.88  94.34    678   30.142    21   11.932   42.073
 42.44   0.00  11.94  78.45  95.88  94.34    679   30.168    21   11.932   42.100
 42.44   0.00  65.66  78.45  95.88  94.34    679   30.168    21   11.932   42.100
  0.00  55.86   7.97  79.84  95.88  94.34    680   30.208    21   11.932   42.140
  0.00  55.86  61.79  79.84  95.88  94.34    680   30.208    21   11.932   42.140
 57.94   0.00   5.99  81.79  95.88  94.34    681   30.255    21   11.932   42.187
 57.94   0.00  55.88  81.79  95.88  94.34    681   30.255    21   11.932   42.187
  0.00  65.73   0.00  83.59  95.88  94.34    682   30.302    21   11.932   42.234
  0.00  65.73  49.93  83.59  95.88  94.34    682   30.302    21   11.932   42.234
  8.65  65.73 100.00  83.86  95.88  94.34    683   30.302    21   11.932   42.234
 62.18   0.00  45.96  85.69  95.88  94.34    683   30.349    21   11.932   42.281
 62.18   0.00  97.91  85.69  95.88  94.34    684   30.349    21   11.932   42.281
  0.00  59.94  37.98  87.49  95.88  94.34    684   30.411    21   11.932   42.342
  0.00  59.94  80.62  87.49  95.88  94.34    684   30.411    21   11.932   42.342
100.00  59.94  98.50  89.24  95.88  94.34    685   30.411    21   11.932   42.342
100.00   0.00  60.46  90.18  95.88  94.34    685   30.482    21   11.932   42.413
100.00   0.00  92.17  90.18  95.88  94.34    685   30.482    21   11.932   42.413
  0.00  96.72  41.76  91.84  95.88  94.34    686   30.511    21   11.932   42.443
  0.00  96.72  95.44  91.84  95.88  94.34    686   30.511    21   11.932   42.443
 42.41   0.00  31.88  92.52  95.88  94.34    687   30.541    21   11.932   42.472
 42.41   0.00  85.68  92.52  95.88  94.34    687   30.541    21   11.932   42.472
  0.00  99.40  31.92  94.27  95.88  94.34    688   30.582    21   11.932   42.514
  0.00  99.40  85.79  94.27  95.88  94.34    688   30.582    21   11.932   42.514
 51.33   0.00  27.96  96.01  95.88  94.34    689   30.628    21   11.932   42.559
 51.33   0.00  81.87  96.01  95.88  94.34    689   30.628    21   11.932   42.559
  0.00  46.30   0.00  98.04  95.88  94.34    690   30.676    22   11.932   42.607
  0.00  46.30   0.00  98.04  95.88  94.34    690   30.676    22   11.932   42.607
  0.00   0.00  27.97   8.02  95.88  94.34    690   30.676    22   12.427   43.102
  0.00   0.00  81.92   8.02  95.88  94.34    690   30.676    22   12.427   43.102
 48.11   0.00  27.98   8.02  95.88  94.34    691   30.707    22   12.427   43.134
 48.11   0.00  81.95   8.02  95.88  94.34    691   30.707    22   12.427   43.134
  0.00  50.33  17.99   9.77  95.88  94.34    692   30.762    22   12.427   43.189
  0.00  50.33  51.98   9.77  95.88  94.34    692   30.762    22   12.427   43.189
  0.00  50.33  84.09   9.77  95.88  94.34    692   30.762    22   12.427   43.189
 35.31   0.00  22.89  16.01  95.88  94.34    693   30.808    22   12.427   43.235
 35.31   0.00  70.53  16.01  95.88  94.34    693   30.808    22   12.427   43.235
  0.00  42.84  15.92  17.19  95.88  94.34    694   30.833    22   12.427   43.260
  0.00  42.84  69.66  17.19  95.88  94.34    694   30.833    22   12.427   43.260
 60.92   0.00  11.96  18.60  95.88  94.34    695   30.866    22   12.427   43.293
 60.92   0.00  63.79  18.60  95.88  94.34    695   30.866    22   12.427   43.293
  0.00  56.39   7.98  20.54  95.88  94.34    696   30.905    22   12.427   43.332
  0.00  56.39  57.88  20.54  95.88  94.34    696   30.905    22   12.427   43.332
 68.15   0.00   2.00  22.36  95.88  94.34    697   30.951    22   12.427   43.377
 68.15   0.00  53.93  22.36  95.88  94.34    697   30.951    22   12.427   43.377
  0.00  59.79   0.00  24.45  95.88  94.34    698   30.995    22   12.427   43.421
  0.00  59.79  47.96  24.45  95.88  94.34    698   30.995    22   12.427   43.421
  0.00  59.79  99.91  24.45  95.88  94.34    699   30.995    22   12.427   43.421
 63.70   0.00  39.98  26.28  95.88  94.34    699   31.055    22   12.427   43.481
 63.70   0.00  81.95  26.28  95.88  94.34    699   31.055    22   12.427   43.481
 63.70   0.00  99.69  26.28  95.88  94.34    700   31.055    22   12.427   43.481
  0.00 100.00  34.11  29.66  95.88  94.34    700   31.125    22   12.427   43.552
  0.00 100.00  80.28  29.66  95.88  94.34    700   31.125    22   12.427   43.552
 28.31   0.00  27.87  30.82  95.88  94.34    701   31.149    22   12.427   43.576
 28.31   0.00  81.61  30.82  95.88  94.34    701   31.149    22   12.427   43.576
  0.00  40.99  30.08  31.67  95.88  94.34    702   31.177    22   12.427   43.604
  0.00  40.99  85.91  31.67  95.88  94.34    702   31.177    22   12.427   43.604
 50.12   0.00  31.94  33.40  95.88  94.34    703   31.215    22   12.427   43.641
 50.12   0.00  84.18  33.40  95.88  94.34    703   31.215    22   12.427   43.641
  0.00  49.72  29.96  35.13  95.88  94.34    704   31.256    22   12.427   43.683
  0.00  49.72  85.89  35.13  95.88  94.34    704   31.256    22   12.427   43.683
 49.15   0.00  31.97  37.15  95.88  94.34    705   31.298    22   12.427   43.725
 49.15   0.00  83.93  37.15  95.88  94.34    705   31.298    22   12.427   43.725
  0.00  46.48  25.99  38.88  95.88  94.34    706   31.355    22   12.427   43.782
  0.00  46.48  79.96  38.88  95.88  94.34    706   31.355    22   12.427   43.782
 52.61   0.00  15.99  40.63  95.88  94.34    707   31.412    22   12.427   43.839
 52.61   0.00  47.98  40.63  95.88  94.34    707   31.412    22   12.427   43.839
 52.61   0.00  77.99  40.63  95.88  94.34    707   31.412    22   12.427   43.839
  0.00  30.80  23.04  46.86  95.88  94.34    708   31.458    22   12.427   43.885
  0.00  30.80  70.67  46.86  95.88  94.34    708   31.458    22   12.427   43.885
 42.44   0.00  17.91  47.93  95.88  94.34    709   31.483    22   12.427   43.909
 42.44   0.00  69.64  47.93  95.88  94.34    709   31.483    22   12.427   43.909
  0.00  55.72  13.95  49.32  95.88  94.34    710   31.518    22   12.427   43.944
  0.00  55.72  67.77  49.32  95.88  94.34    710   31.518    22   12.427   43.944
 57.94   0.00  11.97  51.26  95.88  94.34    711   31.558    22   12.427   43.985
 57.94   0.00  62.20  51.26  95.88  94.34    711   31.558    22   12.427   43.985
  0.00  65.73   5.99  53.07  95.88  94.34    712   31.604    22   12.427   44.031
  0.00  65.73  57.92  53.07  95.88  94.34    712   31.604    22   12.427   44.031
 62.18   0.00   0.00  55.16  95.88  94.34    713   31.649    22   12.427   44.076
 62.18   0.00  51.95  55.16  95.88  94.34    713   31.649    22   12.427   44.076
 62.18  10.77 100.00  55.47  95.88  94.34    714   31.649    22   12.427   44.076
  0.00  59.86  43.97  56.97  95.88  94.34    714   31.703    22   12.427   44.130
  0.00  59.86  84.62  56.97  95.88  94.34    714   31.703    22   12.427   44.130
 90.74  59.86  98.50  58.19  95.88  94.34    715   31.703    22   12.427   44.130
 99.96   0.00  49.68  59.66  95.90  94.34    715   31.774    22   12.427   44.201
 99.96   0.00  92.18  59.66  95.90  94.34    715   31.774    22   12.427   44.201
  0.00  96.72  39.77  61.33  95.90  94.34    716   31.802    22   12.427   44.229
  0.00  96.72  93.46  61.33  95.90  94.34    716   31.802    22   12.427   44.229
 42.41   0.00  39.85  62.01  95.90  94.34    717   31.831    22   12.427   44.257
 42.41   0.00  95.64  62.01  95.90  94.34    717   31.831    22   12.427   44.257
  0.00  99.16  41.90  63.75  95.90  94.34    718   31.871    22   12.427   44.298
  0.00  99.16  91.78  63.75  95.90  94.34    718   31.871    22   12.427   44.298
 51.39   0.00  37.94  65.50  95.90  94.34    719   31.916    22   12.427   44.342
 51.39   0.00  91.86  65.50  95.90  94.34    719   31.916    22   12.427   44.342
  0.00  46.30  35.96  67.53  95.90  94.34    720   31.961    22   12.427   44.387
  0.00  46.30  89.91  67.53  95.90  94.34    720   31.961    22   12.427   44.387
 48.04   0.00  31.98  69.28  95.90  94.34    721   32.013    22   12.427   44.440
 48.04   0.00  85.94  69.28  95.90  94.34    721   32.013    22   12.427   44.440
  0.00  50.33  21.99  71.02  95.90  94.34    722   32.067    22   12.427   44.494
  0.00  50.33  53.98  71.02  95.90  94.34    722   32.067    22   12.427   44.494
  0.00  50.33  84.09  71.02  95.90  94.34    722   32.067    22   12.427   44.494
 35.25   0.00  22.89  77.26  95.90  94.34    723   32.117    22   12.427   44.543
 35.25   0.00  70.53  77.26  95.90  94.34    723   32.117    22   12.427   44.543
  0.00  42.84  15.92  78.45  95.90  94.34    724   32.145    22   12.427   44.571
  0.00  42.84  69.66  78.45  95.90  94.34    724   32.145    22   12.427   44.571
 60.99   0.00   1.99  79.85  95.90  94.34    725   32.183    22   12.427   44.610
 60.99   0.00  53.83  79.85  95.90  94.34    725   32.183    22   12.427   44.610
  0.00  56.46   0.00  81.79  95.90  94.34    726   32.227    22   12.427   44.654
  0.00  56.46  47.90  81.79  95.90  94.34    726   32.227    22   12.427   44.654
 66.74  56.46 100.00  83.56  95.90  94.34    727   32.227    22   12.427   44.654
 68.08   0.00  51.93  83.61  95.90  94.34    727   32.275    22   12.427   44.702
 68.08  16.34 100.00  84.25  95.90  94.34    728   32.275    22   12.427   44.702
  0.00  59.86  45.96  85.71  95.90  94.34    728   32.328    22   12.427   44.755
  0.00  59.86  97.91  85.71  95.90  94.34    728   32.328    22   12.427   44.755
 63.78   0.00  37.98  87.53  95.90  94.34    729   32.383    22   12.427   44.810
 63.78   0.00  79.95  87.53  95.90  94.34    729   32.383    22   12.427   44.810
 63.78   0.00  99.69  87.53  95.90  94.34    729   32.383    22   12.427   44.810
  0.00 100.00  23.94  90.91  95.90  94.34    730   32.457    22   12.427   44.884
  0.00 100.00  76.31  90.91  95.90  94.34    730   32.457    22   12.427   44.884
 28.23   0.00  23.88  92.09  95.90  94.34    731   32.484    22   12.427   44.911
 28.23   0.00  77.63  92.09  95.90  94.34    731   32.484    22   12.427   44.911
  0.00  40.99  24.10  92.94  95.90  94.34    732   32.515    22   12.427   44.942
  0.00  40.99  79.93  92.94  95.90  94.34    732   32.515    22   12.427   44.942
 50.18   0.00  25.95  94.67  95.90  94.34    733   32.557    22   12.427   44.984
 50.18   0.00  69.86  94.67  95.90  94.34    733   32.557    22   12.427   44.984
  0.00  49.66   0.00  96.40  95.90  94.34    734   32.605    23   12.427   45.031
  0.00  49.66   0.00  96.40  95.90  94.34    734   32.605    23   12.427   45.031
  0.00   0.00  31.96   6.41  95.90  94.34    734   32.605    23   12.838   45.443
  0.00   0.00  85.89   6.41  95.90  94.34    734   32.605    23   12.838   45.443
 49.22   0.00  33.97   6.41  95.90  94.34    735   32.638    23   12.838   45.477
 49.22   0.00  85.93   6.41  95.90  94.34    735   32.638    23   12.838   45.477
  0.00  46.54  29.98   8.14  95.90  94.34    736   32.686    23   12.838   45.524
  0.00  46.54  83.95   8.14  95.90  94.34    736   32.686    23   12.838   45.524
 52.68   0.00  21.99   9.90  95.90  94.34    737   32.735    23   12.838   45.573
 52.68   0.00  47.98   9.90  95.90  94.34    737   32.735    23   12.838   45.573
 52.68   0.00  79.99   9.90  95.90  94.34    737   32.735    23   12.838   45.573
  0.00  30.76  25.02  16.12  95.90  94.34    738   32.779    23   12.838   45.618
  0.00  30.76  76.63  16.12  95.90  94.34    738   32.779    23   12.838   45.618
 42.44   0.00  23.88  17.20  95.90  94.34    739   32.802    23   12.838   45.641
 42.44   0.00  77.60  17.20  95.90  94.34    739   32.802    23   12.838   45.641
  0.00  55.86  19.93  18.59  95.90  94.34    740   32.837    23   12.838   45.675
  0.00  55.86  73.75  18.59  95.90  94.34    740   32.837    23   12.838   45.675
 57.94   0.00  17.96  20.53  95.90  94.34    741   32.876    23   12.838   45.714
 57.94   0.00  68.19  20.53  95.90  94.34    741   32.876    23   12.838   45.714
  0.00  65.73   9.99  22.34  95.90  94.34    742   32.927    23   12.838   45.765
  0.00  65.73  63.91  22.34  95.90  94.34    742   32.927    23   12.838   45.765
 62.26   0.00   5.99  24.43  95.90  94.34    743   32.973    23   12.838   45.811
 62.26   0.00  57.95  24.43  95.90  94.34    743   32.973    23   12.838   45.811
  0.00  59.86   0.00  26.24  95.90  94.34    744   33.030    23   12.838   45.868
  0.00  59.86  47.97  26.24  95.90  94.34    744   33.030    23   12.838   45.868
  0.00  59.86  88.62  26.24  95.90  94.34    744   33.030    23   12.838   45.868
100.00   0.00   0.00  28.93  95.90  94.34    745   33.099    23   12.838   45.937
100.00   0.00  60.46  28.93  95.90  94.34    745   33.099    23   12.838   45.937
100.00   0.00  96.14  28.93  95.90  94.34    745   33.099    23   12.838   45.937
  0.00  96.41  43.75  30.60  95.90  94.34    746   33.124    23   12.838   45.963
  0.00  96.41  97.44  30.60  95.90  94.34    747   33.124    23   12.838   45.963
 42.41   0.00  45.83  31.28  95.90  94.34    747   33.151    23   12.838   45.989
 42.41   0.00  99.63  31.28  95.90  94.34    748   33.151    23   12.838   45.989
  0.00  99.40  45.89  33.02  95.90  94.34    748   33.189    23   12.838   46.027
 38.77  99.40 100.00  34.28  95.90  94.34    749   33.189    23   12.838   46.027
 51.33   0.00  41.93  34.77  95.90  94.34    749   33.231    23   12.838   46.069
 51.33  24.51 100.00  35.95  95.90  94.34    750   33.231    23   12.838   46.069
  0.00  46.30  51.95  36.80  95.90  94.34    750   33.274    23   12.838   46.113
 17.93  46.30 100.00  37.45  95.90  94.34    751   33.274    23   12.838   46.113
 48.04   0.00  45.97  38.55  95.90  94.34    751   33.333    23   12.838   46.171
 48.04   0.00  99.93  38.55  95.90  94.34    752   33.333    23   12.838   46.171
  0.00  50.26  37.98  40.29  95.90  94.34    752   33.389    23   12.838   46.227
  0.00  50.26  56.75  40.29  95.90  94.34    752   33.389    23   12.838   46.227
  0.00  50.26  86.09  40.29  95.90  94.34    753   33.389    23   12.838   46.227
 35.25   0.00  24.89  46.53  95.90  94.34    753   33.438    23   12.838   46.277
 35.25   0.00  24.89  46.53  95.90  94.34    753   33.438    23   12.838   46.277
 35.25   0.00  24.89  46.53  95.90  94.34    753   33.438    23   12.838   46.277
 35.25   0.00  24.89  46.53  95.90  94.34    753   33.438    23   12.838   46.277
 35.25   0.00  24.89  46.53  95.90  94.34    753   33.438    23   12.838   46.277
