 S0C    S1C    S0U    S1U      EC       EU        OC         OU       MC     MU    CCSC   CCSU   YGC     YGCT    FGC    FGCT     GCT   
110080.0 5632.0  0.0   5360.0 484864.0 134864.5  699392.0   178232.6  5760.0 5496.5 640.0  603.8      11    0.553   0      0.000    0.553
110080.0 5632.0  0.0   5360.0 484864.0 414737.5  699392.0   178232.6  5760.0 5496.5 640.0  603.8      11    0.553   0      0.000    0.553
110080.0 108544.0 21344.0  0.0   480256.0 191276.8  699392.0   183352.6  5760.0 5496.5 640.0  603.8      12    0.580   0      0.000    0.580
106496.0 22528.0  0.0   22208.0 480256.0   0.0     699392.0   203696.6  5760.0 5496.5 640.0  603.8      13    0.612   0      0.000    0.612
106496.0 22528.0  0.0   22208.0 480256.0 277770.3  699392.0   203696.6  5760.0 5496.5 640.0  603.8      13    0.612   0      0.000    0.612
106496.0 104448.0 20256.0  0.0   482304.0 67400.1   699392.0   225928.6  5760.0 5496.5 640.0  603.8      14    0.648   0      0.000    0.648
106496.0 104448.0 20256.0  0.0   482304.0 358305.2  699392.0   225928.6  5760.0 5496.5 640.0  603.8      14    0.648   0      0.000    0.648
100864.0 104448.0  0.0   24288.0 482304.0 134886.0  699392.0   246208.6  5760.0 5496.5 640.0  603.8      15    0.687   0      0.000    0.687
100864.0 104448.0  0.0   24288.0 482304.0 443196.5  699392.0   246208.6  5760.0 5496.5 640.0  603.8      15    0.687   0      0.000    0.687
100352.0 97792.0 20224.0  0.0   491008.0 206065.8  699392.0   270496.7  5760.0 5496.5 640.0  603.8      16    0.727   0      0.000    0.727
100352.0 97792.0 20224.0  0.0   491008.0 490632.5  699392.0   270496.7  5760.0 5496.5 640.0  603.8      17    0.727   0      0.000    0.727
94720.0 97792.0  0.0   20544.0 491008.0 235567.0  699392.0   290736.7  5760.0 5496.5 640.0  603.8      17    0.783   0      0.000    0.783
94208.0 91648.0 20544.0  0.0   503808.0   0.0     699392.0   311304.7  5760.0 5496.5 640.0  603.8      18    0.837   0      0.000    0.837
94208.0 91648.0 20544.0  0.0   503808.0 271969.3  699392.0   311304.7  5760.0 5496.5 640.0  603.8      18    0.837   0      0.000    0.837
94208.0 91648.0 20544.0 2496.0 503808.0 503808.0  699392.0   314256.7  5760.0 5496.5 640.0  603.8      19    0.837   0      0.000    0.837
89088.0 91648.0  0.0   42207.0 503808.0 117186.2  699392.0   331872.7  5760.0 5496.5 640.0  603.8      19    0.905   0      0.000    0.905
89088.0 91648.0  0.0   42207.0 503808.0 408898.4  699392.0   331872.7  5760.0 5496.5 640.0  603.8      19    0.905   0      0.000    0.905
89088.0 88576.0 4304.0  0.0   513536.0 143771.1  699392.0   357088.7  5760.0 5496.5 640.0  603.8      20    0.930   0      0.000    0.930
89088.0 88576.0 4304.0  0.0   513536.0 441582.5  699392.0   357088.7  5760.0 5496.5 640.0  603.8      20    0.930   0      0.000    0.930
84992.0 88576.0  0.0   22624.0 513536.0 215667.0  699392.0   361240.8  5760.0 5496.5 640.0  603.8      21    0.951   0      0.000    0.951
84992.0 88576.0  0.0   22624.0 513536.0 513536.0  699392.0   361240.8  5760.0 5496.5 640.0  603.8      22    0.951   0      0.000    0.951
80896.0 80896.0 23648.0  0.0   525312.0 273147.0  699392.0   382824.8  5760.0 5496.5 640.0  603.8      22    0.986   0      0.000    0.986
77312.0 80896.0  0.0   22144.0 525312.0 10506.0   699392.0   406480.8  5760.0 5496.5 640.0  603.8      23    1.024   0      0.000    1.024
77312.0 80896.0  0.0   22144.0 525312.0 306717.9  699392.0   406480.8  5760.0 5496.5 640.0  603.8      23    1.024   0      0.000    1.024
72704.0 73216.0 26112.0  0.0   540672.0 32439.5   699392.0   428672.8  5760.0 5496.5 640.0  603.8      24    1.066   0      0.000    1.066
72704.0 73216.0 26112.0  0.0   540672.0 346022.7  699392.0   428672.8  5760.0 5496.5 640.0  603.8      24    1.066   0      0.000    1.066
69632.0 73216.0  0.0   22624.0 540672.0 64879.7   699392.0   454776.8  5760.0 5496.5 640.0  603.8      25    1.112   0      0.000    1.112
69632.0 73216.0  0.0   22624.0 540672.0 378465.6  699392.0   454776.8  5760.0 5496.5 640.0  603.8      25    1.112   0      0.000    1.112
66560.0 66560.0 22624.0  0.0   556032.0 77843.7   699392.0   477424.8  5760.0 5496.5 640.0  603.8      26    1.168   0      0.000    1.168
66560.0 66560.0 22624.0  0.0   556032.0 378099.2  699392.0   477424.8  5760.0 5496.5 640.0  603.8      26    1.168   0      0.000    1.168
64000.0 66560.0  0.0   31104.0 556032.0 22241.1   699392.0   500072.8  5760.0 5496.5 640.0  603.8      27    1.224   0      0.000    1.224
64000.0 66560.0  0.0   31104.0 556032.0 222411.2  699392.0   500072.8  5760.0 5496.5 640.0  603.8      27    1.224   0      0.000    1.224
64000.0 66560.0  0.0   31104.0 556032.0 344829.9  699392.0   500072.8  5760.0 5496.5 640.0  603.8      27    1.224   0      0.000    1.224
64000.0 86528.0 63989.3  0.0   525824.0 62621.9   699392.0   534688.9  5760.0 5496.5 640.0  603.8      28    1.278   0      0.000    1.278
64000.0 86528.0 63989.3  0.0   525824.0 292188.4  699392.0   534688.9  5760.0 5496.5 640.0  603.8      28    1.278   0      0.000    1.278
84480.0 86528.0  0.0   17136.0 525824.0 52314.8   699392.0   535960.9  5760.0 5496.5 640.0  603.8      29    1.296   0      0.000    1.296
84480.0 86528.0  0.0   17136.0 525824.0 355739.9  699392.0   535960.9  5760.0 5496.5 640.0  603.8      29    1.296   0      0.000    1.296
75264.0 80896.0 23168.0  0.0   527872.0 105225.0  699392.0   552568.9  5760.0 5496.5 640.0  603.8      30    1.327   0      0.000    1.327
75264.0 80896.0 23168.0  0.0   527872.0 410378.1  699392.0   552568.9  5760.0 5496.5 640.0  603.8      30    1.327   0      0.000    1.327
77824.0 80896.0  0.0   24224.0 527872.0 147486.8  699392.0   574736.9  5760.0 5496.5 640.0  603.8      31    1.366   0      0.000    1.366
77824.0 80896.0  0.0   24224.0 527872.0 442459.6  699392.0   574736.9  5760.0 5496.5 640.0  603.8      31    1.366   0      0.000    1.366
68096.0 74240.0 26208.0  0.0   540160.0 161821.7  699392.0   596944.9  5760.0 5496.5 640.0  603.8      32    1.409   0      0.000    1.409
68096.0 74240.0 26208.0  0.0   540160.0 474677.1  699392.0   596944.9  5760.0 5496.5 640.0  603.8      32    1.409   0      0.000    1.409
71168.0 74240.0  0.0   22688.0 540160.0 194281.0  699392.0   623161.0  5760.0 5496.5 640.0  603.8      33    1.454   0      0.000    1.454
71168.0 74240.0  0.0   22688.0 540160.0 496496.5  699392.0   623161.0  5760.0 5496.5 640.0  603.8      33    1.454   0      0.000    1.454
62976.0 68608.0 22592.0  0.0   553472.0 199132.6  699392.0   645841.0  5760.0 5496.5 640.0  603.8      34    1.505   0      0.000    1.505
62976.0 68608.0 22592.0  0.0   553472.0 508895.7  699392.0   645841.0  5760.0 5496.5 640.0  603.8      34    1.505   0      0.000    1.505
65536.0 68608.0  0.0   23168.0 553472.0   0.0     699392.0   668473.0  5760.0 5496.5 640.0  603.8      35    1.557   1      0.000    1.557
65536.0 68608.0  0.0   23168.0 553472.0   0.0     699392.0   668473.0  5760.0 5496.5 640.0  603.8      35    1.557   1      0.000    1.557
65536.0 68608.0  0.0   23168.0 553472.0   0.0     699392.0   668473.0  5760.0 5496.5 640.0  603.8      35    1.557   1      0.000    1.557
65536.0 68608.0  0.0    0.0   553472.0 203269.6  699392.0   156419.2  5760.0 5496.5 640.0  603.8      35    1.557   1      0.733    2.290
65536.0 68608.0  0.0    0.0   553472.0 413508.4  699392.0   156419.2  5760.0 5496.5 640.0  603.8      35    1.557   1      0.733    2.290
65536.0 68608.0  0.0    0.0   553472.0 535650.2  699392.0   156419.2  5760.0 5496.5 640.0  603.8      36    1.557   1      0.733    2.290
65536.0 78848.0 65519.0  0.0   541184.0 282975.5  699392.0   165859.2  5760.0 5496.5 640.0  603.8      36    1.613   1      0.733    2.346
65536.0 78848.0 65519.0 6288.0 541184.0 541184.0  699392.0   186835.2  5760.0 5496.5 640.0  603.8      37    1.613   1      0.733    2.346
78336.0 78848.0  0.0   11408.0 541184.0 301590.8  699392.0   186835.2  5760.0 5496.5 640.0  603.8      37    1.637   1      0.733    2.370
70656.0 74752.0 23808.0  0.0   541696.0 43199.0   699392.0   197691.3  5760.0 5496.5 640.0  603.8      38    1.665   1      0.733    2.398
70656.0 74752.0 23808.0  0.0   541696.0 345590.8  699392.0   197691.3  5760.0 5496.5 640.0  603.8      38    1.665   1      0.733    2.398
71168.0 74752.0  0.0   24832.0 541696.0 64870.2   699392.0   220507.3  5760.0 5496.5 640.0  603.8      39    1.700   1      0.733    2.433
71168.0 74752.0  0.0   24832.0 541696.0 313539.4  699392.0   220507.3  5760.0 5496.5 640.0  603.8      39    1.700   1      0.733    2.433
64512.0 68096.0 24800.0  0.0   552960.0 22088.9   699392.0   244323.3  5760.0 5496.5 640.0  603.8      40    1.738   1      0.733    2.471
64512.0 68096.0 24800.0  0.0   552960.0 331334.5  699392.0   244323.3  5760.0 5496.5 640.0  603.8      40    1.738   1      0.733    2.471
65024.0 68096.0  0.0   25216.0 552960.0 44198.5   699392.0   269163.3  5760.0 5496.5 640.0  603.8      41    1.783   1      0.733    2.516
65024.0 68096.0  0.0   25216.0 552960.0 353587.8  699392.0   269163.3  5760.0 5496.5 640.0  603.8      41    1.783   1      0.733    2.516
59392.0 62464.0 23136.0  0.0   565760.0 56544.2   699392.0   294387.3  5760.0 5496.5 640.0  603.8      42    1.825   1      0.733    2.558
59392.0 62464.0 23136.0  0.0   565760.0 361882.6  699392.0   294387.3  5760.0 5496.5 640.0  603.8      42    1.825   1      0.733    2.558
59904.0 62464.0  0.0   23680.0 565760.0 45244.2   699392.0   317547.3  5760.0 5496.5 640.0  603.8      43    1.876   1      0.733    2.609
59904.0 62464.0  0.0   23680.0 565760.0 328020.8  699392.0   317547.3  5760.0 5496.5 640.0  603.8      43    1.876   1      0.733    2.609
59904.0 62464.0  0.0   23680.0 565760.0 479160.2  699392.0   317547.3  5760.0 5496.5 640.0  603.8      43    1.876   1      0.733    2.609
59904.0 68096.0 58863.0  0.0   562688.0 48032.7   699392.0   341251.3  5760.0 5496.5 640.0  603.8      44    1.943   1      0.733    2.676
59904.0 68096.0 58863.0  0.0   562688.0 331860.1  699392.0   341251.3  5760.0 5496.5 640.0  603.8      44    1.943   1      0.733    2.676
68096.0 68096.0  0.0   10192.0 562688.0 44794.0   699392.0   364683.4  5760.0 5496.5 640.0  603.8      45    1.967   1      0.733    2.700
68096.0 68096.0  0.0   10192.0 562688.0 358352.6  699392.0   364683.4  5760.0 5496.5 640.0  603.8      45    1.967   1      0.733    2.700
61952.0 65024.0 24736.0  0.0   562688.0 78525.2   699392.0   374435.4  5760.0 5496.5 640.0  603.8      46    1.993   1      0.733    2.726
61952.0 65024.0 24736.0  0.0   562688.0 381407.3  699392.0   374435.4  5760.0 5496.5 640.0  603.8      46    1.993   1      0.733    2.726
61952.0 65024.0  0.0   25728.0 562688.0 44921.9   699392.0   398147.4  5760.0 5496.5 640.0  603.8      47    2.039   1      0.733    2.772
61952.0 65024.0  0.0   25728.0 562688.0 348143.9  699392.0   398147.4  5760.0 5496.5 640.0  603.8      47    2.039   1      0.733    2.772
54784.0 58368.0 27648.0  0.0   571904.0   0.0     699392.0   421827.4  5760.0 5496.5 640.0  603.8      48    2.084   1      0.733    2.817
54784.0 58368.0 27648.0  0.0   571904.0 217030.9  699392.0   421827.4  5760.0 5496.5 640.0  603.8      48    2.084   1      0.733    2.817
54784.0 58368.0 27648.0  0.0   571904.0 445484.0  699392.0   421827.4  5760.0 5496.5 640.0  603.8      48    2.084   1      0.733    2.817
56320.0 58368.0  0.0   24000.0 571904.0 102852.7  699392.0   449515.4  5760.0 5496.5 640.0  603.8      49    2.132   1      0.733    2.865
56320.0 58368.0  0.0   24000.0 571904.0 354270.7  699392.0   449515.4  5760.0 5496.5 640.0  603.8      49    2.132   1      0.733    2.865
50688.0 54272.0 23936.0  0.0   584192.0   0.0     699392.0   473547.4  5760.0 5496.5 640.0  603.8      50    2.210   1      0.733    2.943
50688.0 54272.0 23936.0  0.0   584192.0 233543.9  699392.0   473547.4  5760.0 5496.5 640.0  603.8      50    2.210   1      0.733    2.943
50688.0 54272.0 23936.0  0.0   584192.0 525474.0  699392.0   473547.4  5760.0 5496.5 640.0  603.8      50    2.210   1      0.733    2.943
51712.0 54272.0  0.0   24448.0 584192.0 144250.6  699392.0   497499.4  5760.0 5496.5 640.0  603.8      51    2.277   1      0.733    3.010
51712.0 54272.0  0.0   24448.0 584192.0 331122.8  699392.0   497499.4  5760.0 5496.5 640.0  603.8      51    2.277   1      0.733    3.010
51712.0 54272.0  0.0   24448.0 584192.0 401199.7  699392.0   497499.4  5760.0 5496.5 640.0  603.8      51    2.277   1      0.733    3.010
51712.0 54272.0  0.0   24448.0 584192.0 581549.8  699392.0   497499.4  5760.0 5496.5 640.0  603.8      51    2.277   1      0.733    3.010
48640.0 50688.0 19774.9  0.0   592896.0 199533.8  699392.0   595699.5  5760.0 5498.2 640.0  603.8      52    2.351   1      0.733    3.084
48640.0 50688.0 19774.9  0.0   592896.0 376109.8  699392.0   595699.5  5760.0 5498.2 640.0  603.8      52    2.351   1      0.733    3.084
49664.0 50688.0  0.0   17328.0 592896.0 23603.8   699392.0   615227.5  5760.0 5498.6 640.0  603.8      53    2.380   1      0.733    3.113
49664.0 50688.0  0.0   17328.0 592896.0 259642.3  699392.0   615227.5  5760.0 5498.6 640.0  603.8      53    2.380   1      0.733    3.113
49664.0 50688.0  0.0   17328.0 592896.0 555714.6  699392.0   615227.5  5760.0 5498.6 640.0  603.8      53    2.380   1      0.733    3.113
45568.0 48128.0 26912.0  0.0   598528.0 214808.9  699392.0   632035.5  5760.0 5498.6 640.0  603.8      54    2.416   1      0.733    3.149
45568.0 48128.0 26912.0  0.0   598528.0 501220.5  699392.0   632035.5  5760.0 5498.6 640.0  603.8      54    2.416   1      0.733    3.149
45568.0 48128.0  0.0   25248.0 598528.0   0.0     699392.0   658987.6  5760.0 5498.6 640.0  603.8      55    2.460   2      0.733    3.193
45568.0 48128.0  0.0    0.0   598528.0 35840.1   699392.0   70280.4   5760.0 5498.6 640.0  603.8      55    2.460   2      1.078    3.537
45568.0 48128.0  0.0    0.0   598528.0 322561.2  699392.0   70280.4   5760.0 5498.6 640.0  603.8      55    2.460   2      1.078    3.537
44544.0 45056.0 29152.0  0.0   605184.0   0.0     699392.0   70280.4   5760.0 5498.6 640.0  603.8      56    2.500   2      1.078    3.578
44544.0 45056.0 29152.0  0.0   605184.0 290112.5  699392.0   70280.4   5760.0 5498.6 640.0  603.8      56    2.500   2      1.078    3.578
44544.0 45056.0 29152.0  0.0   605184.0 592312.4  699392.0   70280.4   5760.0 5498.6 640.0  603.8      57    2.500   2      1.078    3.578
43520.0 45056.0  0.0   25312.0 605184.0 241870.2  699392.0   99472.5   5760.0 5498.6 640.0  603.8      57    2.543   2      1.078    3.621
43520.0 45056.0  0.0   25312.0 605184.0 544207.9  699392.0   99472.5   5760.0 5498.6 640.0  603.8      57    2.543   2      1.078    3.621
40448.0 41472.0 25312.0  0.0   610304.0 134193.3  699392.0   124832.5  5760.0 5498.6 640.0  603.8      58    2.610   2      1.078    3.687
40448.0 41472.0 25312.0  0.0   610304.0 414779.7  699392.0   124832.5  5760.0 5498.6 640.0  603.8      58    2.610   2      1.078    3.687
40448.0 41472.0 25312.0 38687.0 610304.0 610304.0  699392.0   147808.5  5760.0 5498.6 640.0  603.8      59    2.610   2      1.078    3.687
47104.0 41472.0  0.0   41471.0 610304.0 135418.3  699392.0   154952.5  5760.0 5498.6 640.0  603.8      59    2.676   2      1.078    3.754
47104.0 41472.0  0.0   41471.0 610304.0 409110.2  699392.0   154952.5  5760.0 5498.6 640.0  603.8      59    2.676   2      1.078    3.754
47104.0 58368.0 8752.0  0.0   582144.0 58201.1   699392.0   184128.5  5760.0 5498.6 640.0  603.8      60    2.705   2      1.078    3.783
47104.0 58368.0 8752.0  0.0   582144.0 337566.9  699392.0   184128.5  5760.0 5498.6 640.0  603.8      60    2.705   2      1.078    3.783
55808.0 58368.0  0.0   25536.0 582144.0 34923.6   699392.0   192600.6  5760.0 5498.6 640.0  603.8      61    2.731   2      1.078    3.808
55808.0 58368.0  0.0   25536.0 582144.0 325952.3  699392.0   192600.6  5760.0 5498.6 640.0  603.8      61    2.731   2      1.078    3.808
48128.0 53248.0 26496.0  0.0   584704.0   0.0     699392.0   217112.6  5760.0 5498.6 640.0  603.8      62    2.770   2      1.078    3.848
48128.0 53248.0 26496.0  0.0   584704.0 315710.1  699392.0   217112.6  5760.0 5498.6 640.0  603.8      62    2.770   2      1.078    3.848
48128.0 53248.0 26496.0  0.0   584704.0 584648.7  699392.0   217112.6  5760.0 5498.6 640.0  603.8      62    2.770   2      1.078    3.848
50688.0 53248.0  0.0   28576.0 584704.0 233867.2  699392.0   241600.6  5760.0 5498.6 640.0  603.8      63    2.821   2      1.078    3.899
50688.0 53248.0  0.0   28576.0 584704.0 549588.9  699392.0   241600.6  5760.0 5498.6 640.0  603.8      63    2.821   2      1.078    3.899
45056.0 49152.0 24544.0  0.0   594944.0 142781.1  699392.0   270216.6  5760.0 5498.6 640.0  603.8      64    2.870   2      1.078    3.947
45056.0 49152.0 24544.0  0.0   594944.0 440241.4  699392.0   270216.6  5760.0 5498.6 640.0  603.8      64    2.870   2      1.078    3.947
47616.0 49152.0  0.0   24864.0 594944.0 83290.5   699392.0   294784.6  5760.0 5498.6 640.0  603.8      65    2.923   2      1.078    4.001
47616.0 49152.0  0.0   24864.0 594944.0 380754.9  699392.0   294784.6  5760.0 5498.6 640.0  603.8      65    2.923   2      1.078    4.001
43008.0 46080.0 24896.0  0.0   602112.0 24084.2   699392.0   319704.6  5760.0 5498.6 640.0  603.8      66    2.978   2      1.078    4.056
43008.0 46080.0 24896.0  0.0   602112.0 273117.0  699392.0   319704.6  5760.0 5498.6 640.0  603.8      66    2.978   2      1.078    4.056
43008.0 46080.0 24896.0  0.0   602112.0 409881.1  699392.0   319704.6  5760.0 5498.6 640.0  603.8      66    2.978   2      1.078    4.056
46080.0 46080.0  0.0   16654.9 602112.0 62621.9   699392.0   407143.0  5760.0 5499.1 640.0  603.8      67    3.024   2      1.078    4.102
46080.0 46080.0  0.0   16654.9 602112.0 292587.6  699392.0   407143.0  5760.0 5499.1 640.0  603.8      67    3.024   2      1.078    4.102
46080.0 46080.0  0.0   16654.9 602112.0 531650.5  699392.0   407143.0  5760.0 5499.1 640.0  603.8      67    3.024   2      1.078    4.102
43008.0 44544.0 20592.0  0.0   606720.0 181141.1  699392.0   423551.0  5760.0 5499.1 640.0  603.8      68    3.055   2      1.078    4.133
43008.0 44544.0 20592.0  0.0   606720.0 484066.3  699392.0   423551.0  5760.0 5499.1 640.0  603.8      68    3.055   2      1.078    4.133
43520.0 44544.0  0.0   27520.0 606720.0 120957.3  699392.0   443359.1  5760.0 5499.1 640.0  603.8      69    3.092   2      1.078    4.170
43520.0 44544.0  0.0   27520.0 606720.0 435445.4  699392.0   443359.1  5760.0 5499.1 640.0  603.8      69    3.092   2      1.078    4.170
39936.0 41984.0 25600.0  0.0   610816.0 73146.1   699392.0   470911.1  5760.0 5499.1 640.0  603.8      70    3.139   2      1.078    4.217
39936.0 41984.0 25600.0  0.0   610816.0 379969.2  699392.0   470911.1  5760.0 5499.1 640.0  603.8      70    3.139   2      1.078    4.217
39936.0 41984.0 25600.0  0.0   610816.0 489688.3  699392.0   470911.1  5760.0 5499.1 640.0  603.8      70    3.139   2      1.078    4.217
41984.0 41984.0  0.0   29632.0 610816.0 60999.5   699392.0   496527.1  5760.0 5499.1 640.0  603.8      71    3.210   2      1.078    4.288
41984.0 41984.0  0.0   29632.0 610816.0 329396.6  699392.0   496527.1  5760.0 5499.1 640.0  603.8      71    3.210   2      1.078    4.288
41984.0 41984.0  0.0   29632.0 610816.0 597793.9  699392.0   496527.1  5760.0 5499.1 640.0  603.8      72    3.210   2      1.078    4.288
38912.0 40448.0 25568.0  0.0   614912.0 221175.1  699392.0   526191.1  5760.0 5499.1 640.0  603.8      72    3.260   2      1.078    4.338
38912.0 40448.0 25568.0  0.0   614912.0 516075.2  699392.0   526191.1  5760.0 5499.1 640.0  603.8      72    3.260   2      1.078    4.338
38912.0 40448.0  0.0   25728.0 614912.0 86038.9   699392.0   551767.1  5760.0 5499.1 640.0  603.8      73    3.341   2      1.078    4.419
38912.0 40448.0  0.0   25728.0 614912.0 356446.3  699392.0   551767.1  5760.0 5499.1 640.0  603.8      73    3.341   2      1.078    4.419
38912.0 40448.0  0.0   25728.0 614912.0 516232.3  699392.0   551767.1  5760.0 5499.1 640.0  603.8      73    3.341   2      1.078    4.419
38912.0 40448.0 27007.0 25728.0 614912.0 614912.0  699392.0   606839.1  5760.0 5499.1 640.0  603.8      74    3.341   2      1.078    4.419
38912.0 66560.0 38911.0  0.0   565760.0 284112.2  699392.0   617247.1  5760.0 5499.1 640.0  603.8      74    3.421   2      1.078    4.499
38912.0 66560.0 38911.0  0.0   565760.0 510333.0  699392.0   617247.1  5760.0 5499.1 640.0  603.8      74    3.421   2      1.078    4.499
67072.0 12800.0  0.0    0.0   565760.0 113125.3  699392.0   13649.8   5760.0 5499.1 640.0  603.8      75    3.450   3      1.146    4.596
67072.0 12800.0  0.0    0.0   565760.0 418563.3  699392.0   13649.8   5760.0 5499.1 640.0  603.8      75    3.450   3      1.146    4.596
67072.0 64512.0 24864.0  0.0   567296.0 125810.0  699392.0   13649.8   5760.0 5499.1 640.0  603.8      76    3.470   3      1.146    4.616
67072.0 64512.0 24864.0  0.0   567296.0 432102.7  699392.0   13649.8   5760.0 5499.1 640.0  603.8      76    3.470   3      1.146    4.616
62464.0 26112.0  0.0   25888.0 567296.0 136135.9  699392.0   37497.8   5760.0 5499.1 640.0  603.8      77    3.507   3      1.146    4.653
62464.0 26112.0  0.0   25888.0 567296.0 431096.9  699392.0   37497.8   5760.0 5499.1 640.0  603.8      77    3.507   3      1.146    4.653
62464.0 59392.0 27840.0  0.0   570368.0 91252.6   699392.0   61369.8   5760.0 5499.1 640.0  603.8      78    3.548   3      1.146    4.694
62464.0 59392.0 27840.0  0.0   570368.0 399229.1  699392.0   61369.8   5760.0 5499.1 640.0  603.8      78    3.548   3      1.146    4.694
57856.0 59392.0  0.0   23936.0 570368.0 68441.3   699392.0   89249.9   5760.0 5499.1 640.0  603.8      79    3.590   3      1.146    4.736
57856.0 59392.0  0.0   23936.0 570368.0 365018.8  699392.0   89249.9   5760.0 5499.1 640.0  603.8      79    3.590   3      1.146    4.736
57856.0 55808.0 23872.0  0.0   579072.0   0.0     699392.0   113201.9  5760.0 5499.1 640.0  603.8      80    3.647   3      1.146    4.793
57856.0 55808.0 23872.0  0.0   579072.0 289527.8  699392.0   113201.9  5760.0 5499.1 640.0  603.8      80    3.647   3      1.146    4.793
57856.0 55808.0 23872.0  0.0   579072.0 532731.4  699392.0   113201.9  5760.0 5499.1 640.0  603.8      80    3.647   3      1.146    4.793
54272.0 55808.0  0.0   24224.0 579072.0 81068.8   699392.0   137089.9  5760.0 5499.1 640.0  603.8      81    3.720   3      1.146    4.866
54272.0 55808.0  0.0   24224.0 579072.0 266367.9  699392.0   137089.9  5760.0 5499.1 640.0  603.8      81    3.720   3      1.146    4.866
54272.0 55808.0  0.0   24224.0 579072.0 335854.9  699392.0   137089.9  5760.0 5499.1 640.0  603.8      81    3.720   3      1.146    4.866
54272.0 55808.0  0.0   24224.0 579072.0 435110.5  699392.0   137089.9  5760.0 5499.1 640.0  603.8      81    3.720   3      1.146    4.866
54272.0 55808.0 11184.0 24224.0 579072.0 532000.9  699392.0   218609.9  5760.0 5499.1 640.0  603.8      82    3.720   3      1.146    4.866
54272.0 53248.0 17566.9  0.0   586240.0 269209.3  699392.0   235065.9  5760.0 5499.1 640.0  603.8      82    3.774   3      1.146    4.920
54272.0 53248.0 17566.9  0.0   586240.0 571728.8  699392.0   235065.9  5760.0 5499.1 640.0  603.8      82    3.774   3      1.146    4.920
52736.0 53248.0  0.0   17072.0 586240.0 210000.5  699392.0   252401.9  5760.0 5499.1 640.0  603.8      83    3.797   3      1.146    4.943
52736.0 53248.0  0.0   17072.0 586240.0 455000.8  699392.0   252401.9  5760.0 5499.1 640.0  603.8      83    3.797   3      1.146    4.943
49152.0 50176.0 26656.0  0.0   592896.0 82738.0   699392.0   268930.0  5760.0 5499.1 640.0  603.8      84    3.844   3      1.146    4.990
49152.0 50176.0 26656.0  0.0   592896.0 378231.0  699392.0   268930.0  5760.0 5499.1 640.0  603.8      84    3.844   3      1.146    4.990
49152.0 50176.0 26656.0 4768.0 592896.0 592896.0  699392.0   275874.0  5760.0 5499.1 640.0  603.8      85    3.844   3      1.146    4.990
48128.0 50176.0  0.0   25024.0 592896.0 177496.8  699392.0   295602.0  5760.0 5499.1 640.0  603.8      85    3.905   3      1.146    5.051
48128.0 50176.0  0.0   25024.0 592896.0 451706.4  699392.0   295602.0  5760.0 5499.1 640.0  603.8      85    3.905   3      1.146    5.051
46080.0 46592.0 28928.0  0.0   600576.0 59976.0   699392.0   320642.0  5760.0 5499.1 640.0  603.8      86    3.956   3      1.146    5.102
46080.0 46592.0 28928.0  0.0   600576.0 287884.4  699392.0   320642.0  5760.0 5499.1 640.0  603.8      86    3.956   3      1.146    5.102
46080.0 46592.0 28928.0  0.0   600576.0 443821.8  699392.0   320642.0  5760.0 5499.1 640.0  603.8      86    3.956   3      1.146    5.102
45056.0 46592.0  0.0   25120.0 600576.0 48003.8   699392.0   349610.0  5760.0 5499.1 640.0  603.8      87    4.014   3      1.146    5.160
45056.0 46592.0  0.0   25120.0 600576.0 276021.1  699392.0   349610.0  5760.0 5499.1 640.0  603.8      87    4.014   3      1.146    5.160
45056.0 46592.0  0.0   25120.0 600576.0 552041.9  699392.0   349610.0  5760.0 5499.1 640.0  603.8      87    4.014   3      1.146    5.160
43008.0 43520.0 25152.0  0.0   607232.0 169927.2  699392.0   374762.0  5760.0 5499.1 640.0  603.8      88    4.068   3      1.146    5.214
43008.0 43520.0 25152.0  0.0   607232.0 449093.8  699392.0   374762.0  5760.0 5499.1 640.0  603.8      88    4.068   3      1.146    5.214
43008.0 43520.0 25152.0 26527.0 607232.0 607232.0  699392.0   388346.0  5760.0 5499.1 640.0  603.8      89    4.068   3      1.146    5.288
47616.0 43520.0  0.0   42047.0 607232.0 72840.4   699392.0   399922.0  5760.0 5499.1 640.0  603.8      89    4.142   3      1.146    5.288
47616.0 43520.0  0.0   42047.0 607232.0 261944.8  699392.0   399922.0  5760.0 5499.1 640.0  603.8      89    4.142   3      1.146    5.288
47616.0 43520.0  0.0   42047.0 607232.0 522547.7  699392.0   399922.0  5760.0 5499.1 640.0  603.8      89    4.142   3      1.146    5.288
47616.0 49152.0 6992.0  0.0   600576.0 108077.7  699392.0   431250.1  5760.0 5499.1 640.0  603.8      90    4.179   3      1.146    5.325
47616.0 49152.0 6992.0  0.0   600576.0 396797.4  699392.0   431250.1  5760.0 5499.1 640.0  603.8      90    4.179   3      1.146    5.325
47104.0 26624.0  0.0   26272.0 600576.0 60048.4   699392.0   437946.1  5760.0 5499.1 640.0  603.8      91    4.205   3      1.146    5.351
47104.0 26624.0  0.0   26272.0 600576.0 348280.1  699392.0   437946.1  5760.0 5499.1 640.0  603.8      91    4.205   3      1.146    5.351
47104.0 26624.0 9600.0 26272.0 600576.0 600576.0  699392.0   445474.1  5760.0 5499.1 640.0  603.8      92    4.205   3      1.146    5.351
47104.0 45568.0 27296.0  0.0   603648.0 217291.5  699392.0   463234.1  5760.0 5499.1 640.0  603.8      92    4.261   3      1.146    5.408
47104.0 45568.0 27296.0  0.0   603648.0 458726.5  699392.0   463234.1  5760.0 5499.1 640.0  603.8      92    4.261   3      1.146    5.408
45056.0 45568.0  0.0   29408.0 603648.0 72433.0   699392.0   488506.1  5760.0 5499.1 640.0  603.8      93    4.308   3      1.146    5.454
45056.0 45568.0  0.0   29408.0 603648.0 362165.3  699392.0   488506.1  5760.0 5499.1 640.0  603.8      93    4.308   3      1.146    5.454
43008.0 43008.0 25344.0  0.0   608256.0   0.0     699392.0   517930.2  5760.0 5499.1 640.0  603.8      94    4.357   3      1.146    5.503
43008.0 43008.0 25344.0  0.0   608256.0 291951.2  699392.0   517930.2  5760.0 5499.1 640.0  603.8      94    4.357   3      1.146    5.503
43008.0 43008.0 25344.0  0.0   608256.0 547408.5  699392.0   517930.2  5760.0 5499.1 640.0  603.8      94    4.357   3      1.146    5.503
41472.0 43008.0  0.0   25472.0 608256.0 133813.0  699392.0   543282.2  5760.0 5499.1 640.0  603.8      95    4.429   3      1.146    5.575
41472.0 43008.0  0.0   25472.0 608256.0 401438.8  699392.0   543282.2  5760.0 5499.1 640.0  603.8      95    4.429   3      1.146    5.575
41472.0 43008.0 11936.0 25472.0 608256.0 608256.0  699392.0   555154.2  5760.0 5499.1 640.0  603.8      96    4.429   3      1.146    5.575
40960.0 40448.0 25440.0  0.0   613888.0 175982.1  699392.0   568754.2  5760.0 5499.1 640.0  603.8      96    4.510   3      1.146    5.656
40960.0 40448.0 25440.0  0.0   613888.0 249647.1  699392.0   568754.2  5760.0 5499.1 640.0  603.8      96    4.510   3      1.146    5.656
40960.0 40448.0 25440.0  0.0   613888.0 439301.3  699392.0   568754.2  5760.0 5499.1 640.0  603.8      96    4.510   3      1.146    5.656
40960.0 40448.0  0.0   13872.0 613888.0   0.0     699392.0   656848.0  5760.0 5499.1 640.0  603.8      97    4.562   4      1.146    5.708
40960.0 40448.0  0.0   13872.0 613888.0   0.0     699392.0   656848.0  5760.0 5499.1 640.0  603.8      97    4.562   4      1.146    5.708
40960.0 40448.0  0.0   13872.0 613888.0   0.0     699392.0   656848.0  5760.0 5499.1 640.0  603.8      97    4.562   4      1.146    5.708
40960.0 40448.0  0.0   13872.0 613888.0   0.0     699392.0   656848.0  5760.0 5499.1 640.0  603.8      97    4.562   4      1.146    5.708
40960.0 40448.0  0.0    0.0   613888.0 74808.0   791552.0   236107.4  5760.0 5499.1 640.0  603.8      97    4.562   4      2.075    6.637
40960.0 40448.0  0.0    0.0   613888.0 318531.1  791552.0   236107.4  5760.0 5499.1 640.0  603.8      97    4.562   4      2.075    6.637
40960.0 40448.0  0.0    0.0   613888.0 586626.6  791552.0   236107.4  5760.0 5499.1 640.0  603.8      97    4.562   4      2.075    6.637
38400.0 39424.0 23952.0  0.0   617472.0 233501.7  791552.0   298729.3  5760.0 5499.1 640.0  603.8      98    4.591   4      2.075    6.666
38400.0 39424.0 23952.0  0.0   617472.0 479292.8  791552.0   298729.3  5760.0 5499.1 640.0  603.8      98    4.591   4      2.075    6.666
39424.0 39424.0  0.0   27968.0 617472.0 98484.2   791552.0   321665.4  5760.0 5499.1 640.0  603.8      99    4.631   4      2.075    6.706
39424.0 39424.0  0.0   27968.0 617472.0 418558.5  791552.0   321665.4  5760.0 5499.1 640.0  603.8      99    4.631   4      2.075    6.706
37376.0 38400.0 26080.0  0.0   620032.0 49501.0   791552.0   349697.4  5760.0 5499.1 640.0  603.8     100    4.672   4      2.075    6.747
37376.0 38400.0 26080.0  0.0   620032.0 348555.3  791552.0   349697.4  5760.0 5499.1 640.0  603.8     100    4.672   4      2.075    6.747
37376.0 38400.0 26080.0 5088.0 620032.0 620032.0  791552.0   354625.4  5760.0 5499.1 640.0  603.8     101    4.672   4      2.075    6.747
38912.0 38400.0  0.0   29984.0 620032.0 260068.1  791552.0   375761.4  5760.0 5499.1 640.0  603.8     101    4.718   4      2.075    6.794
38912.0 38400.0  0.0   29984.0 620032.0 569672.6  791552.0   375761.4  5760.0 5499.1 640.0  603.8     101    4.718   4      2.075    6.794
36352.0 37376.0 25920.0  0.0   621568.0 198730.4  791552.0   405785.4  5760.0 5499.1 640.0  603.8     102    4.768   4      2.075    6.844
36352.0 37376.0 25920.0  0.0   621568.0 509246.1  791552.0   405785.4  5760.0 5499.1 640.0  603.8     102    4.768   4      2.075    6.844
36352.0 37376.0  0.0   25984.0 621568.0 111819.5  791552.0   431753.4  5760.0 5499.1 640.0  603.8     103    4.824   4      2.075    6.900
36352.0 37376.0  0.0   25984.0 621568.0 339554.3  791552.0   431753.4  5760.0 5499.1 640.0  603.8     103    4.824   4      2.075    6.900
36352.0 37376.0  0.0   25984.0 621568.0 414100.3  791552.0   431753.4  5760.0 5499.1 640.0  603.8     103    4.824   4      2.075    6.900
36352.0 37376.0  0.0   25984.0 621568.0 589613.4  791552.0   431753.4  5760.0 5499.1 640.0  603.8     103    4.824   4      2.075    6.900
36352.0 36352.0 19998.9  0.0   625152.0 200168.3  791552.0   531513.4  5760.0 5499.1 640.0  603.8     104    4.880   4      2.075    6.955
36352.0 36352.0 19998.9  0.0   625152.0 485512.9  791552.0   531513.4  5760.0 5499.1 640.0  603.8     104    4.880   4      2.075    6.955
36352.0 36352.0  0.0   18672.0 625152.0 136841.8  791552.0   551297.5  5760.0 5499.1 640.0  603.8     105    4.906   4      2.075    6.982
36352.0 36352.0  0.0   18672.0 625152.0 398085.2  791552.0   551297.5  5760.0 5499.1 640.0  603.8     105    4.906   4      2.075    6.982
36352.0 36864.0 28288.0  0.0   625152.0 24924.5   791552.0   569473.5  5760.0 5499.1 640.0  603.8     106    4.943   4      2.075    7.018
36352.0 36864.0 28288.0  0.0   625152.0 336479.2  791552.0   569473.5  5760.0 5499.1 640.0  603.8     106    4.943   4      2.075    7.018
36352.0 36864.0 28288.0 4064.0 625152.0 625152.0  791552.0   573553.5  5760.0 5499.1 640.0  603.8     107    4.943   4      2.075    7.018
35840.0 26624.0  0.0   26400.0 625152.0 262006.1  791552.0   597793.6  5760.0 5499.1 640.0  603.8     107    4.985   4      2.075    7.061
35840.0 26624.0  0.0   26400.0 625152.0 548965.7  791552.0   597793.6  5760.0 5499.1 640.0  603.8     107    4.985   4      2.075    7.061
35840.0 36864.0 30240.0  0.0   624640.0 162183.0  791552.0   624185.6  5760.0 5499.1 640.0  603.8     108    5.035   4      2.075    7.111
35840.0 36864.0 30240.0  0.0   624640.0 474072.2  791552.0   624185.6  5760.0 5499.1 640.0  603.8     108    5.035   4      2.075    7.111
35840.0 36864.0  0.0   26144.0 624640.0 99852.9   791552.0   654457.6  5760.0 5499.1 640.0  603.8     109    5.082   4      2.075    7.158
35840.0 36864.0  0.0   26144.0 624640.0 411893.6  791552.0   654457.6  5760.0 5499.1 640.0  603.8     109    5.082   4      2.075    7.158
34816.0 35328.0 26144.0  0.0   626176.0 12516.4   791552.0   680609.6  5760.0 5499.1 640.0  603.8     110    5.146   4      2.075    7.221
34816.0 35328.0 26144.0  0.0   626176.0 291969.8  791552.0   680609.6  5760.0 5499.1 640.0  603.8     110    5.146   4      2.075    7.221
34816.0 35328.0 26144.0  0.0   626176.0 479713.1  791552.0   680609.6  5760.0 5499.1 640.0  603.8     110    5.146   4      2.075    7.221
34816.0 35328.0 26144.0 896.0  626176.0 589681.9  791552.0   682049.6  5760.0 5499.1 640.0  603.8     111    5.146   4      2.075    7.221
37376.0 35328.0  0.0   35310.9 626176.0   0.0     791552.0   748633.6  5760.0 5499.1 640.0  603.8     111    5.221   5      2.075    7.296
37376.0 35328.0  0.0   35310.9 626176.0   0.0     791552.0   748633.6  5760.0 5499.1 640.0  603.8     111    5.221   5      2.075    7.296
37376.0 35328.0  0.0   35310.9 626176.0   0.0     791552.0   748633.6  5760.0 5499.1 640.0  603.8     111    5.221   5      2.075    7.296
37376.0 35328.0  0.0    0.0   626176.0 286338.9  859648.0   227314.8  5760.0 5499.1 640.0  603.8     111    5.221   5      2.877    8.098
37376.0 35328.0  0.0    0.0   626176.0 485129.8  859648.0   227314.8  5760.0 5499.1 640.0  603.8     111    5.221   5      2.877    8.098
37376.0 62976.0 14960.0  0.0   572928.0 125396.2  859648.0   363664.7  5760.0 5499.1 640.0  603.8     112    5.253   5      2.877    8.130
37376.0 62976.0 14960.0  0.0   572928.0 433186.9  859648.0   363664.7  5760.0 5499.1 640.0  603.8     112    5.253   5      2.877    8.130
60928.0 62976.0  0.0   25152.0 572928.0 114202.6  859648.0   378104.8  5760.0 5499.1 640.0  603.8     113    5.283   5      2.877    8.160
60928.0 62976.0  0.0   25152.0 572928.0 365449.0  859648.0   378104.8  5760.0 5499.1 640.0  603.8     113    5.283   5      2.877    8.160
54784.0 58880.0 26112.0  0.0   574976.0 45898.3   859648.0   402248.8  5760.0 5499.1 640.0  603.8     114    5.321   5      2.877    8.198
54784.0 58880.0 26112.0  0.0   574976.0 355711.6  859648.0   402248.8  5760.0 5499.1 640.0  603.8     114    5.321   5      2.877    8.198
56320.0 58880.0  0.0   28160.0 574976.0 11483.4   859648.0   426352.8  5760.0 5499.1 640.0  603.8     115    5.365   5      2.877    8.242
56320.0 58880.0  0.0   28160.0 574976.0 321532.5  859648.0   426352.8  5760.0 5499.1 640.0  603.8     115    5.365   5      2.877    8.242
51712.0 54784.0 24096.0  0.0   583680.0   0.0     859648.0   454552.8  5760.0 5499.1 640.0  603.8     116    5.410   5      2.877    8.287
51712.0 54784.0 24096.0  0.0   583680.0 303235.7  859648.0   454552.8  5760.0 5499.1 640.0  603.8     116    5.410   5      2.877    8.287
51712.0 54784.0 24096.0 23360.0 583680.0 583680.0  859648.0   477728.8  5760.0 5499.1 640.0  603.8     117    5.410   5      2.877    8.287
53248.0 54784.0  0.0   24416.0 583680.0 303333.0  859648.0   478664.8  5760.0 5499.1 640.0  603.8     117    5.467   5      2.877    8.344
53248.0 54784.0 2848.0 24416.0 583680.0 583333.1  859648.0   481304.8  5760.0 5499.1 640.0  603.8     118    5.467   5      2.877    8.344
47616.0 51200.0 28320.0  0.0   590848.0 191873.6  859648.0   503128.8  5760.0 5499.1 640.0  603.8     118    5.521   5      2.877    8.398
47616.0 51200.0 28320.0  0.0   590848.0 330219.5  859648.0   503128.8  5760.0 5499.1 640.0  603.8     118    5.521   5      2.877    8.398
47616.0 51200.0 28320.0  0.0   590848.0 489925.1  859648.0   503128.8  5760.0 5499.1 640.0  603.8     118    5.521   5      2.877    8.398
52224.0 51200.0  0.0   9040.0 590848.0 144917.0  859648.0   594094.7  5760.0 5499.1 640.0  603.8     119    5.565   5      2.877    8.442
52224.0 51200.0  0.0   9040.0 590848.0 439083.5  859648.0   594094.7  5760.0 5499.1 640.0  603.8     119    5.565   5      2.877    8.442
50176.0 50688.0 22960.0  0.0   595456.0 118695.1  859648.0   603094.7  5760.0 5499.6 640.0  603.8     120    5.590   5      2.877    8.467
50176.0 50688.0 22960.0  0.0   595456.0 415432.9  859648.0   603094.7  5760.0 5499.6 640.0  603.8     120    5.590   5      2.877    8.467
48128.0 50688.0  0.0   27072.0 595456.0 83183.8   859648.0   625046.8  5760.0 5499.6 640.0  603.8     121    5.628   5      2.877    8.505
48128.0 50688.0  0.0   27072.0 595456.0 392151.8  859648.0   625046.8  5760.0 5499.6 640.0  603.8     121    5.628   5      2.877    8.505
47104.0 46592.0 25152.0  0.0   599552.0 23948.3   859648.0   652158.8  5760.0 5499.6 640.0  603.8     122    5.674   5      2.877    8.551
47104.0 46592.0 25152.0  0.0   599552.0 313377.1  859648.0   652158.8  5760.0 5499.6 640.0  603.8     122    5.674   5      2.877    8.551
47104.0 46592.0 25152.0 4480.0 599552.0 599552.0  859648.0   656494.8  5760.0 5499.6 640.0  603.8     123    5.674   5      2.877    8.551
45568.0 46592.0  0.0   29152.0 599552.0 275542.6  859648.0   677302.8  5760.0 5499.6 640.0  603.8     123    5.719   5      2.877    8.596
45568.0 46592.0  0.0   29152.0 599552.0 587025.4  859648.0   677302.8  5760.0 5499.6 640.0  603.8     124    5.719   5      2.877    8.596
44032.0 44032.0 25120.0  0.0   606720.0 230417.3  859648.0   706494.8  5760.0 5499.6 640.0  603.8     124    5.765   5      2.877    8.642
44032.0 44032.0 25120.0  0.0   606720.0 545725.8  859648.0   706494.8  5760.0 5499.6 640.0  603.8     124    5.765   5      2.877    8.642
42496.0 44032.0  0.0   25376.0 606720.0 169817.4  859648.0   731606.8  5760.0 5499.6 640.0  603.8     125    5.826   5      2.877    8.703
42496.0 44032.0  0.0   25376.0 606720.0 440767.3  859648.0   731606.8  5760.0 5499.6 640.0  603.8     125    5.826   5      2.877    8.703
42496.0 44032.0  0.0   25376.0 606720.0 550476.7  859648.0   731606.8  5760.0 5499.6 640.0  603.8     125    5.826   5      2.877    8.703
42496.0 62976.0 42479.0  0.0   572928.0 133335.9  859648.0   774870.8  5760.0 5499.6 640.0  603.8     126    5.901   5      2.877    8.778
42496.0 62976.0 42479.0  0.0   572928.0 400701.9  859648.0   774870.8  5760.0 5499.6 640.0  603.8     126    5.901   5      2.877    8.778
63488.0 10752.0  0.0    0.0   572928.0   0.0     712192.0   12164.9   5760.0 5499.6 640.0  603.8     127    5.930   6      2.942    8.872
63488.0 10752.0  0.0    0.0   572928.0 285057.9  712192.0   12164.9   5760.0 5499.6 640.0  603.8     127    5.930   6      2.942    8.872
63488.0 60928.0 25120.0  0.0   574464.0   0.0     712192.0   12164.9   5760.0 5499.6 640.0  603.8     128    5.951   6      2.942    8.893
63488.0 60928.0 25120.0  0.0   574464.0 297768.5  712192.0   12164.9   5760.0 5499.6 640.0  603.8     128    5.951   6      2.942    8.893
58368.0 26624.0  0.0   26176.0 574464.0   0.0     712192.0   36316.9   5760.0 5499.6 640.0  603.8     129    5.994   6      2.942    8.936
58368.0 26624.0  0.0   26176.0 574464.0 263705.3  712192.0   36316.9   5760.0 5499.6 640.0  603.8     129    5.994   6      2.942    8.936
58368.0 26624.0 12128.0 26176.0 574464.0 574464.0  712192.0   44764.9   5760.0 5499.6 640.0  603.8     130    5.994   6      2.942    8.936
58368.0 55808.0 28160.0  0.0   577024.0 276598.8  712192.0   60492.9   5760.0 5499.6 640.0  603.8     130    6.039   6      2.942    8.981
58368.0 55808.0 28160.0  0.0   577024.0 507097.7  712192.0   60492.9   5760.0 5499.6 640.0  603.8     130    6.039   6      2.942    8.981
54272.0 55808.0  0.0   24192.0 577024.0 149894.9  712192.0   88676.9   5760.0 5499.6 640.0  603.8     131    6.081   6      2.942    9.023
54272.0 55808.0  0.0   24192.0 577024.0 415093.6  712192.0   88676.9   5760.0 5499.6 640.0  603.8     131    6.081   6      2.942    9.023
54272.0 52224.0 24160.0  0.0   586752.0 58642.0   712192.0   112908.9  5760.0 5499.6 640.0  603.8     132    6.137   6      2.942    9.078
54272.0 52224.0 24160.0  0.0   586752.0 304937.6  712192.0   112908.9  5760.0 5499.6 640.0  603.8     132    6.137   6      2.942    9.078
54272.0 52224.0 24160.0 6528.0 586752.0 586752.0  712192.0   119116.9  5760.0 5499.6 640.0  603.8     133    6.137   6      2.942    9.078
50688.0 52224.0  0.0   24544.0 586752.0 231075.5  712192.0   137084.9  5760.0 5499.6 640.0  603.8     133    6.190   6      2.942    9.132
50688.0 52224.0  0.0   24544.0 586752.0 348382.2  712192.0   137084.9  5760.0 5499.6 640.0  603.8     133    6.190   6      2.942    9.132
50688.0 52224.0  0.0   24544.0 586752.0 526422.4  712192.0   137084.9  5760.0 5499.6 640.0  603.8     133    6.190   6      2.942    9.132
50688.0 50176.0 17422.9  0.0   592896.0 199524.7  712192.0   235396.9  5760.0 5499.6 640.0  603.8     134    6.252   6      2.942    9.194
50688.0 50176.0 17422.9  0.0   592896.0 458429.7  712192.0   235396.9  5760.0 5499.6 640.0  603.8     134    6.252   6      2.942    9.194
49664.0 50176.0  0.0   17296.0 592896.0 141552.6  712192.0   252548.9  5760.0 5499.6 640.0  603.8     135    6.276   6      2.942    9.217
49664.0 50176.0  0.0   17296.0 592896.0 448248.6  712192.0   252548.9  5760.0 5499.6 640.0  603.8     135    6.276   6      2.942    9.217
46592.0 47616.0 26944.0  0.0   599040.0 119401.7  712192.0   269357.0  5760.0 5499.6 640.0  603.8     136    6.308   6      2.942    9.250
46592.0 47616.0 26944.0  0.0   599040.0 417905.8  712192.0   269357.0  5760.0 5499.6 640.0  603.8     136    6.308   6      2.942    9.250
45568.0 47616.0  0.0   25280.0 599040.0 71726.4   712192.0   296317.0  5760.0 5499.6 640.0  603.8     137    6.352   6      2.942    9.294
45568.0 47616.0  0.0   25280.0 599040.0 334723.2  712192.0   296317.0  5760.0 5499.6 640.0  603.8     137    6.352   6      2.942    9.294
45568.0 47616.0 21312.0 25280.0 599040.0 599040.0  712192.0   313485.0  5760.0 5499.6 640.0  603.8     138    6.352   6      2.942    9.294
44544.0 44544.0 29152.0  0.0   605696.0 290317.5  712192.0   321613.0  5760.0 5499.6 640.0  603.8     138    6.399   6      2.942    9.341
44544.0 44544.0 29152.0  0.0   605696.0 604828.7  712192.0   321613.0  5760.0 5499.6 640.0  603.8     139    6.399   6      2.942    9.341
43008.0 44544.0  0.0   25344.0 605696.0 242052.7  712192.0   350821.1  5760.0 5499.6 640.0  603.8     139    6.445   6      2.942    9.387
43008.0 44544.0  0.0   25344.0 605696.0 556721.8  712192.0   350821.1  5760.0 5499.6 640.0  603.8     139    6.445   6      2.942    9.387
41472.0 41472.0 25376.0  0.0   611328.0 183287.5  712192.0   376189.1  5760.0 5499.6 640.0  603.8     140    6.500   6      2.942    9.442
41472.0 41472.0 25376.0  0.0   611328.0 464328.5  712192.0   376189.1  5760.0 5499.6 640.0  603.8     140    6.500   6      2.942    9.442
46080.0 41472.0  0.0   41471.0 611328.0   0.0     712192.0   406717.1  5760.0 5499.6 640.0  603.8     141    6.574   6      2.942    9.515
46080.0 41472.0  0.0   41471.0 611328.0 206961.9  712192.0   406717.1  5760.0 5499.6 640.0  603.8     141    6.574   6      2.942    9.515
46080.0 41472.0  0.0   41471.0 611328.0 431389.0  712192.0   406717.1  5760.0 5499.6 640.0  603.8     141    6.574   6      2.942    9.515
46080.0 58368.0 8816.0  0.0   582144.0 69836.8   712192.0   435853.1  5760.0 5499.6 640.0  603.8     142    6.603   6      2.942    9.545
46080.0 58368.0 8816.0  0.0   582144.0 361335.6  712192.0   435853.1  5760.0 5499.6 640.0  603.8     142    6.603   6      2.942    9.545
55808.0 58368.0  0.0   25504.0 582144.0 46562.6   712192.0   444413.1  5760.0 5499.6 640.0  603.8     143    6.631   6      2.942    9.572
55808.0 58368.0  0.0   25504.0 582144.0 349219.0  712192.0   444413.1  5760.0 5499.6 640.0  603.8     143    6.631   6      2.942    9.572
48128.0 53248.0 26496.0  0.0   584704.0 35077.9   712192.0   468925.1  5760.0 5499.6 640.0  603.8     144    6.670   6      2.942    9.612
48128.0 53248.0 26496.0  0.0   584704.0 327392.6  712192.0   468925.1  5760.0 5499.6 640.0  603.8     144    6.670   6      2.942    9.612
48128.0 53248.0 26496.0 16800.0 584704.0 584704.0  712192.0   481669.1  5760.0 5499.6 640.0  603.8     145    6.670   6      2.942    9.612
51200.0 53248.0  0.0   28576.0 584704.0 280634.9  712192.0   493429.1  5760.0 5499.6 640.0  603.8     145    6.715   6      2.942    9.657
51200.0 53248.0 1056.0 28576.0 584704.0 584704.0  712192.0   494413.1  5760.0 5499.6 640.0  603.8     146    6.715   6      2.942    9.657
45056.0 49152.0 24544.0  0.0   594432.0 261536.9  712192.0   522037.2  5760.0 5499.6 640.0  603.8     146    6.764   6      2.942    9.706
45056.0 49152.0 24544.0 11008.0 594432.0 594432.0  712192.0   533093.2  5760.0 5499.6 640.0  603.8     147    6.764   6      2.942    9.706
47616.0 49152.0  0.0   24896.0 594432.0 261541.4  712192.0   546597.2  5760.0 5499.6 640.0  603.8     147    6.820   6      2.942    9.762
47616.0 49152.0  0.0   24896.0 594432.0 546859.7  712192.0   546597.2  5760.0 5499.6 640.0  603.8     147    6.820   6      2.942    9.762
43008.0 46080.0 24864.0  0.0   602112.0 136558.3  712192.0   571501.2  5760.0 5499.6 640.0  603.8     148    6.890   6      2.942    9.832
43008.0 46080.0 24864.0  0.0   602112.0 305145.9  712192.0   571501.2  5760.0 5499.6 640.0  603.8     148    6.890   6      2.942    9.832
43008.0 46080.0 24864.0  0.0   602112.0 491697.8  712192.0   571501.2  5760.0 5499.6 640.0  603.8     148    6.890   6      2.942    9.832
46080.0 46080.0  0.0   16542.9 602112.0   0.0     712192.0   658923.6  5760.0 5499.6 640.0  603.8     149    6.940   7      2.942    9.882
46080.0 46080.0  0.0   16542.9 602112.0   0.0     712192.0   658923.6  5760.0 5499.6 640.0  603.8     149    6.940   7      2.942    9.882
46080.0 46080.0  0.0   16542.9 602112.0   0.0     712192.0   658923.6  5760.0 5499.6 640.0  603.8     149    6.940   7      2.942    9.882
46080.0 46080.0  0.0    0.0   602112.0 62621.9   984064.0   236211.4  5760.0 5499.6 640.0  603.8     149    6.940   7      3.769   10.709
46080.0 46080.0  0.0    0.0   602112.0 292573.2  984064.0   236211.4  5760.0 5499.6 640.0  603.8     149    6.940   7      3.769   10.709
46080.0 46080.0  0.0    0.0   602112.0 591375.9  984064.0   236211.4  5760.0 5499.6 640.0  603.8     149    6.940   7      3.769   10.709
44032.0 45056.0 20592.0  0.0   606720.0 253583.3  984064.0   298833.2  5760.0 5499.6 640.0  603.8     150    6.965   7      3.769   10.734
44032.0 45056.0 20592.0  0.0   606720.0 556491.8  984064.0   298833.2  5760.0 5499.6 640.0  603.8     150    6.965   7      3.769   10.734
44032.0 45056.0  0.0   27488.0 606720.0 193526.8  984064.0   318641.3  5760.0 5499.6 640.0  603.8     151    6.999   7      3.769   10.768
44032.0 45056.0  0.0   27488.0 606720.0 495912.2  984064.0   318641.3  5760.0 5499.6 640.0  603.8     151    6.999   7      3.769   10.768
39936.0 41984.0 25600.0  0.0   609792.0 158215.1  984064.0   346193.3  5760.0 5499.6 640.0  603.8     152    7.038   7      3.769   10.808
39936.0 41984.0 25600.0  0.0   609792.0 452352.5  984064.0   346193.3  5760.0 5499.6 640.0  603.8     152    7.038   7      3.769   10.808
41984.0 41984.0  0.0   29600.0 609792.0 97434.7   984064.0   371809.3  5760.0 5499.6 640.0  603.8     153    7.083   7      3.769   10.852
41984.0 41984.0  0.0   29600.0 609792.0 401918.0  984064.0   371809.3  5760.0 5499.6 640.0  603.8     153    7.083   7      3.769   10.852
38912.0 40448.0 25504.0  0.0   614912.0 36862.3   984064.0   401433.3  5760.0 5499.6 640.0  603.8     154    7.128   7      3.769   10.897
38912.0 40448.0 25504.0  0.0   614912.0 356335.1  984064.0   401433.3  5760.0 5499.6 640.0  603.8     154    7.128   7      3.769   10.897
38912.0 40448.0 25504.0 13600.0 614912.0 614912.0  984064.0   414713.3  5760.0 5499.6 640.0  603.8     155    7.128   7      3.769   10.897
38912.0 40448.0  0.0   25728.0 614912.0 270406.8  984064.0   426977.3  5760.0 5499.6 640.0  603.8     155    7.189   7      3.769   10.958
38912.0 40448.0  0.0   25728.0 614912.0 503939.0  984064.0   426977.3  5760.0 5499.6 640.0  603.8     155    7.189   7      3.769   10.958
38912.0 40448.0 38895.0 25728.0 614912.0 578447.6  984064.0   456529.3  5760.0 5499.6 640.0  603.8     156    7.189   7      3.769   11.028
38912.0 59904.0 38895.0  0.0   579072.0 270205.2  984064.0   474185.3  5760.0 5499.6 640.0  603.8     156    7.259   7      3.769   11.028
38912.0 59904.0 38895.0  0.0   579072.0 493701.2  984064.0   474185.3  5760.0 5499.6 640.0  603.8     156    7.259   7      3.769   11.028
60928.0 11264.0  0.0   10992.0 579072.0 195885.8  984064.0   489465.4  5760.0 5500.0 640.0  603.8     157    7.280   7      3.769   11.049
60928.0 11264.0  0.0   10992.0 579072.0 506998.8  984064.0   489465.4  5760.0 5500.0 640.0  603.8     157    7.280   7      3.769   11.049
60928.0 58368.0 25408.0  0.0   579584.0 196408.9  984064.0   499889.4  5760.0 5500.0 640.0  603.8     158    7.307   7      3.769   11.076
60928.0 58368.0 25408.0  0.0   579584.0 508352.9  984064.0   499889.4  5760.0 5500.0 640.0  603.8     158    7.307   7      3.769   11.076
56320.0 26624.0  0.0   26400.0 579584.0 185069.7  984064.0   524297.4  5760.0 5500.0 640.0  603.8     159    7.347   7      3.769   11.116
56320.0 26624.0  0.0   26400.0 579584.0 487855.9  984064.0   524297.4  5760.0 5500.0 640.0  603.8     159    7.347   7      3.769   11.116
56320.0 53760.0 28384.0  0.0   582144.0 151146.7  984064.0   548681.4  5760.0 5500.0 640.0  603.8     160    7.393   7      3.769   11.162
56320.0 53760.0 28384.0  0.0   582144.0 465067.3  984064.0   548681.4  5760.0 5500.0 640.0  603.8     160    7.393   7      3.769   11.162
52224.0 53760.0  0.0   24416.0 582144.0 139588.7  984064.0   577081.5  5760.0 5500.0 640.0  603.8     161    7.437   7      3.769   11.206
52224.0 53760.0  0.0   24416.0 582144.0 453661.8  984064.0   577081.5  5760.0 5500.0 640.0  603.8     161    7.437   7      3.769   11.206
52224.0 50176.0 24352.0  0.0   590848.0 106290.2  984064.0   601513.5  5760.0 5500.0 640.0  603.8     162    7.492   7      3.769   11.261
52224.0 50176.0 24352.0  0.0   590848.0 413351.2  984064.0   601513.5  5760.0 5500.0 640.0  603.8     162    7.492   7      3.769   11.261
48640.0 50176.0  0.0   24736.0 590848.0 47250.1   984064.0   625897.5  5760.0 5500.0 640.0  603.8     163    7.545   7      3.769   11.314
48640.0 50176.0  0.0   24736.0 590848.0 275782.6  984064.0   625897.5  5760.0 5500.0 640.0  603.8     163    7.545   7      3.769   11.314
48640.0 50176.0  0.0   24736.0 590848.0 392152.3  984064.0   625897.5  5760.0 5500.0 640.0  603.8     163    7.545   7      3.769   11.314
48640.0 48640.0 15886.9  0.0   596480.0 137079.9  984064.0   713159.8  5760.0 5500.0 640.0  603.8     164    7.595   7      3.769   11.364
48640.0 48640.0 15886.9  0.0   596480.0 326458.6  984064.0   713159.8  5760.0 5500.0 640.0  603.8     164    7.595   7      3.769   11.364
47616.0 48640.0  0.0   20336.0 596480.0 11868.9   984064.0   728767.9  5760.0 5500.3 640.0  603.8     165    7.620   7      3.769   11.389
47616.0 48640.0  0.0   20336.0 596480.0 320460.9  984064.0   728767.9  5760.0 5500.3 640.0  603.8     165    7.620   7      3.769   11.389
45568.0 46080.0 27104.0  0.0   602624.0   0.0     984064.0   748335.9  5760.0 5500.3 640.0  603.8     166    7.657   7      3.769   11.426
45568.0 46080.0 27104.0  0.0   602624.0 288302.9  984064.0   748335.9  5760.0 5500.3 640.0  603.8     166    7.657   7      3.769   11.426
45568.0 46080.0 27104.0  0.0   602624.0 588618.5  984064.0   748335.9  5760.0 5500.3 640.0  603.8     167    7.657   7      3.769   11.426
44032.0 46080.0  0.0   25440.0 602624.0 216478.6  984064.0   775464.0  5760.0 5500.3 640.0  603.8     167    7.701   7      3.769   11.470
44032.0 46080.0  0.0   25440.0 602624.0 517144.0  984064.0   775464.0  5760.0 5500.3 640.0  603.8     167    7.701   7      3.769   11.470
44032.0 43520.0 29280.0  0.0   607744.0 169930.8  984064.0   800920.0  5760.0 5500.3 640.0  603.8     168    7.748   7      3.769   11.517
44032.0 43520.0 29280.0  0.0   607744.0 485516.3  984064.0   800920.0  5760.0 5500.3 640.0  603.8     168    7.748   7      3.769   11.517
41984.0 43520.0  0.0   25408.0 607744.0 121438.6  984064.0   830256.0  5760.0 5500.3 640.0  603.8     169    7.799   7      3.769   11.568
41984.0 43520.0  0.0   25408.0 607744.0 437178.9  984064.0   830256.0  5760.0 5500.3 640.0  603.8     169    7.799   7      3.769   11.568
40960.0 40448.0 25408.0  0.0   612864.0 61250.4   984064.0   855712.0  5760.0 5500.3 640.0  603.8     170    7.861   7      3.769   11.631
40960.0 40448.0 25408.0  0.0   612864.0 330751.7  984064.0   855712.0  5760.0 5500.3 640.0  603.8     170    7.861   7      3.769   11.631
40960.0 40448.0 25408.0  0.0   612864.0 551252.2  984064.0   855712.0  5760.0 5500.3 640.0  603.8     170    7.861   7      3.769   11.631
45568.0 40448.0  0.0   40447.0 612864.0 67459.7   984064.0   893328.0  5760.0 5500.3 640.0  603.8     171    7.936   7      3.769   11.705
45568.0 40448.0  0.0   40447.0 612864.0 353277.1  984064.0   893328.0  5760.0 5500.3 640.0  603.8     171    7.936   7      3.769   11.705
45568.0 40448.0 6352.0 40447.0 612864.0 612864.0  984064.0   916064.0  5760.0 5500.3 640.0  603.8     172    7.936   7      3.769   11.705
45568.0 58880.0 11376.0  0.0   581120.0 289118.2  984064.0   916064.0  5760.0 5500.3 640.0  603.8     172    7.966   7      3.769   11.735
45568.0 58880.0 11376.0 10432.0 581120.0 581120.0  984064.0   920424.1  5760.0 5500.3 640.0  603.8     173    7.966   7      3.769   11.735
56832.0 58880.0  0.0   25504.0 581120.0 289623.3  984064.0   926912.1  5760.0 5500.3 640.0  603.8     173    7.996   7      3.769   11.765
56832.0 58880.0 9600.0 25504.0 581120.0 581120.0  984064.0   934520.1  5760.0 5500.3 640.0  603.8     174    7.996   7      3.769   11.765
49664.0 54272.0 26464.0  0.0   583168.0   0.0     984064.0   951408.1  5760.0 5500.3 640.0  603.8     174    8.040   8      3.769   11.809
49664.0 54272.0  0.0    0.0   583168.0 232778.5  861184.0   63108.4   5760.0 5500.3 640.0  603.8     174    8.040   8      4.061   12.101
49664.0 54272.0  0.0    0.0   583168.0 523751.3  861184.0   63108.4   5760.0 5500.3 640.0  603.8     174    8.040   8      4.061   12.101
52224.0 54272.0  0.0   28512.0 583168.0 221301.8  861184.0   63108.4   5760.0 5500.3 640.0  603.8     175    8.067   8      4.061   12.128
52224.0 54272.0  0.0   28512.0 583168.0 535783.3  861184.0   63108.4   5760.0 5500.3 640.0  603.8     175    8.067   8      4.061   12.128
46080.0 50176.0 24480.0  0.0   592384.0 213070.7  861184.0   91660.4   5760.0 5500.3 640.0  603.8     176    8.107   8      4.061   12.168
46080.0 50176.0 24480.0  0.0   592384.0 520838.0  861184.0   91660.4   5760.0 5500.3 640.0  603.8     176    8.107   8      4.061   12.168
48640.0 50176.0  0.0   24800.0 592384.0 165772.1  861184.0   116148.4  5760.0 5500.3 640.0  603.8     177    8.163   8      4.061   12.224
48640.0 50176.0  0.0   24800.0 592384.0 473635.2  861184.0   116148.4  5760.0 5500.3 640.0  603.8     177    8.163   8      4.061   12.224
44032.0 47104.0 24800.0  0.0   600064.0 88073.7   861184.0   140964.4  5760.0 5500.3 640.0  603.8     178    8.222   8      4.061   12.283
44032.0 47104.0 24800.0  0.0   600064.0 260124.9  861184.0   140964.4  5760.0 5500.3 640.0  603.8     178    8.222   8      4.061   12.283
44032.0 47104.0 24800.0  0.0   600064.0 448080.0  861184.0   140964.4  5760.0 5500.3 640.0  603.8     178    8.222   8      4.061   12.283
47616.0 47104.0  0.0   14400.0 600064.0 74533.7   861184.0   228394.3  5760.0 5500.3 640.0  603.8     179    8.267   8      4.061   12.328
47616.0 47104.0  0.0   14400.0 600064.0 336593.7  861184.0   228394.3  5760.0 5500.3 640.0  603.8     179    8.267   8      4.061   12.328
47616.0 47104.0  0.0   14400.0 600064.0 562917.8  861184.0   228394.3  5760.0 5500.3 640.0  603.8     179    8.267   8      4.061   12.328
45056.0 46080.0 23344.0  0.0   604160.0 60123.5   861184.0   242762.3  5760.0 5500.3 640.0  603.8     180    8.309   8      4.061   12.370
45056.0 46080.0 23344.0  0.0   604160.0 324666.6  861184.0   242762.3  5760.0 5500.3 640.0  603.8     180    8.309   8      4.061   12.370
45056.0 46080.0 23344.0 22528.0 604160.0 604160.0  861184.0   260730.4  5760.0 5500.3 640.0  603.8     181    8.309   8      4.061   12.370
44544.0 46080.0  0.0   27456.0 604160.0 313174.3  861184.0   265106.4  5760.0 5500.3 640.0  603.8     181    8.351   8      4.061   12.412
44544.0 46080.0  0.0   27456.0 604160.0 542033.3  861184.0   265106.4  5760.0 5500.3 640.0  603.8     181    8.351   8      4.061   12.412
41984.0 43008.0 25504.0  0.0   608256.0 147731.0  861184.0   292578.4  5760.0 5500.3 640.0  603.8     182    8.400   8      4.061   12.461
41984.0 43008.0 25504.0  0.0   608256.0 463377.4  861184.0   292578.4  5760.0 5500.3 640.0  603.8     182    8.400   8      4.061   12.461
42496.0 43008.0  0.0   29504.0 608256.0 97191.3   861184.0   318090.4  5760.0 5500.3 640.0  603.8     183    8.448   8      4.061   12.509
42496.0 43008.0  0.0   29504.0 608256.0 388766.9  861184.0   318090.4  5760.0 5500.3 640.0  603.8     183    8.448   8      4.061   12.509
38912.0 40960.0 25440.0  0.0   613376.0 36771.0   861184.0   347634.4  5760.0 5500.3 640.0  603.8     184    8.493   8      4.061   12.554
38912.0 40960.0 25440.0  0.0   613376.0 343194.5  861184.0   347634.4  5760.0 5500.3 640.0  603.8     184    8.493   8      4.061   12.554
38912.0 40960.0 25440.0 8832.0 613376.0 613376.0  861184.0   356258.4  5760.0 5500.3 640.0  603.8     185    8.493   8      4.061   12.554
39936.0 40960.0  0.0   25664.0 613376.0 232952.0  861184.0   373114.4  5760.0 5500.3 640.0  603.8     185    8.564   8      4.061   12.625
39936.0 40960.0  0.0   25664.0 613376.0 453643.6  861184.0   373114.4  5760.0 5500.3 640.0  603.8     185    8.564   8      4.061   12.625
39936.0 40960.0  0.0   25664.0 613376.0 567198.0  861184.0   373114.4  5760.0 5500.3 640.0  603.8     185    8.564   8      4.061   12.625
39936.0 43520.0 39775.0  0.0   611840.0 285773.5  861184.0   435674.4  5760.0 5500.7 640.0  603.8     186    8.635   8      4.061   12.696
39936.0 43520.0 39775.0  0.0   611840.0 467900.2  861184.0   435674.4  5760.0 5500.7 640.0  603.8     186    8.635   8      4.061   12.696
44032.0 14848.0  0.0   14352.0 611840.0 109575.3  861184.0   458474.5  5760.0 5500.7 640.0  603.8     187    8.661   8      4.061   12.722
44032.0 14848.0  0.0   14352.0 611840.0 365251.3  861184.0   458474.5  5760.0 5500.7 640.0  603.8     187    8.661   8      4.061   12.722
44032.0 14848.0 7168.0 14352.0 611840.0 611840.0  861184.0   461586.5  5760.0 5500.7 640.0  603.8     188    8.661   8      4.061   12.722
44032.0 42496.0 27232.0  0.0   612352.0 268551.4  861184.0   472322.5  5760.0 5500.7 640.0  603.8     188    8.697   8      4.061   12.758
44032.0 42496.0 27232.0  0.0   612352.0 561516.4  861184.0   472322.5  5760.0 5500.7 640.0  603.8     188    8.697   8      4.061   12.758
41472.0 27136.0  0.0   26816.0 612352.0 195535.3  861184.0   499098.5  5760.0 5500.7 640.0  603.8     189    8.744   8      4.061   12.805
41472.0 27136.0  0.0   26816.0 612352.0 488837.7  861184.0   499098.5  5760.0 5500.7 640.0  603.8     189    8.744   8      4.061   12.805
41472.0 40960.0 29792.0  0.0   612864.0 110162.8  861184.0   524906.5  5760.0 5500.7 640.0  603.8     190    8.791   8      4.061   12.852
41472.0 40960.0 29792.0  0.0   612864.0 367209.0  861184.0   524906.5  5760.0 5500.7 640.0  603.8     190    8.791   8      4.061   12.852
39936.0 40960.0  0.0   25632.0 612864.0   0.0     861184.0   554690.6  5760.0 5500.7 640.0  603.8     191    8.837   8      4.061   12.898
39936.0 40960.0  0.0   25632.0 612864.0 293910.0  861184.0   554690.6  5760.0 5500.7 640.0  603.8     191    8.837   8      4.061   12.898
39936.0 40960.0  0.0   25632.0 612864.0 600066.2  861184.0   554690.6  5760.0 5500.7 640.0  603.8     192    8.837   8      4.061   12.898
39424.0 38912.0 25632.0  0.0   617472.0 209817.5  861184.0   580362.6  5760.0 5500.7 640.0  603.8     192    8.903   8      4.061   12.964
39424.0 38912.0 25632.0  0.0   617472.0 485443.1  861184.0   580362.6  5760.0 5500.7 640.0  603.8     192    8.903   8      4.061   12.964
42496.0 38912.0  0.0   38911.0 617472.0 12344.7   861184.0   613546.6  5760.0 5500.7 640.0  603.8     193    8.976   8      4.061   13.037
42496.0 38912.0  0.0   38911.0 617472.0 214612.4  861184.0   613546.6  5760.0 5500.7 640.0  603.8     193    8.976   8      4.061   13.037
42496.0 38912.0  0.0   38911.0 617472.0 439408.8  861184.0   613546.6  5760.0 5500.7 640.0  603.8     193    8.976   8      4.061   13.037
42496.0 55808.0 9072.0  0.0   587264.0 93939.5   861184.0   641834.6  5760.0 5500.7 640.0  603.8     194    9.008   8      4.061   13.069
42496.0 55808.0 9072.0  0.0   587264.0 399242.4  861184.0   641834.6  5760.0 5500.7 640.0  603.8     194    9.008   8      4.061   13.069
53760.0 55808.0  0.0   25728.0 587264.0 70460.6   861184.0   650650.7  5760.0 5500.7 640.0  603.8     195    9.037   8      4.061   13.098
53760.0 55808.0  0.0   25728.0 587264.0 317072.1  861184.0   650650.7  5760.0 5500.7 640.0  603.8     195    9.037   8      4.061   13.098
47616.0 51712.0 26752.0  0.0   589312.0   0.0     861184.0   675378.7  5760.0 5500.7 640.0  603.8     196    9.086   8      4.061   13.147
47616.0 51712.0 26752.0  0.0   589312.0 223915.8  861184.0   675378.7  5760.0 5500.7 640.0  603.8     196    9.086   8      4.061   13.147
47616.0 51712.0 26752.0  0.0   589312.0 506757.5  861184.0   675378.7  5760.0 5500.7 640.0  603.8     196    9.086   8      4.061   13.147
49152.0 51712.0  0.0   28768.0 589312.0 141425.5  861184.0   700090.7  5760.0 5500.7 640.0  603.8     197    9.136   8      4.061   13.197
49152.0 51712.0  0.0   28768.0 589312.0 459633.0  861184.0   700090.7  5760.0 5500.7 640.0  603.8     197    9.136   8      4.061   13.197
45568.0 48128.0 24736.0  0.0   598016.0 119598.0  861184.0   728898.7  5760.0 5500.7 640.0  603.8     198    9.184   8      4.061   13.245
45568.0 48128.0 24736.0  0.0   598016.0 370754.5  861184.0   728898.7  5760.0 5500.7 640.0  603.8     198    9.184   8      4.061   13.245
46592.0 48128.0  0.0   24992.0 598016.0   0.0     861184.0   753642.7  5760.0 5500.7 640.0  603.8     199    9.243   8      4.061   13.304
46592.0 48128.0  0.0   24992.0 598016.0 310960.1  861184.0   753642.7  5760.0 5500.7 640.0  603.8     199    9.243   8      4.061   13.304
46592.0 48128.0 23712.0 24992.0 598016.0 598016.0  861184.0   777426.7  5760.0 5500.7 640.0  603.8     200    9.243   8      4.061   13.304
42496.0 45056.0 25024.0  0.0   604160.0 241660.4  861184.0   778698.7  5760.0 5500.7 640.0  603.8     200    9.304   8      4.061   13.365
42496.0 45056.0 25024.0  0.0   604160.0 379822.1  861184.0   778698.7  5760.0 5500.7 640.0  603.8     200    9.304   8      4.061   13.365
42496.0 45056.0 25024.0 10464.0 604160.0 602856.3  861184.0   849544.6  5760.0 5500.7 640.0  603.8     201    9.304   8      4.061   13.365
45568.0 45056.0  0.0   15168.0 604160.0   0.0     866816.0   866368.6  5760.0 5502.8 640.0  603.8     201    9.351   9      4.061   13.412
45568.0 45056.0  0.0   15168.0 604160.0   0.0     866816.0   866368.6  5760.0 5502.8 640.0  603.8     201    9.351   9      4.061   13.412
45568.0 45056.0  0.0   15168.0 604160.0   0.0     866816.0   866368.6  5760.0 5502.8 640.0  603.8     201    9.351   9      4.061   13.412
45568.0 45056.0  0.0    0.0   604160.0 110615.1 1101312.0   236108.3  5760.0 5502.8 640.0  603.8     201    9.351   9      4.900   14.251
45568.0 45056.0  0.0    0.0   604160.0 410573.8 1101312.0   236108.3  5760.0 5502.8 640.0  603.8     201    9.351   9      4.900   14.251
43008.0 44032.0 23536.0  0.0   608256.0 72657.7  1101312.0   298730.2  5760.0 5502.8 640.0  603.8     202    9.378   9      4.900   14.278
43008.0 44032.0 23536.0  0.0   608256.0 399616.6 1101312.0   298730.2  5760.0 5502.8 640.0  603.8     202    9.378   9      4.900   14.278
43008.0 44032.0  0.0   27616.0 608256.0 48516.1  1101312.0   321250.2  5760.0 5502.8 640.0  603.8     203    9.415   9      4.900   14.315
43008.0 44032.0  0.0   27616.0 608256.0 363870.9 1101312.0   321250.2  5760.0 5502.8 640.0  603.8     203    9.415   9      4.900   14.315
39936.0 41472.0 25664.0  0.0   611840.0 24426.4  1101312.0   348898.3  5760.0 5502.8 640.0  603.8     204    9.455   9      4.900   14.355
39936.0 41472.0 25664.0  0.0   611840.0 317543.5 1101312.0   348898.3  5760.0 5502.8 640.0  603.8     204    9.455   9      4.900   14.355
39936.0 41472.0 25664.0  0.0   611840.0 574020.9 1101312.0   348898.3  5760.0 5502.8 640.0  603.8     204    9.455   9      4.900   14.355
40960.0 41472.0  0.0   29664.0 611840.0 232208.1 1101312.0   374594.3  5760.0 5502.8 640.0  603.8     205    9.499   9      4.900   14.399
40960.0 41472.0  0.0   29664.0 611840.0 525524.1 1101312.0   374594.3  5760.0 5502.8 640.0  603.8     205    9.499   9      4.900   14.399
38400.0 39936.0 25600.0  0.0   616448.0 160145.8 1101312.0   404282.3  5760.0 5502.8 640.0  603.8     206    9.545   9      4.900   14.445
38400.0 39936.0 25600.0  0.0   616448.0 468119.4 1101312.0   404282.3  5760.0 5502.8 640.0  603.8     206    9.545   9      4.900   14.445
38400.0 39936.0  0.0   25760.0 616448.0 86257.6  1101312.0   429906.3  5760.0 5502.8 640.0  603.8     207    9.606   9      4.900   14.506
38400.0 39936.0  0.0   25760.0 616448.0 369674.6 1101312.0   429906.3  5760.0 5502.8 640.0  603.8     207    9.606   9      4.900   14.506
38400.0 39936.0  0.0   25760.0 616448.0 485184.1 1101312.0   429906.3  5760.0 5502.8 640.0  603.8     207    9.606   9      4.900   14.506
38400.0 65024.0 38399.0  0.0   568832.0 85011.4  1101312.0   492970.3  5760.0 5502.8 640.0  603.8     208    9.672   9      4.900   14.572
38400.0 65024.0 38399.0  0.0   568832.0 363041.1 1101312.0   492970.3  5760.0 5502.8 640.0  603.8     208    9.672   9      4.900   14.572
65536.0 12800.0  0.0   12560.0 568832.0 79212.9  1101312.0   514818.4  5760.0 5502.8 640.0  603.8     209    9.695   9      4.900   14.595
65536.0 12800.0  0.0   12560.0 568832.0 396064.0 1101312.0   514818.4  5760.0 5502.8 640.0  603.8     209    9.695   9      4.900   14.595
65536.0 63488.0 24992.0  0.0   569856.0 102219.3 1101312.0   526842.4  5760.0 5502.8 640.0  603.8     210    9.722   9      4.900   14.622
65536.0 63488.0 24992.0  0.0   569856.0 408877.7 1101312.0   526842.4  5760.0 5502.8 640.0  603.8     210    9.722   9      4.900   14.622
60928.0 26112.0  0.0   26016.0 569856.0 90972.1  1101312.0   550818.4  5760.0 5502.8 640.0  603.8     211    9.763   9      4.900   14.662
60928.0 26112.0  0.0   26016.0 569856.0 398003.4 1101312.0   550818.4  5760.0 5502.8 640.0  603.8     211    9.763   9      4.900   14.662
60928.0 58368.0 28000.0  0.0   572416.0 68589.8  1101312.0   574802.4  5760.0 5502.8 640.0  603.8     212    9.806   9      4.900   14.705
60928.0 58368.0 28000.0  0.0   572416.0 388674.8 1101312.0   574802.4  5760.0 5502.8 640.0  603.8     212    9.806   9      4.900   14.705
56832.0 58368.0  0.0   24064.0 572416.0 11437.6  1101312.0   602786.4  5760.0 5502.8 640.0  603.8     213    9.848   9      4.900   14.748
56832.0 58368.0  0.0   24064.0 572416.0 331686.4 1101312.0   602786.4  5760.0 5502.8 640.0  603.8     213    9.848   9      4.900   14.748
56832.0 55296.0 23936.0  0.0   581120.0 11615.2  1101312.0   626826.4  5760.0 5502.8 640.0  603.8     214    9.900   9      4.900   14.800
56832.0 55296.0 23936.0  0.0   581120.0 313611.6 1101312.0   626826.4  5760.0 5502.8 640.0  603.8     214    9.900   9      4.900   14.800
53248.0 55296.0  0.0   24352.0 581120.0   0.0    1101312.0   650810.4  5760.0 5502.8 640.0  603.8     215    9.950   9      4.900   14.850
53248.0 55296.0  0.0   24352.0 581120.0 248069.0 1101312.0   650810.4  5760.0 5502.8 640.0  603.8     215    9.950   9      4.900   14.850
53248.0 55296.0  0.0   24352.0 581120.0 373266.7 1101312.0   650810.4  5760.0 5502.8 640.0  603.8     215    9.950   9      4.900   14.850
53248.0 52736.0 16750.9  0.0   587264.0   0.0    1101312.0   748874.5  5760.0 5502.8 640.0  603.8     216    9.997   9      4.900   14.897
53248.0 52736.0 16750.9  0.0   587264.0 280963.4 1101312.0   748874.5  5760.0 5502.8 640.0  603.8     216    9.997   9      4.900   14.897
52224.0 52736.0  0.0   17072.0 587264.0   0.0    1101312.0   765362.5  5760.0 5502.8 640.0  603.8     217   10.020   9      4.900   14.920
52224.0 52736.0  0.0   17072.0 587264.0 268720.2 1101312.0   765362.5  5760.0 5502.8 640.0  603.8     217   10.020   9      4.900   14.920
52224.0 52736.0  0.0   17072.0 587264.0 572491.1 1101312.0   765362.5  5760.0 5502.8 640.0  603.8     218   10.020   9      4.900   14.920
48128.0 49664.0 26688.0  0.0   593920.0 260431.6 1101312.0   781930.6  5760.0 5502.8 640.0  603.8     218   10.053   9      4.900   14.953
48128.0 49664.0 26688.0 18208.0 593920.0 593920.0 1101312.0   801858.6  5760.0 5502.8 640.0  603.8     219   10.053   9      4.900   14.953
47616.0 49664.0  0.0   25088.0 593920.0 308152.7 1101312.0   808642.6  5760.0 5502.8 640.0  603.8     219   10.093   9      4.900   14.993
47616.0 49664.0 2752.0 25088.0 593920.0 593920.0 1101312.0   811338.6  5760.0 5502.8 640.0  603.8     220   10.093   9      4.900   14.993
46080.0 46592.0 28960.0  0.0   601600.0 264321.8 1101312.0   833730.6  5760.0 5502.8 640.0  603.8     220   10.139   9      4.900   15.039
46080.0 46592.0 28960.0  0.0   601600.0 576702.0 1101312.0   833730.6  5760.0 5502.8 640.0  603.8     220   10.139   9      4.900   15.039
44544.0 46592.0  0.0   25152.0 601600.0 228393.9 1101312.0   862738.6  5760.0 5502.8 640.0  603.8     221   10.184   9      4.900   15.084
44544.0 46592.0  0.0   25152.0 601600.0 540932.8 1101312.0   862738.6  5760.0 5502.8 640.0  603.8     221   10.184   9      4.900   15.084
43008.0 43008.0 25152.0  0.0   607744.0 145770.0 1101312.0   887930.6  5760.0 5502.8 640.0  603.8     222   10.252   9      4.900   15.152
43008.0 43008.0 25152.0  0.0   607744.0 441406.0 1101312.0   887930.6  5760.0 5502.8 640.0  603.8     222   10.252   9      4.900   15.152
47616.0 43008.0  0.0   42766.9 607744.0 12150.0  1101312.0   913130.6  5760.0 5503.6 640.0  603.8     223   10.317   9      4.900   15.217
47616.0 43008.0  0.0   42766.9 607744.0 154170.3 1101312.0   913130.6  5760.0 5503.6 640.0  603.8     223   10.317   9      4.900   15.217
47616.0 43008.0  0.0   42766.9 607744.0 439960.5 1101312.0   913130.6  5760.0 5503.6 640.0  603.8     223   10.317   9      4.900   15.217
47616.0 49152.0 7280.0  0.0   600576.0 72051.1  1101312.0   944202.7  5760.0 5503.6 640.0  603.8     224   10.352   9      4.900   15.252
47616.0 49152.0 7280.0  0.0   600576.0 372262.5 1101312.0   944202.7  5760.0 5503.6 640.0  603.8     224   10.352   9      4.900   15.252
47104.0 26624.0  0.0   26272.0 600576.0 60047.7  1101312.0   951210.7  5760.0 5503.6 640.0  603.8     225   10.380   9      4.900   15.279
47104.0 26624.0  0.0   26272.0 600576.0 372295.5 1101312.0   951210.7  5760.0 5503.6 640.0  603.8     225   10.380   9      4.900   15.279
47104.0 45568.0 27296.0  0.0   603648.0 24143.4  1101312.0   976490.7  5760.0 5503.6 640.0  603.8     226   10.428   9      4.900   15.328
47104.0 45568.0 27296.0  0.0   603648.0 338006.7 1101312.0   976490.7  5760.0 5503.6 640.0  603.8     226   10.428   9      4.900   15.328
47104.0 45568.0 27296.0 2432.0 603648.0 603648.0 1101312.0   978930.7  5760.0 5503.6 640.0  603.8     227   10.428   9      4.900   15.328
44544.0 45568.0  0.0   29376.0 603648.0 241442.9 1101312.0  1001770.7  5760.0 5503.6 640.0  603.8     227   10.483   9      4.900   15.383
44544.0 45568.0  0.0   29376.0 603648.0 555318.8 1101312.0  1001770.7  5760.0 5503.6 640.0  603.8     227   10.483   9      4.900   15.383
44032.0 43008.0 25312.0  0.0   607744.0 206623.9 1101312.0  1031186.7  5760.0 5503.6 640.0  603.8     228   10.533   9      4.900   15.433
44032.0 43008.0 25312.0  0.0   607744.0 522637.5 1101312.0  1031186.7  5760.0 5503.6 640.0  603.8     228   10.533   9      4.900   15.433
41472.0 43008.0  0.0   25408.0 607744.0   0.0    1101312.0  1056538.7  5760.0 5503.6 640.0  603.8     229   10.600  10      4.900   15.500
41472.0 43008.0  0.0   25408.0 607744.0   0.0    1101312.0  1056538.7  5760.0 5503.6 640.0  603.8     229   10.600  10      4.900   15.500
41472.0 43008.0  0.0   25408.0 607744.0   0.0    1101312.0  1056538.7  5760.0 5503.6 640.0  603.8     229   10.600  10      4.900   15.500
41472.0 43008.0  0.0    0.0   607744.0 291709.6 1048576.0   138720.1  5760.0 5503.6 640.0  603.8     229   10.600  10      5.535   16.135
41472.0 43008.0  0.0    0.0   607744.0 607728.1 1048576.0   138720.1  5760.0 5503.6 640.0  603.8     230   10.600  10      5.535   16.135
41472.0 41472.0 29344.0  0.0   611840.0 208021.5 1048576.0   138720.1  5760.0 5503.6 640.0  603.8     230   10.633  10      5.535   16.167
41472.0 41472.0 29344.0  0.0   611840.0 343648.7 1048576.0   138720.1  5760.0 5503.6 640.0  603.8     230   10.633  10      5.535   16.167
42496.0 41472.0  0.0   9712.0 611840.0   0.0    1048576.0   230718.0  5760.0 5503.6 640.0  603.8     231   10.674  10      5.535   16.209
42496.0 41472.0  0.0   9712.0 611840.0 220491.6 1048576.0   230718.0  5760.0 5503.6 640.0  603.8     231   10.674  10      5.535   16.209
42496.0 41472.0  0.0   9712.0 611840.0 524086.7 1048576.0   230718.0  5760.0 5503.6 640.0  603.8     231   10.674  10      5.535   16.209
40448.0 40960.0 23856.0  0.0   614912.0 195800.6 1048576.0   240374.0  5760.0 5503.6 640.0  603.8     232   10.698  10      5.535   16.233
40448.0 40960.0 23856.0  0.0   614912.0 501738.5 1048576.0   240374.0  5760.0 5503.6 640.0  603.8     232   10.698  10      5.535   16.233
40448.0 40960.0  0.0   27904.0 614912.0 159364.5 1048576.0   263222.1  5760.0 5503.6 640.0  603.8     233   10.734  10      5.535   16.269
40448.0 40960.0  0.0   27904.0 614912.0 478092.7 1048576.0   263222.1  5760.0 5503.6 640.0  603.8     233   10.734  10      5.535   16.269
38400.0 39424.0 25920.0  0.0   617472.0 112961.3 1048576.0   291150.1  5760.0 5503.6 640.0  603.8     234   10.775  10      5.535   16.309
38400.0 39424.0 25920.0  0.0   617472.0 433377.3 1048576.0   291150.1  5760.0 5503.6 640.0  603.8     234   10.775  10      5.535   16.309
39936.0 39424.0  0.0   29888.0 617472.0 73990.7  1048576.0   317118.1  5760.0 5503.6 640.0  603.8     235   10.823  10      5.535   16.358
39936.0 39424.0  0.0   29888.0 617472.0 394617.1 1048576.0   317118.1  5760.0 5503.6 640.0  603.8     235   10.823  10      5.535   16.358
37376.0 38400.0 25856.0  0.0   619520.0 24757.8  1048576.0   347022.1  5760.0 5503.6 640.0  603.8     236   10.867  10      5.535   16.402
37376.0 38400.0 25856.0  0.0   619520.0 334230.0 1048576.0   347022.1  5760.0 5503.6 640.0  603.8     236   10.867  10      5.535   16.402
37376.0 38400.0 25856.0 896.0  619520.0 619520.0 1048576.0   347766.1  5760.0 5503.6 640.0  603.8     237   10.867  10      5.535   16.402
37376.0 38400.0  0.0   25920.0 619520.0 222892.5 1048576.0   372886.1  5760.0 5503.6 640.0  603.8     237   10.929  10      5.535   16.464
37376.0 38400.0  0.0   25920.0 619520.0 408635.8 1048576.0   372886.1  5760.0 5503.6 640.0  603.8     237   10.929  10      5.535   16.464
37376.0 38400.0  0.0   25920.0 619520.0 591799.4 1048576.0   372886.1  5760.0 5503.6 640.0  603.8     237   10.929  10      5.535   16.464
36352.0 36864.0 20622.9  0.0   623104.0 200129.9 1048576.0   472558.2  5760.0 5503.6 640.0  603.8     238   10.980  10      5.535   16.515
36352.0 36864.0 20622.9  0.0   623104.0 472221.9 1048576.0   472558.2  5760.0 5503.6 640.0  603.8     238   10.980  10      5.535   16.515
36864.0 36864.0  0.0   18608.0 623104.0 124008.5 1048576.0   492942.2  5760.0 5503.6 640.0  603.8     239   11.006  10      5.535   16.541
36864.0 36864.0  0.0   18608.0 623104.0 446430.4 1048576.0   492942.2  5760.0 5503.6 640.0  603.8     239   11.006  10      5.535   16.541
36864.0 37376.0 28160.0  0.0   624128.0 87098.9  1048576.0   511022.3  5760.0 5503.6 640.0  603.8     240   11.041  10      5.535   16.575
36864.0 37376.0 28160.0  0.0   624128.0 410608.8 1048576.0   511022.3  5760.0 5503.6 640.0  603.8     240   11.041  10      5.535   16.575
36352.0 26624.0  0.0   26304.0 624128.0 49826.7  1048576.0   539246.3  5760.0 5503.6 640.0  603.8     241   11.081  10      5.535   16.616
36352.0 26624.0  0.0   26304.0 624128.0 348786.2 1048576.0   539246.3  5760.0 5503.6 640.0  603.8     241   11.081  10      5.535   16.616
36352.0 26624.0 2656.0 26304.0 624128.0 624128.0 1048576.0   541838.3  5760.0 5503.6 640.0  603.8     242   11.081  10      5.535   16.616
36352.0 37376.0 30208.0  0.0   623616.0 274021.2 1048576.0   565606.3  5760.0 5503.6 640.0  603.8     242   11.128  10      5.535   16.663
36352.0 37376.0 30208.0  0.0   623616.0 597864.8 1048576.0   565606.3  5760.0 5503.6 640.0  603.8     242   11.128  10      5.535   16.663
36352.0 37376.0  0.0   26112.0 623616.0 224305.4 1048576.0   595830.3  5760.0 5503.6 640.0  603.8     243   11.175  10      5.535   16.709
36352.0 37376.0  0.0   26112.0 623616.0 535840.0 1048576.0   595830.3  5760.0 5503.6 640.0  603.8     243   11.175  10      5.535   16.709
34304.0 35328.0 26080.0  0.0   625152.0 149951.0 1048576.0   621958.3  5760.0 5503.6 640.0  603.8     244   11.235  10      5.535   16.770
34304.0 35328.0 26080.0  0.0   625152.0 416564.6 1048576.0   621958.3  5760.0 5503.6 640.0  603.8     244   11.235  10      5.535   16.770
34304.0 35328.0 26080.0  0.0   625152.0 548787.7 1048576.0   621958.3  5760.0 5503.6 640.0  603.8     244   11.235  10      5.535   16.770
38400.0 35328.0  0.0   35310.9 625152.0 86134.4  1048576.0   690278.3  5760.0 5504.8 640.0  603.8     245   11.304  10      5.535   16.839
38400.0 35328.0  0.0   35310.9 625152.0 397960.5 1048576.0   690278.3  5760.0 5504.8 640.0  603.8     245   11.304  10      5.535   16.839
38400.0 63488.0 14928.0  0.0   571904.0 34141.9  1048576.0   713414.4  5760.0 5504.8 640.0  603.8     246   11.334  10      5.535   16.869
38400.0 63488.0 14928.0  0.0   571904.0 352800.4 1048576.0   713414.4  5760.0 5504.8 640.0  603.8     246   11.334  10      5.535   16.869
61440.0 63488.0  0.0   25152.0 571904.0 34202.4  1048576.0   727822.4  5760.0 5504.8 640.0  603.8     247   11.364  10      5.535   16.899
61440.0 63488.0  0.0   25152.0 571904.0 343047.5 1048576.0   727822.4  5760.0 5504.8 640.0  603.8     247   11.364  10      5.535   16.899
55296.0 59392.0 26080.0  0.0   573952.0 34364.2  1048576.0   751926.4  5760.0 5504.8 640.0  603.8     248   11.403  10      5.535   16.937
55296.0 59392.0 26080.0  0.0   573952.0 355096.1 1048576.0   751926.4  5760.0 5504.8 640.0  603.8     248   11.403  10      5.535   16.937
56832.0 59392.0  0.0   28160.0 573952.0 34389.8  1048576.0   775990.4  5760.0 5504.8 640.0  603.8     249   11.446  10      5.535   16.981
56832.0 59392.0  0.0   28160.0 573952.0 343896.8 1048576.0   775990.4  5760.0 5504.8 640.0  603.8     249   11.446  10      5.535   16.981
52224.0 55296.0 24032.0  0.0   582656.0 34928.1  1048576.0   804150.5  5760.0 5504.8 640.0  603.8     250   11.489  10      5.535   17.024
52224.0 55296.0 24032.0  0.0   582656.0 349281.5 1048576.0   804150.5  5760.0 5504.8 640.0  603.8     250   11.489  10      5.535   17.024
53760.0 55296.0  0.0   24384.0 582656.0 23292.8  1048576.0   828230.5  5760.0 5504.8 640.0  603.8     251   11.539  10      5.535   17.074
53760.0 55296.0  0.0   24384.0 582656.0 337744.9 1048576.0   828230.5  5760.0 5504.8 640.0  603.8     251   11.539  10      5.535   17.074
53760.0 55296.0 19616.0 24384.0 582656.0 582656.0 1048576.0   843742.5  5760.0 5504.8 640.0  603.8     252   11.539  10      5.535   17.074
47104.0 51200.0 28320.0  0.0   589824.0 216352.5 1048576.0   852638.5  5760.0 5504.8 640.0  603.8     252   11.593  10      5.535   17.127
47104.0 51200.0 28320.0  0.0   589824.0 332640.5 1048576.0   852638.5  5760.0 5504.8 640.0  603.8     252   11.593  10      5.535   17.127
52224.0 51200.0  0.0   9328.0 589824.0   0.0    1048576.0   943588.4  5760.0 5504.8 640.0  603.8     253   11.637  10      5.535   17.172
52224.0 51200.0  0.0   9328.0 589824.0 249916.5 1048576.0   943588.4  5760.0 5504.8 640.0  603.8     253   11.637  10      5.535   17.172
52224.0 51200.0  0.0   9328.0 589824.0 554270.1 1048576.0   943588.4  5760.0 5504.8 640.0  603.8     253   11.637  10      5.535   17.172
50176.0 50688.0 22960.0  0.0   595456.0 248844.0 1048576.0   952852.4  5760.0 5504.8 640.0  603.8     254   11.663  10      5.535   17.197
50176.0 50688.0 22960.0  0.0   595456.0 556936.4 1048576.0   952852.4  5760.0 5504.8 640.0  603.8     254   11.663  10      5.535   17.197
48640.0 50688.0  0.0   27104.0 595456.0   0.0    1048576.0   974772.4  5760.0 5504.8 640.0  603.8     255   11.700  11      5.535   17.234
48640.0 50688.0  0.0    0.0   595456.0 261151.5 1044992.0   50357.9   5760.0 5504.8 640.0  603.8     255   11.700  11      5.763   17.463
48640.0 50688.0  0.0    0.0   595456.0 581655.2 1044992.0   50357.9   5760.0 5504.8 640.0  603.8     255   11.700  11      5.763   17.463
46080.0 46592.0 25120.0  0.0   599552.0 253329.7 1044992.0   50357.9   5760.0 5504.8 640.0  603.8     256   11.731  11      5.763   17.494
46080.0 46592.0 25120.0  0.0   599552.0 564440.0 1044992.0   50357.9   5760.0 5504.8 640.0  603.8     256   11.731  11      5.763   17.494
45568.0 46592.0  0.0   29184.0 599552.0 227518.0 1044992.0   75501.9   5760.0 5504.8 640.0  603.8     257   11.774  11      5.763   17.537
45568.0 46592.0  0.0   29184.0 599552.0 467010.6 1044992.0   75501.9   5760.0 5504.8 640.0  603.8     257   11.774  11      5.763   17.537
43008.0 44032.0 25088.0  0.0   606720.0 121236.1 1044992.0   104686.0  5760.0 5504.8 640.0  603.8     258   11.818  11      5.763   17.581
43008.0 44032.0 25088.0  0.0   606720.0 436450.0 1044992.0   104686.0  5760.0 5504.8 640.0  603.8     258   11.818  11      5.763   17.581
42496.0 44032.0  0.0   25376.0 606720.0 72764.5  1044992.0   129806.0  5760.0 5504.8 640.0  603.8     259   11.874  11      5.763   17.637
42496.0 44032.0  0.0   25376.0 606720.0 367918.2 1044992.0   129806.0  5760.0 5504.8 640.0  603.8     259   11.874  11      5.763   17.637
42496.0 44032.0  0.0   25376.0 606720.0 525573.7 1044992.0   129806.0  5760.0 5504.8 640.0  603.8     259   11.874  11      5.763   17.637
42496.0 62976.0 42479.0  0.0   572928.0 48234.0  1044992.0   173110.0  5760.0 5504.8 640.0  603.8     260   11.942  11      5.763   17.706
42496.0 62976.0 42479.0  0.0   572928.0 355204.4 1044992.0   173110.0  5760.0 5504.8 640.0  603.8     260   11.942  11      5.763   17.706
63488.0 10752.0  0.0   10704.0 572928.0 57005.5  1044992.0   190886.0  5760.0 5504.8 640.0  603.8     261   11.965  11      5.763   17.728
63488.0 10752.0  0.0   10704.0 572928.0 376234.7 1044992.0   190886.0  5760.0 5504.8 640.0  603.8     261   11.965  11      5.763   17.728
63488.0 60928.0 25152.0  0.0   574464.0 91614.7  1044992.0   201054.1  5760.0 5504.8 640.0  603.8     262   11.990  11      5.763   17.754
63488.0 60928.0 25152.0  0.0   574464.0 389362.7 1044992.0   201054.1  5760.0 5504.8 640.0  603.8     262   11.990  11      5.763   17.754
58368.0 26624.0  0.0   26176.0 574464.0 68789.9  1044992.0   225198.1  5760.0 5504.8 640.0  603.8     263   12.030  11      5.763   17.793
58368.0 26624.0  0.0   26176.0 574464.0 389808.1 1044992.0   225198.1  5760.0 5504.8 640.0  603.8     263   12.030  11      5.763   17.793
58368.0 55808.0 28192.0  0.0   577024.0 46098.3  1044992.0   249366.1  5760.0 5504.8 640.0  603.8     264   12.073  11      5.763   17.837
58368.0 55808.0 28192.0  0.0   577024.0 368786.9 1044992.0   249366.1  5760.0 5504.8 640.0  603.8     264   12.073  11      5.763   17.837
54272.0 55808.0  0.0   24224.0 577024.0 46120.8  1044992.0   277550.1  5760.0 5504.8 640.0  603.8     265   12.116  11      5.763   17.879
54272.0 55808.0  0.0   24224.0 577024.0 357435.1 1044992.0   277550.1  5760.0 5504.8 640.0  603.8     265   12.116  11      5.763   17.879
54272.0 52224.0 24160.0  0.0   586752.0 35184.9  1044992.0   301782.1  5760.0 5504.8 640.0  603.8     266   12.165  11      5.763   17.929
54272.0 52224.0 24160.0  0.0   586752.0 351847.0 1044992.0   301782.1  5760.0 5504.8 640.0  603.8     266   12.165  11      5.763   17.929
50688.0 52224.0  0.0   24576.0 586752.0 11730.7  1044992.0   325950.1  5760.0 5504.8 640.0  603.8     267   12.215  11      5.763   17.979
50688.0 52224.0  0.0   24576.0 586752.0 273900.1 1044992.0   325950.1  5760.0 5504.8 640.0  603.8     267   12.215  11      5.763   17.979
50688.0 52224.0  0.0   24576.0 586752.0 390784.7 1044992.0   325950.1  5760.0 5504.8 640.0  603.8     267   12.215  11      5.763   17.979
50688.0 50176.0 17406.9  0.0   592896.0   0.0    1044992.0   424254.1  5760.0 5504.8 640.0  603.8     268   12.269  11      5.763   18.032
50688.0 50176.0 17406.9  0.0   592896.0 270097.9 1044992.0   424254.1  5760.0 5504.8 640.0  603.8     268   12.269  11      5.763   18.032
50688.0 50176.0 17406.9  0.0   592896.0 564282.8 1044992.0   424254.1  5760.0 5504.8 640.0  603.8     269   12.269  11      5.763   18.032
49664.0 50176.0  0.0   17328.0 592896.0 259507.3 1044992.0   441406.2  5760.0 5504.8 640.0  603.8     269   12.291  11      5.763   18.055
49664.0 50176.0 14752.0 17328.0 592896.0 592896.0 1044992.0   450054.2  5760.0 5504.8 640.0  603.8     270   12.291  11      5.763   18.055
46592.0 47616.0 26944.0  0.0   599040.0 298499.8 1044992.0   458214.2  5760.0 5504.8 640.0  603.8     270   12.323  11      5.763   18.087
46592.0 47616.0 26944.0 3616.0 599040.0 599040.0 1044992.0   461782.2  5760.0 5504.8 640.0  603.8     271   12.323  11      5.763   18.087
45568.0 47616.0  0.0   25280.0 599040.0 274948.6 1044992.0   486182.3  5760.0 5504.8 640.0  603.8     271   12.363  11      5.763   18.126
45568.0 47616.0  0.0   25280.0 599040.0 585760.2 1044992.0   486182.3  5760.0 5504.8 640.0  603.8     272   12.363  11      5.763   18.126
45568.0 45056.0 29184.0  0.0   605184.0 253811.6 1044992.0   511478.3  5760.0 5504.8 640.0  603.8     272   12.407  11      5.763   18.171
45568.0 45056.0 29184.0 5376.0 605184.0 605184.0 1044992.0   516830.3  5760.0 5504.8 640.0  603.8     273   12.407  11      5.763   18.171
43008.0 45056.0  0.0   25312.0 605184.0 278124.6 1044992.0   540678.3  5760.0 5504.8 640.0  603.8     273   12.452  11      5.763   18.216
43008.0 45056.0  0.0   25312.0 605184.0 568341.9 1044992.0   540678.3  5760.0 5504.8 640.0  603.8     273   12.452  11      5.763   18.216
42496.0 41472.0 25312.0  0.0   609792.0 195014.8 1044992.0   566014.3  5760.0 5504.8 640.0  603.8     274   12.507  11      5.763   18.270
42496.0 41472.0 25312.0  0.0   609792.0 463161.1 1044992.0   566014.3  5760.0 5504.8 640.0  603.8     274   12.507  11      5.763   18.270
47616.0 41472.0  0.0   41471.0 609792.0   0.0    1044992.0   596190.3  5760.0 5504.8 640.0  603.8     275   12.577  11      5.763   18.340
47616.0 41472.0  0.0   41471.0 609792.0 135354.1 1044992.0   596190.3  5760.0 5504.8 640.0  603.8     275   12.577  11      5.763   18.340
47616.0 41472.0  0.0   41471.0 609792.0 409035.3 1044992.0   596190.3  5760.0 5504.8 640.0  603.8     275   12.577  11      5.763   18.340
47616.0 57856.0 8768.1  0.0   583168.0 81622.9  1044992.0   625270.3  5760.0 5504.8 640.0  603.8     276   12.609  11      5.763   18.372
47616.0 57856.0 8768.1  0.0   583168.0 384793.0 1044992.0   625270.3  5760.0 5504.8 640.0  603.8     276   12.609  11      5.763   18.372
55808.0 57856.0  0.0   25568.0 583168.0 93291.8  1044992.0   633734.4  5760.0 5504.8 640.0  603.8     277   12.635  11      5.763   18.398
55808.0 57856.0  0.0   25568.0 583168.0 408150.3 1044992.0   633734.4  5760.0 5504.8 640.0  603.8     277   12.635  11      5.763   18.398
48640.0 53248.0 26560.0  0.0   585216.0 81921.8  1044992.0   658294.4  5760.0 5504.8 640.0  603.8     278   12.674  11      5.763   18.437
48640.0 53248.0 26560.0  0.0   585216.0 397905.0 1044992.0   658294.4  5760.0 5504.8 640.0  603.8     278   12.674  11      5.763   18.437
50688.0 53248.0  0.0   28608.0 585216.0 46814.0  1044992.0   682838.4  5760.0 5504.8 640.0  603.8     279   12.717  11      5.763   18.481
50688.0 53248.0  0.0   28608.0 585216.0 351105.1 1044992.0   682838.4  5760.0 5504.8 640.0  603.8     279   12.717  11      5.763   18.481
45568.0 49152.0 24544.0  0.0   594944.0 35695.0  1044992.0   711478.4  5760.0 5504.8 640.0  603.8     280   12.762  11      5.763   18.525
45568.0 49152.0 24544.0  0.0   594944.0 345053.2 1044992.0   711478.4  5760.0 5504.8 640.0  603.8     280   12.762  11      5.763   18.525
45568.0 49152.0 24544.0 23200.0 594944.0 594944.0 1044992.0   734414.4  5760.0 5504.8 640.0  603.8     281   12.762  11      5.763   18.525
47616.0 49152.0  0.0   24896.0 594944.0 309362.5 1044992.0   736070.4  5760.0 5504.8 640.0  603.8     281   12.820  11      5.763   18.584
47616.0 49152.0 5984.0 24896.0 594944.0 594944.0 1044992.0   741854.4  5760.0 5504.8 640.0  603.8     282   12.820  11      5.763   18.584
43008.0 46080.0 24864.0  0.0   602112.0 220852.6 1044992.0   760990.4  5760.0 5504.8 640.0  603.8     282   12.881  11      5.763   18.644
43008.0 46080.0 24864.0  0.0   602112.0 351352.4 1044992.0   760990.4  5760.0 5504.8 640.0  603.8     282   12.881  11      5.763   18.644
43008.0 46080.0 24864.0  96.0  602112.0 566978.8 1044992.0   761062.4  5760.0 5504.8 640.0  603.8     283   12.881  11      5.763   18.644
46080.0 46080.0  0.0   16526.9 602112.0 232807.9 1044992.0   848428.8  5760.0 5505.2 640.0  603.8     283   12.930  11      5.763   18.693
46080.0 46080.0  0.0   16526.9 602112.0 531597.8 1044992.0   848428.8  5760.0 5505.2 640.0  603.8     283   12.930  11      5.763   18.693
44032.0 45056.0 20528.0  0.0   606720.0 193200.5 1044992.0   864708.8  5760.0 5505.2 640.0  603.8     284   12.957  11      5.763   18.721
44032.0 45056.0 20528.0  0.0   606720.0 484025.8 1044992.0   864708.8  5760.0 5505.2 640.0  603.8     284   12.957  11      5.763   18.721
44032.0 45056.0  0.0   27552.0 606720.0 157239.0 1044992.0   884532.9  5760.0 5505.2 640.0  603.8     285   12.993  11      5.763   18.757
44032.0 45056.0  0.0   27552.0 606720.0 471716.3 1044992.0   884532.9  5760.0 5505.2 640.0  603.8     285   12.993  11      5.763   18.757
39936.0 41984.0 25568.0  0.0   609792.0 121703.3 1044992.0   912084.9  5760.0 5505.2 640.0  603.8     286   13.036  11      5.763   18.800
39936.0 41984.0 25568.0  0.0   609792.0 428009.1 1044992.0   912084.9  5760.0 5505.2 640.0  603.8     286   13.036  11      5.763   18.800
41984.0 41984.0  0.0   29600.0 609792.0 85255.0  1044992.0   937700.9  5760.0 5505.2 640.0  603.8     287   13.083  11      5.763   18.847
41984.0 41984.0  0.0   29600.0 609792.0 389736.4 1044992.0   937700.9  5760.0 5505.2 640.0  603.8     287   13.083  11      5.763   18.847
38912.0 40448.0 25504.0  0.0   614912.0 36862.1  1044992.0   967333.0  5760.0 5505.2 640.0  603.8     288   13.131  11      5.763   18.895
38912.0 40448.0 25504.0  0.0   614912.0 356334.0 1044992.0   967333.0  5760.0 5505.2 640.0  603.8     288   13.131  11      5.763   18.895
38912.0 40448.0 25504.0 16896.0 614912.0 614912.0 1044992.0   983893.0  5760.0 5505.2 640.0  603.8     289   13.131  11      5.763   18.895
38912.0 40448.0  0.0   25728.0 614912.0   0.0    1044992.0   992877.0  5760.0 5505.2 640.0  603.8     289   13.188  12      5.763   18.951
38912.0 40448.0  0.0   25728.0 614912.0   0.0    1044992.0   992877.0  5760.0 5505.2 640.0  603.8     289   13.188  12      5.763   18.951
38912.0 40448.0  0.0    0.0   614912.0 100927.6 1182208.0   152748.2  5760.0 5505.2 640.0  603.8     289   13.188  12      6.480   19.668
38912.0 40448.0  0.0    0.0   614912.0 383625.4 1182208.0   152748.2  5760.0 5505.2 640.0  603.8     289   13.188  12      6.480   19.668
38912.0 40448.0  0.0    0.0   614912.0 531119.4 1182208.0   152748.2  5760.0 5505.2 640.0  603.8     289   13.188  12      6.480   19.668
38912.0 57344.0 38911.0  0.0   584192.0 11661.4  1182208.0   192572.2  5760.0 5509.0 640.0  603.8     290   13.238  12      6.480   19.719
38912.0 57344.0 38911.0  0.0   584192.0 284812.9 1182208.0   192572.2  5760.0 5509.0 640.0  603.8     290   13.238  12      6.480   19.719
57856.0 13312.0  0.0   12880.0 584192.0   0.0    1182208.0   217500.3  5760.0 5509.0 640.0  603.8     291   13.264  12      6.480   19.744
57856.0 13312.0  0.0   12880.0 584192.0 268393.2 1182208.0   217500.3  5760.0 5509.0 640.0  603.8     291   13.264  12      6.480   19.744
57856.0 55808.0 25600.0  0.0   585216.0   0.0    1182208.0   229860.3  5760.0 5509.0 640.0  603.8     292   13.290  12      6.480   19.770
57856.0 55808.0 25600.0  0.0   585216.0 281700.5 1182208.0   229860.3  5760.0 5509.0 640.0  603.8     292   13.290  12      6.480   19.770
53248.0 27136.0  0.0   26656.0 585216.0   0.0    1182208.0   254484.3  5760.0 5509.0 640.0  603.8     293   13.328  12      6.480   19.808
53248.0 27136.0  0.0   26656.0 585216.0 280756.8 1182208.0   254484.3  5760.0 5509.0 640.0  603.8     293   13.328  12      6.480   19.808
53248.0 27136.0 14848.0 26656.0 585216.0 585216.0 1182208.0   265204.3  5760.0 5509.0 640.0  603.8     294   13.328  12      6.480   19.808
53248.0 51200.0 28608.0  0.0   587264.0 293531.9 1182208.0   279108.3  5760.0 5509.0 640.0  603.8     294   13.371  12      6.480   19.851
53248.0 51200.0 28608.0 5312.0 587264.0 587264.0 1182208.0   284260.3  5760.0 5509.0 640.0  603.8     295   13.371  12      6.480   19.851
49664.0 51200.0  0.0   24608.0 587264.0 281824.6 1182208.0   307740.4  5760.0 5509.0 640.0  603.8     295   13.413  12      6.480   19.893
49664.0 51200.0  0.0   24608.0 587264.0 587264.0 1182208.0   307740.4  5760.0 5509.0 640.0  603.8     296   13.413  12      6.480   19.893
49664.0 48128.0 24576.0  0.0   595968.0 238353.2 1182208.0   332380.4  5760.0 5509.0 640.0  603.8     296   13.471  12      6.480   19.952
49664.0 48128.0 24576.0  0.0   595968.0 548212.5 1182208.0   332380.4  5760.0 5509.0 640.0  603.8     296   13.471  12      6.480   19.952
48128.0 48128.0  0.0   32800.0 595968.0 143019.2 1182208.0   356980.4  5760.0 5509.0 640.0  603.8     297   13.522  12      6.480   20.003
48128.0 48128.0  0.0   32800.0 595968.0 226446.6 1182208.0   356980.4  5760.0 5509.0 640.0  603.8     297   13.522  12      6.480   20.003
48128.0 48128.0  0.0   32800.0 595968.0 402745.4 1182208.0   356980.4  5760.0 5509.0 640.0  603.8     297   13.522  12      6.480   20.003
48128.0 50176.0 4560.0  0.0   598528.0 98253.8  1182208.0   452418.3  5760.0 5509.0 640.0  603.8     298   13.558  12      6.480   20.038
48128.0 50176.0 4560.0  0.0   598528.0 383310.6 1182208.0   452418.3  5760.0 5509.0 640.0  603.8     298   13.558  12      6.480   20.038
48128.0 50176.0  0.0   23312.0 598528.0   0.0    1182208.0   456938.3  5760.0 5509.0 640.0  603.8     299   13.594  12      6.480   20.074
48128.0 50176.0  0.0   23312.0 598528.0 262020.4 1182208.0   456938.3  5760.0 5509.0 640.0  603.8     299   13.594  12      6.480   20.074
48128.0 50176.0 14016.0 23312.0 598528.0 598528.0 1182208.0   467882.3  5760.0 5509.0 640.0  603.8     300   13.594  12      6.480   20.074
45056.0 46592.0 27232.0  0.0   600576.0 299300.7 1182208.0   479226.3  5760.0 5509.0 640.0  603.8     300   13.630  12      6.480   20.110
45056.0 46592.0 27232.0 2880.0 600576.0 600576.0 1182208.0   482026.3  5760.0 5509.0 640.0  603.8     301   13.630  12      6.480   20.110
44544.0 46592.0  0.0   25312.0 600576.0 265737.3 1182208.0   506466.4  5760.0 5509.0 640.0  603.8     301   13.670  12      6.480   20.150
44544.0 46592.0 18720.0 25312.0 600576.0 600576.0 1182208.0   521154.4  5760.0 5509.0 640.0  603.8     302   13.670  12      6.480   20.150
44032.0 44032.0 29184.0  0.0   607744.0 291312.2 1182208.0   531826.4  5760.0 5509.0 640.0  603.8     302   13.716  12      6.480   20.196
44032.0 44032.0 29184.0  96.0  607744.0 607744.0 1182208.0   531898.4  5760.0 5509.0 640.0  603.8     303   13.716  12      6.480   20.196
42496.0 44032.0  0.0   25440.0 607744.0 267166.6 1182208.0   561058.4  5760.0 5509.0 640.0  603.8     303   13.762  12      6.480   20.242
42496.0 44032.0 9376.0 25440.0 607744.0 607744.0 1182208.0   570266.4  5760.0 5509.0 640.0  603.8     304   13.762  12      6.480   20.242
40960.0 40960.0 25440.0  0.0   612352.0 244797.2 1182208.0   586522.4  5760.0 5509.0 640.0  603.8     304   13.821  12      6.480   20.301
40960.0 40960.0 25440.0  0.0   612352.0 477354.1 1182208.0   586522.4  5760.0 5509.0 640.0  603.8     304   13.821  12      6.480   20.301
40960.0 40960.0 25440.0  0.0   612352.0 588521.4 1182208.0   586522.4  5760.0 5509.0 640.0  603.8     304   13.821  12      6.480   20.301
45568.0 40960.0  0.0   40944.0 612352.0 223178.3 1182208.0   648713.3  5760.0 5509.0 640.0  603.8     305   13.902  12      6.480   20.382
45568.0 40960.0  0.0   40944.0 612352.0 468125.5 1182208.0   648713.3  5760.0 5509.0 640.0  603.8     305   13.902  12      6.480   20.382
45568.0 67584.0 14416.0  0.0   563712.0 134630.9 1182208.0   652801.4  5760.0 5509.0 640.0  603.8     306   13.921  12      6.480   20.401
45568.0 67584.0 14416.0  0.0   563712.0 448769.0 1182208.0   652801.4  5760.0 5509.0 640.0  603.8     306   13.921  12      6.480   20.401
65536.0 67584.0  0.0   24768.0 563712.0 157338.9 1182208.0   666665.4  5760.0 5509.0 640.0  603.8     307   13.950  12      6.480   20.430
65536.0 67584.0  0.0   24768.0 563712.0 483255.1 1182208.0   666665.4  5760.0 5509.0 640.0  603.8     307   13.950  12      6.480   20.430
58368.0 62976.0 25760.0  0.0   565760.0 180670.4 1182208.0   690425.4  5760.0 5509.0 640.0  603.8     308   13.989  12      6.480   20.469
58368.0 62976.0 25760.0  0.0   565760.0 485550.9 1182208.0   690425.4  5760.0 5509.0 640.0  603.8     308   13.989  12      6.480   20.469
60416.0 62976.0  0.0   27808.0 565760.0 113000.6 1182208.0   714153.4  5760.0 5509.0 640.0  603.8     309   14.031  12      6.480   20.511
60416.0 62976.0  0.0   27808.0 565760.0 406802.8 1182208.0   714153.4  5760.0 5509.0 640.0  603.8     309   14.031  12      6.480   20.511
54272.0 58368.0 23712.0  0.0   575488.0 91998.2  1182208.0   741969.4  5760.0 5509.0 640.0  603.8     310   14.074  12      6.480   20.554
54272.0 58368.0 23712.0  0.0   575488.0 413990.7 1182208.0   741969.4  5760.0 5509.0 640.0  603.8     310   14.074  12      6.480   20.554
56320.0 58368.0  0.0   24096.0 575488.0 92026.2  1182208.0   765713.4  5760.0 5509.0 640.0  603.8     311   14.124  12      6.480   20.605
56320.0 58368.0  0.0   24096.0 575488.0 402613.8 1182208.0   765713.4  5760.0 5509.0 640.0  603.8     311   14.124  12      6.480   20.605
51200.0 54784.0 24096.0  0.0   584192.0 62494.1  1182208.0   789817.4  5760.0 5509.0 640.0  603.8     312   14.176  12      6.480   20.656
51200.0 54784.0 24096.0  0.0   584192.0 288501.4 1182208.0   789817.4  5760.0 5509.0 640.0  603.8     312   14.176  12      6.480   20.656
51200.0 54784.0 24096.0  0.0   584192.0 404339.5 1182208.0   789817.4  5760.0 5509.0 640.0  603.8     312   14.176  12      6.480   20.656
54272.0 54784.0  0.0   15950.9 584192.0 136838.3 1182208.0   876439.8  5760.0 5509.0 640.0  603.8     313   14.224  12      6.480   20.704
54272.0 54784.0  0.0   15950.9 584192.0 357135.5 1182208.0   876439.8  5760.0 5509.0 640.0  603.8     313   14.224  12      6.480   20.704
50688.0 52736.0 19568.0  0.0   589824.0 46951.9  1182208.0   892135.9  5760.0 5509.0 640.0  603.8     314   14.249  12      6.480   20.729
50688.0 52736.0 19568.0  0.0   589824.0 363876.3 1182208.0   892135.9  5760.0 5509.0 640.0  603.8     314   14.249  12      6.480   20.729
50176.0 52736.0  0.0   26784.0 589824.0   0.0    1182208.0   911215.9  5760.0 5509.0 640.0  603.8     315   14.288  12      6.480   20.768
50176.0 52736.0  0.0   26784.0 589824.0 305719.3 1182208.0   911215.9  5760.0 5509.0 640.0  603.8     315   14.288  12      6.480   20.768
46592.0 48128.0 24864.0  0.0   595968.0   0.0    1182208.0   938031.9  5760.0 5509.0 640.0  603.8     316   14.332  12      6.480   20.812
46592.0 48128.0 24864.0  0.0   595968.0 285465.5 1182208.0   938031.9  5760.0 5509.0 640.0  603.8     316   14.332  12      6.480   20.812
46592.0 48128.0 24864.0  0.0   595968.0 594719.2 1182208.0   938031.9  5760.0 5509.0 640.0  603.8     317   14.332  12      6.480   20.812
47104.0 48128.0  0.0   29056.0 595968.0 261869.2 1182208.0   962935.9  5760.0 5509.0 640.0  603.8     317   14.378  12      6.480   20.858
47104.0 48128.0 10912.0 29056.0 595968.0 595968.0 1182208.0   978000.0  5760.0 5509.0 640.0  603.8     318   14.378  12      6.480   20.858
43520.0 45568.0 24928.0  0.0   603648.0 289495.2 1182208.0   992000.0  5760.0 5509.0 640.0  603.8     318   14.425  12      6.480   20.905
43520.0 45568.0 24928.0  0.0   603648.0 603114.8 1182208.0   992000.0  5760.0 5509.0 640.0  603.8     319   14.425  12      6.480   20.905
43520.0 45568.0  0.0   25248.0 603648.0 229254.7 1182208.0  1016968.0  5760.0 5509.0 640.0  603.8     319   14.489  12      6.480   20.969
43520.0 45568.0  0.0   25248.0 603648.0 518839.3 1182208.0  1016968.0  5760.0 5509.0 640.0  603.8     319   14.489  12      6.480   20.969
43520.0 58368.0 43519.0  0.0   582144.0   0.0    1182208.0  1044384.0  5760.0 5509.0 640.0  603.8     320   14.564  12      6.480   21.044
43520.0 58368.0 43519.0  0.0   582144.0 184794.1 1182208.0  1044384.0  5760.0 5509.0 640.0  603.8     320   14.564  12      6.480   21.044
43520.0 58368.0 43519.0  0.0   582144.0 454026.0 1182208.0  1044384.0  5760.0 5509.0 640.0  603.8     320   14.564  12      6.480   21.044
59392.0 8704.0  0.0   8400.0 582144.0 139680.7 1182208.0  1073096.0  5760.0 5509.0 640.0  603.8     321   14.597  12      6.480   21.077
59392.0 8704.0  0.0   8400.0 582144.0 442323.3 1182208.0  1073096.0  5760.0 5509.0 640.0  603.8     321   14.597  12      6.480   21.077
59392.0 56832.0 25536.0  0.0   582656.0 139815.5 1182208.0  1081232.1  5760.0 5509.0 640.0  603.8     322   14.626  12      6.480   21.106
59392.0 56832.0 25536.0  0.0   582656.0 454400.9 1182208.0  1081232.1  5760.0 5509.0 640.0  603.8     322   14.626  12      6.480   21.106
54272.0 26624.0  0.0   26560.0 582656.0 128171.3 1182208.0  1105744.1  5760.0 5509.0 640.0  603.8     323   14.670  12      6.480   21.151
54272.0 26624.0  0.0   26560.0 582656.0 442774.2 1182208.0  1105744.1  5760.0 5509.0 640.0  603.8     323   14.670  12      6.480   21.151
54272.0 52224.0 28512.0  0.0   584704.0 105240.0 1182208.0  1130272.1  5760.0 5509.0 640.0  603.8     324   14.718  12      6.480   21.198
54272.0 52224.0 28512.0  0.0   584704.0 420959.7 1182208.0  1130272.1  5760.0 5509.0 640.0  603.8     324   14.718  12      6.480   21.198
50176.0 52224.0  0.0   24544.0 584704.0   0.0    1182208.0  1158808.1  5760.0 5509.0 640.0  603.8     325   14.768  13      6.480   21.248
50176.0 52224.0  0.0   24544.0 584704.0   0.0    1182208.0  1158808.1  5760.0 5509.0 640.0  603.8     325   14.768  13      6.480   21.248
50176.0 52224.0  0.0    0.0   584704.0 46774.5  1190400.0   111310.9  5760.0 5509.0 640.0  603.8     325   14.768  13      7.015   21.782
50176.0 52224.0  0.0    0.0   584704.0 362501.9 1190400.0   111310.9  5760.0 5509.0 640.0  603.8     325   14.768  13      7.015   21.782
50176.0 48640.0 24480.0  0.0   593920.0 47512.3  1190400.0   111310.9  5760.0 5509.0 640.0  603.8     326   14.797  13      7.015   21.811
50176.0 48640.0 24480.0  0.0   593920.0 356342.7 1190400.0   111310.9  5760.0 5509.0 640.0  603.8     326   14.797  13      7.015   21.811
47104.0 48640.0  0.0   24864.0 593920.0 11878.2  1190400.0   135806.9  5760.0 5509.0 640.0  603.8     327   14.846  13      7.015   21.860
47104.0 48640.0  0.0   24864.0 593920.0 277293.8 1190400.0   135806.9  5760.0 5509.0 640.0  603.8     327   14.846  13      7.015   21.860
47104.0 48640.0  0.0   24864.0 593920.0 392696.9 1190400.0   135806.9  5760.0 5509.0 640.0  603.8     327   14.846  13      7.015   21.860
47104.0 48640.0 11390.9 24864.0 593920.0 589563.7 1190400.0   206493.3  5760.0 5509.0 640.0  603.8     328   14.846  13      7.015   21.860
47104.0 46592.0 17438.9  0.0   600576.0 256437.6 1190400.0   223197.3  5760.0 5509.9 640.0  603.8     328   14.893  13      7.015   21.907
47104.0 46592.0 17438.9  0.0   600576.0 566532.1 1190400.0   223197.3  5760.0 5509.9 640.0  603.8     328   14.893  13      7.015   21.907
45568.0 46592.0  0.0   20496.0 600576.0 239128.5 1190400.0   240389.3  5760.0 5509.9 640.0  603.8     329   14.917  13      7.015   21.932
45568.0 46592.0  0.0   20496.0 600576.0 538038.9 1190400.0   240389.3  5760.0 5509.9 640.0  603.8     329   14.917  13      7.015   21.932
44032.0 44032.0 27296.0  0.0   606720.0 181473.8 1190400.0   260141.4  5760.0 5509.9 640.0  603.8     330   14.955  13      7.015   21.970
44032.0 44032.0 27296.0  0.0   606720.0 496027.6 1190400.0   260141.4  5760.0 5509.9 640.0  603.8     330   14.955  13      7.015   21.970
42496.0 44032.0  0.0   25568.0 606720.0 145330.8 1190400.0   287445.4  5760.0 5509.9 640.0  603.8     331   14.996  13      7.015   22.010
42496.0 44032.0  0.0   25568.0 606720.0 435992.3 1190400.0   287445.4  5760.0 5509.9 640.0  603.8     331   14.996  13      7.015   22.010
42496.0 41984.0 29472.0  0.0   611328.0 85478.5  1190400.0   313061.4  5760.0 5509.9 640.0  603.8     332   15.040  13      7.015   22.055
42496.0 41984.0 29472.0  0.0   611328.0 415181.4 1190400.0   313061.4  5760.0 5509.9 640.0  603.8     332   15.040  13      7.015   22.055
40960.0 41984.0  0.0   25568.0 611328.0 48866.2  1190400.0   342565.4  5760.0 5509.9 640.0  603.8     333   15.087  13      7.015   22.102
40960.0 41984.0  0.0   25568.0 611328.0 366496.8 1190400.0   342565.4  5760.0 5509.9 640.0  603.8     333   15.087  13      7.015   22.102
39424.0 39424.0 25600.0  0.0   615936.0   0.0    1190400.0   368173.4  5760.0 5509.9 640.0  603.8     334   15.141  13      7.015   22.156
39424.0 39424.0 25600.0  0.0   615936.0 295492.1 1190400.0   368173.4  5760.0 5509.9 640.0  603.8     334   15.141  13      7.015   22.156
39424.0 39424.0 25600.0  0.0   615936.0 517111.1 1190400.0   368173.4  5760.0 5509.9 640.0  603.8     334   15.141  13      7.015   22.156
39424.0 39424.0 25600.0 39423.0 615936.0 594007.7 1190400.0   411341.4  5760.0 5509.9 640.0  603.8     335   15.141  13      7.015   22.156
43520.0 39424.0  0.0   39423.0 615936.0 335029.4 1190400.0   415229.4  5760.0 5509.9 640.0  603.8     335   15.217  13      7.015   22.232
43520.0 39424.0  0.0   39423.0 615936.0 530631.1 1190400.0   415229.4  5760.0 5509.9 640.0  603.8     335   15.217  13      7.015   22.232
43520.0 60928.0 12528.0  0.0   577024.0 195219.9 1190400.0   431093.5  5760.0 5509.9 640.0  603.8     336   15.240  13      7.015   22.255
43520.0 60928.0 12528.0  0.0   577024.0 516758.1 1190400.0   431093.5  5760.0 5509.9 640.0  603.8     336   15.240  13      7.015   22.255
58880.0 60928.0  0.0   25344.0 577024.0 207062.5 1190400.0   443077.5  5760.0 5509.9 640.0  603.8     337   15.268  13      7.015   22.282
58880.0 60928.0  0.0   25344.0 577024.0 529159.1 1190400.0   443077.5  5760.0 5509.9 640.0  603.8     337   15.268  13      7.015   22.282
51712.0 56320.0 26304.0  0.0   579072.0 219588.4 1190400.0   467397.5  5760.0 5509.9 640.0  603.8     338   15.308  13      7.015   22.323
51712.0 56320.0 26304.0  0.0   579072.0 520078.4 1190400.0   467397.5  5760.0 5509.9 640.0  603.8     338   15.308  13      7.015   22.323
53760.0 56320.0  0.0   28352.0 579072.0 208183.6 1190400.0   491685.5  5760.0 5509.9 640.0  603.8     339   15.350  13      7.015   22.365
53760.0 56320.0  0.0   28352.0 579072.0 520459.2 1190400.0   491685.5  5760.0 5509.9 640.0  603.8     339   15.350  13      7.015   22.365
48640.0 52224.0 24288.0  0.0   588800.0 200015.6 1190400.0   520069.6  5760.0 5509.9 640.0  603.8     340   15.393  13      7.015   22.408
48640.0 52224.0 24288.0  0.0   588800.0 505922.4 1190400.0   520069.6  5760.0 5509.9 640.0  603.8     340   15.393  13      7.015   22.408
50688.0 52224.0  0.0   24640.0 588800.0 141231.5 1190400.0   544365.6  5760.0 5509.9 640.0  603.8     341   15.460  13      7.015   22.474
50688.0 52224.0  0.0   24640.0 588800.0 447232.8 1190400.0   544365.6  5760.0 5509.9 640.0  603.8     341   15.460  13      7.015   22.474
46080.0 49152.0 24640.0  0.0   595968.0 27925.9  1190400.0   569021.6  5760.0 5509.9 640.0  603.8     342   15.517  13      7.015   22.532
46080.0 49152.0 24640.0  0.0   595968.0 254309.3 1190400.0   569021.6  5760.0 5509.9 640.0  603.8     342   15.517  13      7.015   22.532
46080.0 49152.0 24640.0  0.0   595968.0 369179.9 1190400.0   569021.6  5760.0 5509.9 640.0  603.8     342   15.517  13      7.015   22.532
46080.0 49152.0 24640.0 11664.0 595968.0 579963.1 1190400.0   645699.4  5760.0 5509.9 640.0  603.8     343   15.517  13      7.015   22.532
49152.0 49152.0  0.0   14256.0 595968.0 228252.7 1190400.0   656307.4  5760.0 5509.9 640.0  603.8     343   15.578  13      7.015   22.593
49152.0 49152.0  0.0   14256.0 595968.0 370222.4 1190400.0   656307.4  5760.0 5509.9 640.0  603.8     343   15.578  13      7.015   22.593
46080.0 47616.0 23184.0  0.0   600576.0 11953.6  1190400.0   670515.5  5760.0 5509.9 640.0  603.8     344   15.608  13      7.015   22.623
46080.0 47616.0 23184.0  0.0   600576.0 322745.5 1190400.0   670515.5  5760.0 5509.9 640.0  603.8     344   15.608  13      7.015   22.623
46080.0 47616.0  0.0   27296.0 600576.0   0.0    1190400.0   692691.5  5760.0 5509.9 640.0  603.8     345   15.645  13      7.015   22.660
46080.0 47616.0  0.0   27296.0 600576.0 287372.5 1190400.0   692691.5  5760.0 5509.9 640.0  603.8     345   15.645  13      7.015   22.660
46080.0 47616.0 15680.0 27296.0 600576.0 600576.0 1190400.0   710131.6  5760.0 5509.9 640.0  603.8     346   15.645  13      7.015   22.660
41984.0 44032.0 25312.0  0.0   605184.0 231549.4 1190400.0   720019.6  5760.0 5509.9 640.0  603.8     346   15.707  13      7.015   22.721
41984.0 44032.0 25312.0  0.0   605184.0 545603.8 1190400.0   720019.6  5760.0 5509.9 640.0  603.8     346   15.707  13      7.015   22.721
43520.0 44032.0  0.0   29408.0 605184.0 193402.5 1190400.0   745379.6  5760.0 5509.9 640.0  603.8     347   15.754  13      7.015   22.768
43520.0 44032.0  0.0   29408.0 605184.0 507681.6 1190400.0   745379.6  5760.0 5509.9 640.0  603.8     347   15.754  13      7.015   22.768
39936.0 41984.0 25312.0  0.0   611328.0 146592.7 1190400.0   774795.6  5760.0 5509.9 640.0  603.8     348   15.801  13      7.015   22.816
39936.0 41984.0 25312.0  0.0   611328.0 451994.2 1190400.0   774795.6  5760.0 5509.9 640.0  603.8     348   15.801  13      7.015   22.816
40960.0 41984.0  0.0   25536.0 611328.0 85538.1  1190400.0   800147.6  5760.0 5509.9 640.0  603.8     349   15.861  13      7.015   22.876
40960.0 41984.0  0.0   25536.0 611328.0 370688.0 1190400.0   800147.6  5760.0 5509.9 640.0  603.8     349   15.861  13      7.015   22.876
40960.0 41984.0  0.0   25536.0 611328.0 492884.9 1190400.0   800147.6  5760.0 5509.9 640.0  603.8     349   15.861  13      7.015   22.876
40960.0 41984.0 40928.0 25536.0 611328.0 595784.0 1190400.0   822563.6  5760.0 5509.9 640.0  603.8     350   15.861  13      7.015   22.876
40960.0 67584.0 40928.0  0.0   563712.0 283866.1 1190400.0   862290.5  5760.0 5509.9 640.0  603.8     350   15.937  13      7.015   22.951
40960.0 67584.0 40928.0  0.0   563712.0 518814.5 1190400.0   862290.5  5760.0 5509.9 640.0  603.8     350   15.937  13      7.015   22.951
68096.0 12800.0  0.0   12336.0 563712.0 235582.2 1190400.0   866370.6  5760.0 5509.9 640.0  603.8     351   15.956  13      7.015   22.971
68096.0 12800.0  0.0   12336.0 563712.0 549692.4 1190400.0   866370.6  5760.0 5509.9 640.0  603.8     351   15.956  13      7.015   22.971
68096.0 65536.0 24800.0  0.0   565248.0 247905.9 1190400.0   878178.6  5760.0 5509.9 640.0  603.8     352   15.985  13      7.015   23.000
68096.0 65536.0 24800.0  0.0   565248.0 563422.4 1190400.0   878178.6  5760.0 5509.9 640.0  603.8     352   15.985  13      7.015   23.000
62976.0 26112.0  0.0   25824.0 565248.0 203062.0 1190400.0   901938.6  5760.0 5509.9 640.0  603.8     353   16.027  13      7.015   23.042
62976.0 26112.0  0.0   25824.0 565248.0 498422.6 1190400.0   901938.6  5760.0 5509.9 640.0  603.8     353   16.027  13      7.015   23.042
62976.0 60416.0 27776.0  0.0   567808.0 204132.5 1190400.0   925722.6  5760.0 5509.9 640.0  603.8     354   16.070  13      7.015   23.085
62976.0 60416.0 27776.0  0.0   567808.0 521671.3 1190400.0   925722.6  5760.0 5509.9 640.0  603.8     354   16.070  13      7.015   23.085
58368.0 60416.0  0.0   23808.0 567808.0 272306.9 1190400.0   953514.6  5760.0 5509.9 640.0  603.8     355   16.113  13      7.015   23.128
58368.0 60416.0 2976.0 23808.0 567808.0 567808.0 1190400.0   956586.6  5760.0 5509.9 640.0  603.8     356   16.113  13      7.015   23.128
58368.0 56832.0 23744.0  0.0   577024.0 265278.3 1190400.0   977354.6  5760.0 5509.9 640.0  603.8     356   16.165  13      7.015   23.179
58368.0 56832.0 23744.0  0.0   577024.0 565158.6 1190400.0   977354.6  5760.0 5509.9 640.0  603.8     357   16.165  13      7.015   23.179
54784.0 56832.0  0.0   24160.0 577024.0 207651.7 1190400.0  1001146.6  5760.0 5509.9 640.0  603.8     357   16.217  13      7.015   23.232
54784.0 56832.0  0.0   24160.0 577024.0 350181.2 1190400.0  1001146.6  5760.0 5509.9 640.0  603.8     357   16.217  13      7.015   23.232
54784.0 56832.0  0.0   24160.0 577024.0 529957.8 1190400.0  1001146.6  5760.0 5509.9 640.0  603.8     357   16.217  13      7.015   23.232
54784.0 53760.0 18094.9  0.0   584704.0 199366.1 1190400.0  1099034.7  5760.0 5509.9 640.0  603.8     358   16.271  13      7.015   23.286
54784.0 53760.0 18094.9  0.0   584704.0 489467.8 1190400.0  1099034.7  5760.0 5509.9 640.0  603.8     358   16.271  13      7.015   23.286
53248.0 53760.0  0.0    0.0   584704.0 69813.7  1177600.0   18443.6   5760.0 5509.9 640.0  603.8     359   16.297  14      7.103   23.401
53248.0 53760.0  0.0    0.0   584704.0 383974.8 1177600.0   18443.6   5760.0 5509.9 640.0  603.8     359   16.297  14      7.103   23.401
49664.0 50688.0 26592.0  0.0   591872.0 70793.7  1177600.0   18443.6   5760.0 5509.9 640.0  603.8     360   16.319  14      7.103   23.422
49664.0 50688.0 26592.0  0.0   591872.0 389365.8 1177600.0   18443.6   5760.0 5509.9 640.0  603.8     360   16.319  14      7.103   23.422
48640.0 50688.0  0.0   24960.0 591872.0 47249.7  1177600.0   45051.7   5760.0 5509.9 640.0  603.8     361   16.356  14      7.103   23.459
48640.0 50688.0  0.0   24960.0 591872.0 342560.9 1177600.0   45051.7   5760.0 5509.9 640.0  603.8     361   16.356  14      7.103   23.459
46592.0 47104.0 28896.0  0.0   599552.0   0.0    1177600.0   70051.7   5760.0 5509.9 640.0  603.8     362   16.401  14      7.103   23.505
46592.0 47104.0 28896.0  0.0   599552.0 311339.9 1177600.0   70051.7   5760.0 5509.9 640.0  603.8     362   16.401  14      7.103   23.505
45568.0 47104.0  0.0   25120.0 599552.0   0.0    1177600.0   98971.7   5760.0 5509.9 640.0  603.8     363   16.445  14      7.103   23.548
45568.0 47104.0  0.0   25120.0 599552.0 287528.4 1177600.0   98971.7   5760.0 5509.9 640.0  603.8     363   16.445  14      7.103   23.548
45568.0 47104.0  0.0   25120.0 599552.0 599017.5 1177600.0   98971.7   5760.0 5509.9 640.0  603.8     364   16.445  14      7.103   23.548
42496.0 43520.0 25056.0  0.0   606208.0 254459.8 1177600.0   124075.7  5760.0 5509.9 640.0  603.8     364   16.496  14      7.103   23.599
42496.0 43520.0 25056.0  0.0   606208.0 537250.7 1177600.0   124075.7  5760.0 5509.9 640.0  603.8     364   16.496  14      7.103   23.599
47616.0 43520.0  0.0   41102.9 606208.0 60597.8  1177600.0   149187.7  5760.0 5509.9 640.0  603.8     365   16.553  14      7.103   23.656
47616.0 43520.0  0.0   41102.9 606208.0 251924.1 1177600.0   149187.7  5760.0 5509.9 640.0  603.8     365   16.553  14      7.103   23.656
47616.0 43520.0  0.0   41102.9 606208.0 500284.0 1177600.0   149187.7  5760.0 5509.9 640.0  603.8     365   16.553  14      7.103   23.656
47616.0 49152.0 6608.0  0.0   600576.0 168110.7 1177600.0   180811.7  5760.0 5509.9 640.0  603.8     366   16.581  14      7.103   23.684
47616.0 49152.0 6608.0  0.0   600576.0 456300.1 1177600.0   180811.7  5760.0 5509.9 640.0  603.8     366   16.581  14      7.103   23.684
47104.0 26624.0  0.0   26272.0 600576.0 132101.2 1177600.0   187115.8  5760.0 5509.9 640.0  603.8     367   16.606  14      7.103   23.709
47104.0 26624.0  0.0   26272.0 600576.0 445364.0 1177600.0   187115.8  5760.0 5509.9 640.0  603.8     367   16.606  14      7.103   23.709
47104.0 45568.0 27296.0  0.0   603648.0 108642.9 1177600.0   212403.8  5760.0 5509.9 640.0  603.8     368   16.644  14      7.103   23.747
47104.0 45568.0 27296.0  0.0   603648.0 422500.3 1177600.0   212403.8  5760.0 5509.9 640.0  603.8     368   16.644  14      7.103   23.747
45056.0 45568.0  0.0   29408.0 603648.0 60360.1  1177600.0   237675.8  5760.0 5509.9 640.0  603.8     369   16.686  14      7.103   23.790
45056.0 45568.0  0.0   29408.0 603648.0 386304.0 1177600.0   237675.8  5760.0 5509.9 640.0  603.8     369   16.686  14      7.103   23.790
43008.0 43008.0 25312.0  0.0   608256.0 36493.5  1177600.0   267091.8  5760.0 5509.9 640.0  603.8     370   16.729  14      7.103   23.833
43008.0 43008.0 25312.0  0.0   608256.0 352770.5 1177600.0   267091.8  5760.0 5509.9 640.0  603.8     370   16.729  14      7.103   23.833
41472.0 43008.0  0.0   25440.0 608256.0   0.0    1177600.0   292451.8  5760.0 5509.9 640.0  603.8     371   16.789  14      7.103   23.892
41472.0 43008.0  0.0   25440.0 608256.0 304117.8 1177600.0   292451.8  5760.0 5509.9 640.0  603.8     371   16.789  14      7.103   23.892
41472.0 43008.0  0.0   25440.0 608256.0 608256.0 1177600.0   292451.8  5760.0 5509.9 640.0  603.8     372   16.789  14      7.103   23.892
40960.0 40448.0 25440.0  0.0   613888.0 188258.2 1177600.0   317931.8  5760.0 5509.9 640.0  603.8     372   16.848  14      7.103   23.952
40960.0 40448.0 25440.0  0.0   613888.0 291085.8 1177600.0   317931.8  5760.0 5509.9 640.0  603.8     372   16.848  14      7.103   23.952
40960.0 40448.0 25440.0  0.0   613888.0 519460.6 1177600.0   317931.8  5760.0 5509.9 640.0  603.8     373   16.848  14      7.103   23.952
40960.0 40448.0  0.0   14288.0 613888.0 161803.5 1177600.0   406025.7  5760.0 5509.9 640.0  603.8     373   16.895  14      7.103   23.998
40960.0 40448.0  0.0   14288.0 613888.0 466477.9 1177600.0   406025.7  5760.0 5509.9 640.0  603.8     373   16.895  14      7.103   23.998
38400.0 39424.0 23856.0  0.0   617472.0 122900.9 1177600.0   420241.7  5760.0 5511.1 640.0  603.8     374   16.921  14      7.103   24.024
38400.0 39424.0 23856.0  0.0   617472.0 430153.7 1177600.0   420241.7  5760.0 5511.1 640.0  603.8     374   16.921  14      7.103   24.024
39424.0 39424.0  0.0   28000.0 617472.0 86176.7  1177600.0   443105.8  5760.0 5511.1 640.0  603.8     375   16.958  14      7.103   24.062
39424.0 39424.0  0.0   28000.0 617472.0 406259.8 1177600.0   443105.8  5760.0 5511.1 640.0  603.8     375   16.958  14      7.103   24.062
37376.0 38400.0 26016.0  0.0   620032.0 49502.0  1177600.0   471145.8  5760.0 5511.1 640.0  603.8     376   17.000  14      7.103   24.103
37376.0 38400.0 26016.0  0.0   620032.0 346513.8 1177600.0   471145.8  5760.0 5511.1 640.0  603.8     376   17.000  14      7.103   24.103
38912.0 38400.0  0.0   29984.0 620032.0   0.0    1177600.0   497217.8  5760.0 5511.1 640.0  603.8     377   17.048  14      7.103   24.151
38912.0 38400.0  0.0   29984.0 620032.0 284838.8 1177600.0   497217.8  5760.0 5511.1 640.0  603.8     377   17.048  14      7.103   24.151
38912.0 38400.0  0.0   29984.0 620032.0 594446.6 1177600.0   497217.8  5760.0 5511.1 640.0  603.8     378   17.048  14      7.103   24.151
36352.0 37376.0 25920.0  0.0   621568.0 223573.5 1177600.0   527241.8  5760.0 5511.1 640.0  603.8     378   17.096  14      7.103   24.199
36352.0 37376.0 25920.0  0.0   621568.0 534091.9 1177600.0   527241.8  5760.0 5511.1 640.0  603.8     378   17.096  14      7.103   24.199
36352.0 37376.0  0.0   26016.0 621568.0 136669.3 1177600.0   553209.8  5760.0 5511.1 640.0  603.8     379   17.160  14      7.103   24.263
36352.0 37376.0  0.0   26016.0 621568.0 360308.8 1177600.0   553209.8  5760.0 5511.1 640.0  603.8     379   17.160  14      7.103   24.263
36352.0 37376.0  0.0   26016.0 621568.0 491550.8 1177600.0   553209.8  5760.0 5511.1 640.0  603.8     379   17.160  14      7.103   24.263
36352.0 36352.0 20094.9  0.0   625152.0   0.0    1177600.0   652961.9  5760.0 5511.1 640.0  603.8     380   17.212  14      7.103   24.315
36352.0 36352.0 20094.9  0.0   625152.0 274606.9 1177600.0   652961.9  5760.0 5511.1 640.0  603.8     380   17.212  14      7.103   24.315
36352.0 36352.0 20094.9  0.0   625152.0 559954.1 1177600.0   652961.9  5760.0 5511.1 640.0  603.8     380   17.212  14      7.103   24.315
36352.0 36352.0  0.0   18672.0 625152.0 211484.6 1177600.0   672801.9  5760.0 5511.1 640.0  603.8     381   17.238  14      7.103   24.341
36352.0 36352.0  0.0   18672.0 625152.0 510050.9 1177600.0   672801.9  5760.0 5511.1 640.0  603.8     381   17.238  14      7.103   24.341
36352.0 36864.0 28288.0  0.0   625152.0 87235.9  1177600.0   690978.0  5760.0 5511.1 640.0  603.8     382   17.279  14      7.103   24.382
36352.0 36864.0 28288.0  0.0   625152.0 386329.9 1177600.0   690978.0  5760.0 5511.1 640.0  603.8     382   17.279  14      7.103   24.382
35840.0 26624.0  0.0   26400.0 625152.0   0.0    1177600.0   719290.0  5760.0 5511.1 640.0  603.8     383   17.328  14      7.103   24.431
35840.0 26624.0  0.0   26400.0 625152.0 299436.4 1177600.0   719290.0  5760.0 5511.1 640.0  603.8     383   17.328  14      7.103   24.431
35840.0 26624.0  0.0   26400.0 625152.0 623826.4 1177600.0   719290.0  5760.0 5511.1 640.0  603.8     384   17.328  14      7.103   24.431
35840.0 36864.0 30240.0  0.0   624640.0 224560.7 1177600.0   745690.0  5760.0 5511.1 640.0  603.8     384   17.376  14      7.103   24.479
35840.0 36864.0 30240.0  0.0   624640.0 536450.5 1177600.0   745690.0  5760.0 5511.1 640.0  603.8     384   17.376  14      7.103   24.479
35840.0 36864.0  0.0   26144.0 624640.0 162261.5 1177600.0   775962.0  5760.0 5511.1 640.0  603.8     385   17.423  14      7.103   24.526
35840.0 36864.0  0.0   26144.0 624640.0 474301.7 1177600.0   775962.0  5760.0 5511.1 640.0  603.8     385   17.423  14      7.103   24.526
34816.0 35328.0 26144.0  0.0   626176.0 87613.8  1177600.0   802130.0  5760.0 5511.1 640.0  603.8     386   17.478  14      7.103   24.581
34816.0 35328.0 26144.0  0.0   626176.0 354550.5 1177600.0   802130.0  5760.0 5511.1 640.0  603.8     386   17.478  14      7.103   24.581
34816.0 35328.0 26144.0  0.0   626176.0 479712.4 1177600.0   802130.0  5760.0 5511.1 640.0  603.8     386   17.478  14      7.103   24.581
34816.0 35328.0 26144.0 3616.0 626176.0 589681.3 1177600.0   808306.0  5760.0 5511.1 640.0  603.8     387   17.478  14      7.103   24.581
37376.0 35328.0  0.0   35310.9 626176.0 286341.6 1177600.0   870146.0  5760.0 5511.1 640.0  603.8     387   17.554  14      7.103   24.658
37376.0 35328.0  0.0   35310.9 626176.0 497579.4 1177600.0   870146.0  5760.0 5511.1 640.0  603.8     387   17.554  14      7.103   24.658
37376.0 62976.0 14960.0  0.0   572928.0 125405.2 1177600.0   893162.1  5760.0 5511.1 640.0  603.8     388   17.584  14      7.103   24.688
37376.0 62976.0 14960.0  0.0   572928.0 444617.6 1177600.0   893162.1  5760.0 5511.1 640.0  603.8     388   17.584  14      7.103   24.688
60928.0 62976.0  0.0   25120.0 572928.0 137049.5 1177600.0   907610.1  5760.0 5511.1 640.0  603.8     389   17.616  14      7.103   24.719
60928.0 62976.0  0.0   25120.0 572928.0 456832.2 1177600.0   907610.1  5760.0 5511.1 640.0  603.8     389   17.616  14      7.103   24.719
54784.0 58880.0 26144.0  0.0   574976.0 149173.8 1177600.0   931762.1  5760.0 5511.1 640.0  603.8     390   17.656  14      7.103   24.759
54784.0 58880.0 26144.0  0.0   574976.0 367196.8 1177600.0   931762.1  5760.0 5511.1 640.0  603.8     390   17.656  14      7.103   24.759
56320.0 58880.0  0.0   28192.0 574976.0 22967.0  1177600.0   955866.1  5760.0 5511.1 640.0  603.8     391   17.704  14      7.103   24.807
56320.0 58880.0  0.0   28192.0 574976.0 241153.8 1177600.0   955866.1  5760.0 5511.1 640.0  603.8     391   17.704  14      7.103   24.807
56320.0 58880.0  0.0   28192.0 574976.0 539725.8 1177600.0   955866.1  5760.0 5511.1 640.0  603.8     391   17.704  14      7.103   24.807
51712.0 54784.0 24096.0  0.0   583680.0 198272.4 1177600.0   984074.2  5760.0 5511.1 640.0  603.8     392   17.755  14      7.103   24.858
51712.0 54784.0 24096.0  0.0   583680.0 489848.6 1177600.0   984074.2  5760.0 5511.1 640.0  603.8     392   17.755  14      7.103   24.858
53248.0 54784.0  0.0   24416.0 583680.0 128334.2 1177600.0  1008194.2  5760.0 5511.1 640.0  603.8     393   17.817  14      7.103   24.921
53248.0 54784.0  0.0   24416.0 583680.0 385003.2 1177600.0  1008194.2  5760.0 5511.1 640.0  603.8     393   17.817  14      7.103   24.921
47616.0 51200.0 28352.0  0.0   590848.0 15825.7  1177600.0  1032650.2  5760.0 5511.1 640.0  603.8     394   17.872  14      7.103   24.976
47616.0 51200.0 28352.0  0.0   590848.0 215438.0 1177600.0  1032650.2  5760.0 5511.1 640.0  603.8     394   17.872  14      7.103   24.976
47616.0 51200.0 28352.0  0.0   590848.0 330324.9 1177600.0  1032650.2  5760.0 5511.1 640.0  603.8     394   17.872  14      7.103   24.976
52224.0 51200.0  0.0   9056.0 590848.0   0.0    1177600.0  1123616.0  5760.0 5511.1 640.0  603.8     395   17.917  15      7.103   25.021
52224.0 51200.0  0.0   9056.0 590848.0   0.0    1177600.0  1123616.0  5760.0 5511.1 640.0  603.8     395   17.917  15      7.103   25.021
52224.0 51200.0  0.0   9056.0 590848.0   0.0    1177600.0  1123616.0  5760.0 5511.1 640.0  603.8     395   17.917  15      7.103   25.021
52224.0 51200.0  0.0    0.0   590848.0   0.0    1398272.0   236108.9  5760.0 5511.1 640.0  603.8     395   17.917  15      7.949   25.866
52224.0 51200.0  0.0    0.0   590848.0 227218.9 1398272.0   236108.9  5760.0 5511.1 640.0  603.8     395   17.917  15      7.949   25.866
52224.0 51200.0  0.0    0.0   590848.0 521397.9 1398272.0   236108.9  5760.0 5511.1 640.0  603.8     395   17.917  15      7.949   25.866
50176.0 50688.0 22960.0  0.0   595456.0 201766.5 1398272.0   298730.8  5760.0 5511.1 640.0  603.8     396   17.944  15      7.949   25.893
50176.0 50688.0 22960.0  0.0   595456.0 510350.8 1398272.0   298730.8  5760.0 5511.1 640.0  603.8     396   17.944  15      7.949   25.893
48128.0 50688.0  0.0   27072.0 595456.0 178242.2 1398272.0   320690.9  5760.0 5511.1 640.0  603.8     397   17.979  15      7.949   25.928
48128.0 50688.0  0.0   27072.0 595456.0 499078.2 1398272.0   320690.9  5760.0 5511.1 640.0  603.8     397   17.979  15      7.949   25.928
47104.0 46592.0 25120.0  0.0   599552.0 167634.0 1398272.0   347786.9  5760.0 5511.1 640.0  603.8     398   18.018  15      7.949   25.967
47104.0 46592.0 25120.0  0.0   599552.0 469027.7 1398272.0   347786.9  5760.0 5511.1 640.0  603.8     398   18.018  15      7.949   25.967
45568.0 46592.0  0.0   29152.0 599552.0 131778.9 1398272.0   372930.9  5760.0 5511.1 640.0  603.8     399   18.061  15      7.949   26.010
45568.0 46592.0  0.0   29152.0 599552.0 443255.1 1398272.0   372930.9  5760.0 5511.1 640.0  603.8     399   18.061  15      7.949   26.010
44032.0 44032.0 25088.0  0.0   606720.0 109143.8 1398272.0   402114.9  5760.0 5511.1 640.0  603.8     400   18.105  15      7.949   26.054
44032.0 44032.0 25088.0  0.0   606720.0 412320.4 1398272.0   402114.9  5760.0 5511.1 640.0  603.8     400   18.105  15      7.949   26.054
42496.0 44032.0  0.0   25408.0 606720.0 48518.8  1398272.0   427226.9  5760.0 5511.1 640.0  603.8     401   18.161  15      7.949   26.110
42496.0 44032.0  0.0   25408.0 606720.0 307336.6 1398272.0   427226.9  5760.0 5511.1 640.0  603.8     401   18.161  15      7.949   26.110
42496.0 44032.0  0.0   25408.0 606720.0 513540.5 1398272.0   427226.9  5760.0 5511.1 640.0  603.8     401   18.161  15      7.949   26.110
42496.0 62976.0 42479.0  0.0   572928.0 48235.9  1398272.0   470498.9  5760.0 5511.1 640.0  603.8     402   18.231  15      7.949   26.181
42496.0 62976.0 42479.0  0.0   572928.0 332469.7 1398272.0   470498.9  5760.0 5511.1 640.0  603.8     402   18.231  15      7.949   26.181
63488.0 10752.0  0.0   10704.0 572928.0   0.0    1398272.0   488355.0  5760.0 5511.1 640.0  603.8     403   18.254  15      7.949   26.203
63488.0 10752.0  0.0   10704.0 572928.0 296459.2 1398272.0   488355.0  5760.0 5511.1 640.0  603.8     403   18.254  15      7.949   26.203
63488.0 60928.0 25152.0  0.0   574464.0 11452.6  1398272.0   498523.0  5760.0 5511.1 640.0  603.8     404   18.280  15      7.949   26.229
63488.0 60928.0 25152.0  0.0   574464.0 320673.5 1398272.0   498523.0  5760.0 5511.1 640.0  603.8     404   18.280  15      7.949   26.229
58368.0 26624.0  0.0   26208.0 574464.0 11465.5  1398272.0   522683.0  5760.0 5511.1 640.0  603.8     405   18.320  15      7.949   26.269
58368.0 26624.0  0.0   26208.0 574464.0 332498.2 1398272.0   522683.0  5760.0 5511.1 640.0  603.8     405   18.320  15      7.949   26.269
58368.0 55808.0 28160.0  0.0   577024.0   0.0    1398272.0   546859.0  5760.0 5511.1 640.0  603.8     406   18.363  15      7.949   26.312
58368.0 55808.0 28160.0  0.0   577024.0 299649.0 1398272.0   546859.0  5760.0 5511.1 640.0  603.8     406   18.363  15      7.949   26.312
58368.0 55808.0 28160.0 5056.0 577024.0 577024.0 1398272.0   551675.0  5760.0 5511.1 640.0  603.8     407   18.363  15      7.949   26.312
54272.0 55808.0  0.0   24192.0 577024.0 276729.1 1398272.0   575043.1  5760.0 5511.1 640.0  603.8     407   18.406  15      7.949   26.355
54272.0 55808.0 5056.0 24192.0 577024.0 577024.0 1398272.0   580283.1  5760.0 5511.1 640.0  603.8     408   18.406  15      7.949   26.355
54272.0 52224.0 24128.0  0.0   586752.0 258024.4 1398272.0   599283.1  5760.0 5511.1 640.0  603.8     408   18.463  15      7.949   26.412
54272.0 52224.0 24128.0  0.0   586752.0 574690.1 1398272.0   599283.1  5760.0 5511.1 640.0  603.8     409   18.463  15      7.949   26.412
50688.0 52224.0  0.0   24544.0 586752.0 203518.6 1398272.0   623459.1  5760.0 5511.1 640.0  603.8     409   18.520  15      7.949   26.469
50688.0 52224.0  0.0   24544.0 586752.0 344286.6 1398272.0   623459.1  5760.0 5511.1 640.0  603.8     409   18.520  15      7.949   26.469
50688.0 52224.0 1312.0 24544.0 586752.0 524841.4 1398272.0   627003.1  5760.0 5511.1 640.0  603.8     410   18.520  15      7.949   26.469
50688.0 50176.0 17406.9  0.0   592896.0 293623.0 1398272.0   721763.1  5760.0 5511.1 640.0  603.8     410   18.570  15      7.949   26.519
50688.0 50176.0 17406.9  0.0   592896.0 592896.0 1398272.0   721763.1  5760.0 5511.1 640.0  603.8     411   18.570  15      7.949   26.519
49664.0 50176.0  0.0   17328.0 592896.0 294895.2 1398272.0   738915.1  5760.0 5511.1 640.0  603.8     411   18.594  15      7.949   26.543
49664.0 50176.0 23136.0 17328.0 592896.0 592896.0 1398272.0   753259.2  5760.0 5511.1 640.0  603.8     412   18.594  15      7.949   26.543
46592.0 47616.0 26944.0  0.0   599040.0 298500.9 1398272.0   755723.2  5760.0 5511.1 640.0  603.8     412   18.629  15      7.949   26.578
46592.0 47616.0 26944.0 3872.0 599040.0 599040.0 1398272.0   761691.2  5760.0 5511.1 640.0  603.8     413   18.629  15      7.949   26.578
45568.0 47616.0  0.0   25280.0 599040.0 274948.8 1398272.0   782683.2  5760.0 5511.1 640.0  603.8     413   18.669  15      7.949   26.619
45568.0 47616.0  0.0   25280.0 599040.0 585760.9 1398272.0   782683.2  5760.0 5511.1 640.0  603.8     414   18.669  15      7.949   26.619
44544.0 44544.0 29216.0  0.0   605696.0 241930.3 1398272.0   807979.2  5760.0 5511.1 640.0  603.8     414   18.715  15      7.949   26.664
44544.0 44544.0 29216.0 2400.0 605696.0 605696.0 1398272.0   810339.2  5760.0 5511.1 640.0  603.8     415   18.715  15      7.949   26.664
43008.0 44544.0  0.0   25344.0 605696.0 278360.6 1398272.0   837195.2  5760.0 5511.1 640.0  603.8     415   18.761  15      7.949   26.710
43008.0 44544.0  0.0   25344.0 605696.0 593028.7 1398272.0   837195.2  5760.0 5511.1 640.0  603.8     416   18.761  15      7.949   26.710
41472.0 41472.0 25344.0  0.0   611328.0 232163.8 1398272.0   862563.2  5760.0 5511.1 640.0  603.8     416   18.815  15      7.949   26.764
41472.0 41472.0 25344.0  0.0   611328.0 513205.1 1398272.0   862563.2  5760.0 5511.1 640.0  603.8     416   18.815  15      7.949   26.764
46080.0 41472.0  0.0   41471.0 611328.0 24442.7  1398272.0   897211.2  5760.0 5511.1 640.0  603.8     417   18.887  15      7.949   26.836
46080.0 41472.0  0.0   41471.0 611328.0 206960.1 1398272.0   897211.2  5760.0 5511.1 640.0  603.8     417   18.887  15      7.949   26.836
46080.0 41472.0  0.0   41471.0 611328.0 480272.1 1398272.0   897211.2  5760.0 5511.1 640.0  603.8     417   18.887  15      7.949   26.836
46080.0 59392.0 8864.1  0.0   580096.0 139171.8 1398272.0   924443.3  5760.0 5511.1 640.0  603.8     418   18.918  15      7.949   26.867
46080.0 59392.0 8864.1  0.0   580096.0 429113.1 1398272.0   924443.3  5760.0 5511.1 640.0  603.8     418   18.918  15      7.949   26.867
57344.0 59392.0  0.0   25440.0 580096.0 127590.8 1398272.0   933027.3  5760.0 5511.1 640.0  603.8     419   18.946  15      7.949   26.895
57344.0 59392.0  0.0   25440.0 580096.0 440768.4 1398272.0   933027.3  5760.0 5511.1 640.0  603.8     419   18.946  15      7.949   26.895
50176.0 54784.0 26432.0  0.0   582144.0 128051.8 1398272.0   957459.3  5760.0 5511.1 640.0  603.8     420   18.986  15      7.949   26.935
50176.0 54784.0 26432.0  0.0   582144.0 442360.5 1398272.0   957459.3  5760.0 5511.1 640.0  603.8     420   18.986  15      7.949   26.935
52224.0 54784.0  0.0   28480.0 582144.0 104775.6 1398272.0   981867.3  5760.0 5511.1 640.0  603.8     421   19.030  15      7.949   26.979
52224.0 54784.0  0.0   28480.0 582144.0 419102.3 1398272.0   981867.3  5760.0 5511.1 640.0  603.8     421   19.030  15      7.949   26.979
47104.0 50688.0 24448.0  0.0   591872.0 94693.4  1398272.0  1010363.4  5760.0 5511.1 640.0  603.8     422   19.076  15      7.949   27.025
47104.0 50688.0 24448.0  0.0   591872.0 402447.7 1398272.0  1010363.4  5760.0 5511.1 640.0  603.8     422   19.076  15      7.949   27.025
48640.0 50688.0  0.0   24768.0 591872.0 47348.0  1398272.0  1034819.4  5760.0 5511.1 640.0  603.8     423   19.132  15      7.949   27.081
48640.0 50688.0  0.0   24768.0 591872.0 366946.1 1398272.0  1034819.4  5760.0 5511.1 640.0  603.8     423   19.132  15      7.949   27.081
44032.0 47104.0 24768.0  0.0   599552.0 11990.8  1398272.0  1059611.4  5760.0 5511.1 640.0  603.8     424   19.184  15      7.949   27.134
44032.0 47104.0 24768.0  0.0   599552.0 271987.7 1398272.0  1059611.4  5760.0 5511.1 640.0  603.8     424   19.184  15      7.949   27.134
44032.0 47104.0 24768.0  0.0   599552.0 384146.4 1398272.0  1059611.4  5760.0 5511.1 640.0  603.8     424   19.184  15      7.949   27.134
47104.0 47104.0  0.0   17102.9 599552.0   0.0    1398272.0  1146921.7  5760.0 5511.1 640.0  603.8     425   19.234  15      7.949   27.183
47104.0 47104.0  0.0   17102.9 599552.0 268090.8 1398272.0  1146921.7  5760.0 5511.1 640.0  603.8     425   19.234  15      7.949   27.183
47104.0 47104.0  0.0   17102.9 599552.0 577592.5 1398272.0  1146921.7  5760.0 5511.1 640.0  603.8     425   19.234  15      7.949   27.183
45056.0 46080.0 20464.0  0.0   604672.0 252763.7 1398272.0  1163801.8  5760.0 5511.1 640.0  603.8     426   19.262  15      7.949   27.211
45056.0 46080.0 20464.0  0.0   604672.0 553672.9 1398272.0  1163801.8  5760.0 5511.1 640.0  603.8     426   19.262  15      7.949   27.211
44544.0 46080.0  0.0   27456.0 604672.0 217014.2 1398272.0  1183521.8  5760.0 5511.1 640.0  603.8     427   19.300  15      7.949   27.249
44544.0 46080.0  0.0   27456.0 604672.0 518422.5 1398272.0  1183521.8  5760.0 5511.1 640.0  603.8     427   19.300  15      7.949   27.249
41984.0 43008.0 25504.0  0.0   608256.0 145690.4 1398272.0  1210993.9  5760.0 5511.1 640.0  603.8     428   19.354  15      7.949   27.303
41984.0 43008.0 25504.0  0.0   608256.0 451260.3 1398272.0  1210993.9  5760.0 5511.1 640.0  603.8     428   19.354  15      7.949   27.303
42496.0 43008.0  0.0   29568.0 608256.0 85045.7  1398272.0  1236537.9  5760.0 5511.1 640.0  603.8     429   19.407  15      7.949   27.356
42496.0 43008.0  0.0   29568.0 608256.0 400929.5 1398272.0  1236537.9  5760.0 5511.1 640.0  603.8     429   19.407  15      7.949   27.356
38912.0 40960.0 25472.0  0.0   613376.0 36771.8  1398272.0  1266105.9  5760.0 5511.1 640.0  603.8     430   19.463  15      7.949   27.413
38912.0 40960.0 25472.0  0.0   613376.0 355459.5 1398272.0  1266105.9  5760.0 5511.1 640.0  603.8     430   19.463  15      7.949   27.413
38912.0 40960.0 25472.0 19008.0 613376.0 613376.0 1398272.0  1284937.9  5760.0 5511.1 640.0  603.8     431   19.463  15      7.949   27.413
39424.0 40960.0  0.0   25696.0 613376.0 294259.2 1398272.0  1291585.9  5760.0 5511.1 640.0  603.8     431   19.524  15      7.949   27.473
39424.0 40960.0  0.0   25696.0 613376.0 514953.6 1398272.0  1291585.9  5760.0 5511.1 640.0  603.8     431   19.524  15      7.949   27.473
39424.0 40960.0 39423.0 25696.0 613376.0 589340.7 1398272.0  1312465.9  5760.0 5511.1 640.0  603.8     432   19.524  15      7.949   27.473
39424.0 60416.0 39423.0  0.0   578048.0 332389.7 1398272.0  1338657.9  5760.0 5511.1 640.0  603.8     432   19.602  15      7.949   27.552
39424.0 60416.0 39423.0  0.0   578048.0 525258.6 1398272.0  1338657.9  5760.0 5511.1 640.0  603.8     432   19.602  15      7.949   27.552
61440.0 11264.0  0.0    0.0   578048.0 137049.2 1260544.0   12382.4   5760.0 5511.1 640.0  603.8     433   19.629  16      8.020   27.649
61440.0 11264.0  0.0    0.0   578048.0 445410.1 1260544.0   12382.4   5760.0 5511.1 640.0  603.8     433   19.629  16      8.020   27.649
61440.0 58880.0 25376.0  0.0   578560.0 149239.8 1260544.0   12382.4   5760.0 5511.1 640.0  603.8     434   19.649  16      8.020   27.669
61440.0 58880.0 25376.0  0.0   578560.0 470680.2 1260544.0   12382.4   5760.0 5511.1 640.0  603.8     434   19.649  16      8.020   27.669
56832.0 26624.0  0.0   26368.0 578560.0 149654.9 1260544.0   36758.4   5760.0 5511.1 640.0  603.8     435   19.688  16      8.020   27.707
